<?xml version="1.0" encoding="ISO-8859-1" ?>
<link_info>
   <banner>TI ARM Linker PC v18.12.4.LTS</banner>
   <copyright>Copyright (c) 1996-2018 Texas Instruments Incorporated</copyright>
   <link_time>0x6067c753</link_time>
   <link_errors>0x0</link_errors>
   <output_file>CC_2021_04x_v1.out</output_file>
   <entry_point>
      <name>_c_int00</name>
      <address>0x12060</address>
   </entry_point>
   <input_file_list>
      <input_file id="fl-2">
         <path>.\source\KaanSat_Lib\</path>
         <kind>object</kind>
         <file>Commands.obj</file>
         <name>Commands.obj</name>
      </input_file>
      <input_file id="fl-3">
         <path>.\source\KaanSat_Lib\</path>
         <kind>object</kind>
         <file>Utilities.obj</file>
         <name>Utilities.obj</name>
      </input_file>
      <input_file id="fl-4">
         <path>.\source\</path>
         <kind>object</kind>
         <file>dabort.obj</file>
         <name>dabort.obj</name>
      </input_file>
      <input_file id="fl-5">
         <path>.\source\</path>
         <kind>object</kind>
         <file>errata_SSWF021_45.obj</file>
         <name>errata_SSWF021_45.obj</name>
      </input_file>
      <input_file id="fl-6">
         <path>.\source\</path>
         <kind>object</kind>
         <file>esm.obj</file>
         <name>esm.obj</name>
      </input_file>
      <input_file id="fl-7">
         <path>.\source\</path>
         <kind>object</kind>
         <file>gio.obj</file>
         <name>gio.obj</name>
      </input_file>
      <input_file id="fl-8">
         <path>.\source\</path>
         <kind>object</kind>
         <file>notification.obj</file>
         <name>notification.obj</name>
      </input_file>
      <input_file id="fl-9">
         <path>.\source\</path>
         <kind>object</kind>
         <file>os_croutine.obj</file>
         <name>os_croutine.obj</name>
      </input_file>
      <input_file id="fl-a">
         <path>.\source\</path>
         <kind>object</kind>
         <file>os_event_groups.obj</file>
         <name>os_event_groups.obj</name>
      </input_file>
      <input_file id="fl-b">
         <path>.\source\</path>
         <kind>object</kind>
         <file>os_heap.obj</file>
         <name>os_heap.obj</name>
      </input_file>
      <input_file id="fl-c">
         <path>.\source\</path>
         <kind>object</kind>
         <file>os_list.obj</file>
         <name>os_list.obj</name>
      </input_file>
      <input_file id="fl-d">
         <path>.\source\</path>
         <kind>object</kind>
         <file>os_mpu_wrappers.obj</file>
         <name>os_mpu_wrappers.obj</name>
      </input_file>
      <input_file id="fl-e">
         <path>.\source\</path>
         <kind>object</kind>
         <file>os_port.obj</file>
         <name>os_port.obj</name>
      </input_file>
      <input_file id="fl-f">
         <path>.\source\</path>
         <kind>object</kind>
         <file>os_portasm.obj</file>
         <name>os_portasm.obj</name>
      </input_file>
      <input_file id="fl-10">
         <path>.\source\</path>
         <kind>object</kind>
         <file>os_queue.obj</file>
         <name>os_queue.obj</name>
      </input_file>
      <input_file id="fl-11">
         <path>.\source\</path>
         <kind>object</kind>
         <file>os_tasks.obj</file>
         <name>os_tasks.obj</name>
      </input_file>
      <input_file id="fl-12">
         <path>.\source\</path>
         <kind>object</kind>
         <file>os_timer.obj</file>
         <name>os_timer.obj</name>
      </input_file>
      <input_file id="fl-13">
         <path>.\source\</path>
         <kind>object</kind>
         <file>pinmux.obj</file>
         <name>pinmux.obj</name>
      </input_file>
      <input_file id="fl-14">
         <path>.\source\</path>
         <kind>object</kind>
         <file>sci.obj</file>
         <name>sci.obj</name>
      </input_file>
      <input_file id="fl-15">
         <path>.\source\</path>
         <kind>object</kind>
         <file>sys_core.obj</file>
         <name>sys_core.obj</name>
      </input_file>
      <input_file id="fl-16">
         <path>.\source\</path>
         <kind>object</kind>
         <file>sys_intvecs.obj</file>
         <name>sys_intvecs.obj</name>
      </input_file>
      <input_file id="fl-17">
         <path>.\source\</path>
         <kind>object</kind>
         <file>sys_main.obj</file>
         <name>sys_main.obj</name>
      </input_file>
      <input_file id="fl-18">
         <path>.\source\</path>
         <kind>object</kind>
         <file>sys_mpu.obj</file>
         <name>sys_mpu.obj</name>
      </input_file>
      <input_file id="fl-19">
         <path>.\source\</path>
         <kind>object</kind>
         <file>sys_pcr.obj</file>
         <name>sys_pcr.obj</name>
      </input_file>
      <input_file id="fl-1a">
         <path>.\source\</path>
         <kind>object</kind>
         <file>sys_phantom.obj</file>
         <name>sys_phantom.obj</name>
      </input_file>
      <input_file id="fl-1b">
         <path>.\source\</path>
         <kind>object</kind>
         <file>sys_pmu.obj</file>
         <name>sys_pmu.obj</name>
      </input_file>
      <input_file id="fl-1c">
         <path>.\source\</path>
         <kind>object</kind>
         <file>sys_selftest.obj</file>
         <name>sys_selftest.obj</name>
      </input_file>
      <input_file id="fl-1d">
         <path>.\source\</path>
         <kind>object</kind>
         <file>sys_startup.obj</file>
         <name>sys_startup.obj</name>
      </input_file>
      <input_file id="fl-1e">
         <path>.\source\</path>
         <kind>object</kind>
         <file>sys_vim.obj</file>
         <name>sys_vim.obj</name>
      </input_file>
      <input_file id="fl-1f">
         <path>.\source\</path>
         <kind>object</kind>
         <file>system.obj</file>
         <name>system.obj</name>
      </input_file>
      <input_file id="fl-23">
         <kind>object</kind>
         <file>&lt;internal&gt;</file>
         <name>&lt;internal&gt;</name>
      </input_file>
      <input_file id="fl-d9">
         <path>C:\ti\ccs930\ccs\tools\compiler\ti-cgt-arm_18.12.4.LTS\lib\</path>
         <kind>archive</kind>
         <file>rtsv7R4_A_be_eabi.lib</file>
         <name>e_pow.c.obj</name>
      </input_file>
      <input_file id="fl-da">
         <path>C:\ti\ccs930\ccs\tools\compiler\ti-cgt-arm_18.12.4.LTS\lib\</path>
         <kind>archive</kind>
         <file>rtsv7R4_A_be_eabi.lib</file>
         <name>e_sqrt.c.obj</name>
      </input_file>
      <input_file id="fl-db">
         <path>C:\ti\ccs930\ccs\tools\compiler\ti-cgt-arm_18.12.4.LTS\lib\</path>
         <kind>archive</kind>
         <file>rtsv7R4_A_be_eabi.lib</file>
         <name>s_floor.c.obj</name>
      </input_file>
      <input_file id="fl-dc">
         <path>C:\ti\ccs930\ccs\tools\compiler\ti-cgt-arm_18.12.4.LTS\lib\</path>
         <kind>archive</kind>
         <file>rtsv7R4_A_be_eabi.lib</file>
         <name>s_scalbn.c.obj</name>
      </input_file>
      <input_file id="fl-dd">
         <path>C:\ti\ccs930\ccs\tools\compiler\ti-cgt-arm_18.12.4.LTS\lib\</path>
         <kind>archive</kind>
         <file>rtsv7R4_A_be_eabi.lib</file>
         <name>sprintf.c.obj</name>
      </input_file>
      <input_file id="fl-de">
         <path>C:\ti\ccs930\ccs\tools\compiler\ti-cgt-arm_18.12.4.LTS\lib\</path>
         <kind>archive</kind>
         <file>rtsv7R4_A_be_eabi.lib</file>
         <name>s_copysign.c.obj</name>
      </input_file>
      <input_file id="fl-df">
         <path>C:\ti\ccs930\ccs\tools\compiler\ti-cgt-arm_18.12.4.LTS\lib\</path>
         <kind>archive</kind>
         <file>rtsv7R4_A_be_eabi.lib</file>
         <name>memset32.asm.obj</name>
      </input_file>
      <input_file id="fl-e0">
         <path>C:\ti\ccs930\ccs\tools\compiler\ti-cgt-arm_18.12.4.LTS\lib\</path>
         <kind>archive</kind>
         <file>rtsv7R4_A_be_eabi.lib</file>
         <name>u_div32.asm.obj</name>
      </input_file>
      <input_file id="fl-e1">
         <path>C:\ti\ccs930\ccs\tools\compiler\ti-cgt-arm_18.12.4.LTS\lib\</path>
         <kind>archive</kind>
         <file>rtsv7R4_A_be_eabi.lib</file>
         <name>fd_add32.asm.obj</name>
      </input_file>
      <input_file id="fl-e2">
         <path>C:\ti\ccs930\ccs\tools\compiler\ti-cgt-arm_18.12.4.LTS\lib\</path>
         <kind>archive</kind>
         <file>rtsv7R4_A_be_eabi.lib</file>
         <name>fd_cmp32.asm.obj</name>
      </input_file>
      <input_file id="fl-e3">
         <path>C:\ti\ccs930\ccs\tools\compiler\ti-cgt-arm_18.12.4.LTS\lib\</path>
         <kind>archive</kind>
         <file>rtsv7R4_A_be_eabi.lib</file>
         <name>fd_div32.asm.obj</name>
      </input_file>
      <input_file id="fl-e4">
         <path>C:\ti\ccs930\ccs\tools\compiler\ti-cgt-arm_18.12.4.LTS\lib\</path>
         <kind>archive</kind>
         <file>rtsv7R4_A_be_eabi.lib</file>
         <name>fd_mul32.asm.obj</name>
      </input_file>
      <input_file id="fl-e5">
         <path>C:\ti\ccs930\ccs\tools\compiler\ti-cgt-arm_18.12.4.LTS\lib\</path>
         <kind>archive</kind>
         <file>rtsv7R4_A_be_eabi.lib</file>
         <name>fd_toi32.asm.obj</name>
      </input_file>
      <input_file id="fl-e6">
         <path>C:\ti\ccs930\ccs\tools\compiler\ti-cgt-arm_18.12.4.LTS\lib\</path>
         <kind>archive</kind>
         <file>rtsv7R4_A_be_eabi.lib</file>
         <name>fd_tos32.asm.obj</name>
      </input_file>
      <input_file id="fl-e7">
         <path>C:\ti\ccs930\ccs\tools\compiler\ti-cgt-arm_18.12.4.LTS\lib\</path>
         <kind>archive</kind>
         <file>rtsv7R4_A_be_eabi.lib</file>
         <name>fd_tou32.asm.obj</name>
      </input_file>
      <input_file id="fl-e8">
         <path>C:\ti\ccs930\ccs\tools\compiler\ti-cgt-arm_18.12.4.LTS\lib\</path>
         <kind>archive</kind>
         <file>rtsv7R4_A_be_eabi.lib</file>
         <name>fs_add32.asm.obj</name>
      </input_file>
      <input_file id="fl-e9">
         <path>C:\ti\ccs930\ccs\tools\compiler\ti-cgt-arm_18.12.4.LTS\lib\</path>
         <kind>archive</kind>
         <file>rtsv7R4_A_be_eabi.lib</file>
         <name>fs_tod32.asm.obj</name>
      </input_file>
      <input_file id="fl-ea">
         <path>C:\ti\ccs930\ccs\tools\compiler\ti-cgt-arm_18.12.4.LTS\lib\</path>
         <kind>archive</kind>
         <file>rtsv7R4_A_be_eabi.lib</file>
         <name>fs_toi32.asm.obj</name>
      </input_file>
      <input_file id="fl-eb">
         <path>C:\ti\ccs930\ccs\tools\compiler\ti-cgt-arm_18.12.4.LTS\lib\</path>
         <kind>archive</kind>
         <file>rtsv7R4_A_be_eabi.lib</file>
         <name>i_tofd32.asm.obj</name>
      </input_file>
      <input_file id="fl-ec">
         <path>C:\ti\ccs930\ccs\tools\compiler\ti-cgt-arm_18.12.4.LTS\lib\</path>
         <kind>archive</kind>
         <file>rtsv7R4_A_be_eabi.lib</file>
         <name>i_tofs32.asm.obj</name>
      </input_file>
      <input_file id="fl-ed">
         <path>C:\ti\ccs930\ccs\tools\compiler\ti-cgt-arm_18.12.4.LTS\lib\</path>
         <kind>archive</kind>
         <file>rtsv7R4_A_be_eabi.lib</file>
         <name>memcpy32.asm.obj</name>
      </input_file>
      <input_file id="fl-ee">
         <path>C:\ti\ccs930\ccs\tools\compiler\ti-cgt-arm_18.12.4.LTS\lib\</path>
         <kind>archive</kind>
         <file>rtsv7R4_A_be_eabi.lib</file>
         <name>u_tofd32.asm.obj</name>
      </input_file>
      <input_file id="fl-ef">
         <path>C:\ti\ccs930\ccs\tools\compiler\ti-cgt-arm_18.12.4.LTS\lib\</path>
         <kind>archive</kind>
         <file>rtsv7R4_A_be_eabi.lib</file>
         <name>autoinit.c.obj</name>
      </input_file>
      <input_file id="fl-f0">
         <path>C:\ti\ccs930\ccs\tools\compiler\ti-cgt-arm_18.12.4.LTS\lib\</path>
         <kind>archive</kind>
         <file>rtsv7R4_A_be_eabi.lib</file>
         <name>cpy_tbl.c.obj</name>
      </input_file>
      <input_file id="fl-f1">
         <path>C:\ti\ccs930\ccs\tools\compiler\ti-cgt-arm_18.12.4.LTS\lib\</path>
         <kind>archive</kind>
         <file>rtsv7R4_A_be_eabi.lib</file>
         <name>copy_zero_init.c.obj</name>
      </input_file>
      <input_file id="fl-f2">
         <path>C:\ti\ccs930\ccs\tools\compiler\ti-cgt-arm_18.12.4.LTS\lib\</path>
         <kind>archive</kind>
         <file>rtsv7R4_A_be_eabi.lib</file>
         <name>copy_decompress_none.c.obj</name>
      </input_file>
      <input_file id="fl-f3">
         <path>C:\ti\ccs930\ccs\tools\compiler\ti-cgt-arm_18.12.4.LTS\lib\</path>
         <kind>archive</kind>
         <file>rtsv7R4_A_be_eabi.lib</file>
         <name>copy_decompress_lzss.c.obj</name>
      </input_file>
      <input_file id="fl-f4">
         <path>C:\ti\ccs930\ccs\tools\compiler\ti-cgt-arm_18.12.4.LTS\lib\</path>
         <kind>archive</kind>
         <file>rtsv7R4_A_be_eabi.lib</file>
         <name>exit.c.obj</name>
      </input_file>
      <input_file id="fl-f5">
         <path>C:\ti\ccs930\ccs\tools\compiler\ti-cgt-arm_18.12.4.LTS\lib\</path>
         <kind>archive</kind>
         <file>rtsv7R4_A_be_eabi.lib</file>
         <name>_lock.c.obj</name>
      </input_file>
      <input_file id="fl-f6">
         <path>C:\ti\ccs930\ccs\tools\compiler\ti-cgt-arm_18.12.4.LTS\lib\</path>
         <kind>archive</kind>
         <file>rtsv7R4_A_be_eabi.lib</file>
         <name>atof.c.obj</name>
      </input_file>
      <input_file id="fl-f7">
         <path>C:\ti\ccs930\ccs\tools\compiler\ti-cgt-arm_18.12.4.LTS\lib\</path>
         <kind>archive</kind>
         <file>rtsv7R4_A_be_eabi.lib</file>
         <name>strcmp.c.obj</name>
      </input_file>
      <input_file id="fl-f8">
         <path>C:\ti\ccs930\ccs\tools\compiler\ti-cgt-arm_18.12.4.LTS\lib\</path>
         <kind>archive</kind>
         <file>rtsv7R4_A_be_eabi.lib</file>
         <name>strcpy.c.obj</name>
      </input_file>
      <input_file id="fl-f9">
         <path>C:\ti\ccs930\ccs\tools\compiler\ti-cgt-arm_18.12.4.LTS\lib\</path>
         <kind>archive</kind>
         <file>rtsv7R4_A_be_eabi.lib</file>
         <name>strlen.c.obj</name>
      </input_file>
      <input_file id="fl-fa">
         <path>C:\ti\ccs930\ccs\tools\compiler\ti-cgt-arm_18.12.4.LTS\lib\</path>
         <kind>archive</kind>
         <file>rtsv7R4_A_be_eabi.lib</file>
         <name>strtod.c.obj</name>
      </input_file>
      <input_file id="fl-fb">
         <path>C:\ti\ccs930\ccs\tools\compiler\ti-cgt-arm_18.12.4.LTS\lib\</path>
         <kind>archive</kind>
         <file>rtsv7R4_A_be_eabi.lib</file>
         <name>strtok.c.obj</name>
      </input_file>
      <input_file id="fl-fc">
         <path>C:\ti\ccs930\ccs\tools\compiler\ti-cgt-arm_18.12.4.LTS\lib\</path>
         <kind>archive</kind>
         <file>rtsv7R4_A_be_eabi.lib</file>
         <name>errno.c.obj</name>
      </input_file>
      <input_file id="fl-fd">
         <path>C:\ti\ccs930\ccs\tools\compiler\ti-cgt-arm_18.12.4.LTS\lib\</path>
         <kind>archive</kind>
         <file>rtsv7R4_A_be_eabi.lib</file>
         <name>_printfi.c.obj</name>
      </input_file>
      <input_file id="fl-fe">
         <path>C:\ti\ccs930\ccs\tools\compiler\ti-cgt-arm_18.12.4.LTS\lib\</path>
         <kind>archive</kind>
         <file>rtsv7R4_A_be_eabi.lib</file>
         <name>div0.asm.obj</name>
      </input_file>
      <input_file id="fl-ff">
         <path>C:\ti\ccs930\ccs\tools\compiler\ti-cgt-arm_18.12.4.LTS\lib\</path>
         <kind>archive</kind>
         <file>rtsv7R4_A_be_eabi.lib</file>
         <name>ull_div32.asm.obj</name>
      </input_file>
      <input_file id="fl-100">
         <path>C:\ti\ccs930\ccs\tools\compiler\ti-cgt-arm_18.12.4.LTS\lib\</path>
         <kind>archive</kind>
         <file>rtsv7R4_A_be_eabi.lib</file>
         <name>atoi.c.obj</name>
      </input_file>
      <input_file id="fl-101">
         <path>C:\ti\ccs930\ccs\tools\compiler\ti-cgt-arm_18.12.4.LTS\lib\</path>
         <kind>archive</kind>
         <file>rtsv7R4_A_be_eabi.lib</file>
         <name>ctype.c.obj</name>
      </input_file>
      <input_file id="fl-102">
         <path>C:\ti\ccs930\ccs\tools\compiler\ti-cgt-arm_18.12.4.LTS\lib\</path>
         <kind>archive</kind>
         <file>rtsv7R4_A_be_eabi.lib</file>
         <name>ltoa.c.obj</name>
      </input_file>
      <input_file id="fl-103">
         <path>C:\ti\ccs930\ccs\tools\compiler\ti-cgt-arm_18.12.4.LTS\lib\</path>
         <kind>archive</kind>
         <file>rtsv7R4_A_be_eabi.lib</file>
         <name>memccpy.c.obj</name>
      </input_file>
      <input_file id="fl-104">
         <path>C:\ti\ccs930\ccs\tools\compiler\ti-cgt-arm_18.12.4.LTS\lib\</path>
         <kind>archive</kind>
         <file>rtsv7R4_A_be_eabi.lib</file>
         <name>strchr.c.obj</name>
      </input_file>
      <input_file id="fl-105">
         <path>C:\ti\ccs930\ccs\tools\compiler\ti-cgt-arm_18.12.4.LTS\lib\</path>
         <kind>archive</kind>
         <file>rtsv7R4_A_be_eabi.lib</file>
         <name>strcspn.c.obj</name>
      </input_file>
      <input_file id="fl-106">
         <path>C:\ti\ccs930\ccs\tools\compiler\ti-cgt-arm_18.12.4.LTS\lib\</path>
         <kind>archive</kind>
         <file>rtsv7R4_A_be_eabi.lib</file>
         <name>strspn.c.obj</name>
      </input_file>
      <input_file id="fl-107">
         <path>C:\ti\ccs930\ccs\tools\compiler\ti-cgt-arm_18.12.4.LTS\lib\</path>
         <kind>archive</kind>
         <file>rtsv7R4_A_be_eabi.lib</file>
         <name>wcslen.c.obj</name>
      </input_file>
      <input_file id="fl-108">
         <path>C:\ti\ccs930\ccs\tools\compiler\ti-cgt-arm_18.12.4.LTS\lib\</path>
         <kind>archive</kind>
         <file>rtsv7R4_A_be_eabi.lib</file>
         <name>s_frexp.c.obj</name>
      </input_file>
      <input_file id="fl-109">
         <path>C:\ti\ccs930\ccs\tools\compiler\ti-cgt-arm_18.12.4.LTS\lib\</path>
         <kind>archive</kind>
         <file>rtsv7R4_A_be_eabi.lib</file>
         <name>i_div32.asm.obj</name>
      </input_file>
   </input_file_list>
   <object_component_list>
      <object_component id="oc-30">
         <name>.intvecs</name>
         <load_address>0x0</load_address>
         <run_address>0x0</run_address>
         <size>0x20</size>
         <input_file_ref idref="fl-16"/>
      </object_component>
      <object_component id="oc-141">
         <name>.kernelTEXT</name>
         <load_address>0x20</load_address>
         <run_address>0x20</run_address>
         <size>0x2bdc</size>
         <input_file_ref idref="fl-11"/>
      </object_component>
      <object_component id="oc-24d">
         <name>.kernelTEXT</name>
         <load_address>0x2bfc</load_address>
         <run_address>0x2bfc</run_address>
         <size>0x11dc</size>
         <input_file_ref idref="fl-10"/>
      </object_component>
      <object_component id="oc-253">
         <name>.kernelTEXT</name>
         <load_address>0x3dd8</load_address>
         <run_address>0x3dd8</run_address>
         <size>0x81c</size>
         <input_file_ref idref="fl-a"/>
      </object_component>
      <object_component id="oc-27b">
         <name>.kernelTEXT</name>
         <load_address>0x45f4</load_address>
         <run_address>0x45f4</run_address>
         <size>0x3bc</size>
         <input_file_ref idref="fl-e"/>
      </object_component>
      <object_component id="oc-a2">
         <name>.kernelTEXT</name>
         <load_address>0x49b0</load_address>
         <run_address>0x49b0</run_address>
         <size>0x3b0</size>
         <input_file_ref idref="fl-f"/>
      </object_component>
      <object_component id="oc-26f">
         <name>.kernelTEXT</name>
         <load_address>0x4d60</load_address>
         <run_address>0x4d60</run_address>
         <size>0x380</size>
         <input_file_ref idref="fl-b"/>
      </object_component>
      <object_component id="oc-5be">
         <name>.cinit..data.load</name>
         <load_address>0x50e0</load_address>
         <run_address>0x50e0</run_address>
         <size>0x4f</size>
      </object_component>
      <object_component id="oc-5b9">
         <name>__TI_handler_table</name>
         <load_address>0x5130</load_address>
         <run_address>0x5130</run_address>
         <size>0xc</size>
      </object_component>
      <object_component id="oc-5bb">
         <name>.cinit..kernelBSS.load</name>
         <load_address>0x513c</load_address>
         <run_address>0x513c</run_address>
         <size>0x9</size>
      </object_component>
      <object_component id="oc-5bd">
         <name>.cinit..bss.load</name>
         <load_address>0x5148</load_address>
         <run_address>0x5148</run_address>
         <size>0x8</size>
      </object_component>
      <object_component id="oc-5bc">
         <name>.cinit..kernelHEAP.load</name>
         <load_address>0x5150</load_address>
         <run_address>0x5150</run_address>
         <size>0x8</size>
      </object_component>
      <object_component id="oc-5ba">
         <name>__TI_cinit_table</name>
         <load_address>0x5158</load_address>
         <run_address>0x5158</run_address>
         <size>0x20</size>
      </object_component>
      <object_component id="oc-81">
         <name>.text</name>
         <load_address>0x8020</load_address>
         <run_address>0x8020</run_address>
         <size>0x24f0</size>
         <input_file_ref idref="fl-1c"/>
      </object_component>
      <object_component id="oc-28c">
         <name>.text:__TI_printfi</name>
         <load_address>0xa510</load_address>
         <run_address>0xa510</run_address>
         <size>0xff0</size>
         <input_file_ref idref="fl-fd"/>
      </object_component>
      <object_component id="oc-15d">
         <name>.text:pow</name>
         <load_address>0xb500</load_address>
         <run_address>0xb500</run_address>
         <size>0xe8c</size>
         <input_file_ref idref="fl-d9"/>
      </object_component>
      <object_component id="oc-7b">
         <name>.text</name>
         <load_address>0xc38c</load_address>
         <run_address>0xc38c</run_address>
         <size>0xaa0</size>
         <input_file_ref idref="fl-1f"/>
      </object_component>
      <object_component id="oc-13b">
         <name>.text</name>
         <load_address>0xce2c</load_address>
         <run_address>0xce2c</run_address>
         <size>0x9a0</size>
         <input_file_ref idref="fl-d"/>
      </object_component>
      <object_component id="oc-3c">
         <name>.text</name>
         <load_address>0xd7cc</load_address>
         <run_address>0xd7cc</run_address>
         <size>0x89c</size>
         <input_file_ref idref="fl-1e"/>
      </object_component>
      <object_component id="oc-135">
         <name>.text</name>
         <load_address>0xe068</load_address>
         <run_address>0xe068</run_address>
         <size>0x6e4</size>
         <input_file_ref idref="fl-14"/>
      </object_component>
      <object_component id="oc-6f">
         <name>.text</name>
         <load_address>0xe74c</load_address>
         <run_address>0xe74c</run_address>
         <size>0x664</size>
         <input_file_ref idref="fl-5"/>
      </object_component>
      <object_component id="oc-482">
         <name>.text:strtod</name>
         <load_address>0xedb0</load_address>
         <run_address>0xedb0</run_address>
         <size>0x664</size>
         <input_file_ref idref="fl-fa"/>
      </object_component>
      <object_component id="oc-16d">
         <name>.text</name>
         <load_address>0xf414</load_address>
         <run_address>0xf414</run_address>
         <size>0x648</size>
         <input_file_ref idref="fl-2"/>
      </object_component>
      <object_component id="oc-87">
         <name>.text</name>
         <load_address>0xfa5c</load_address>
         <run_address>0xfa5c</run_address>
         <size>0x5bc</size>
         <input_file_ref idref="fl-6"/>
      </object_component>
      <object_component id="oc-14d">
         <name>.text</name>
         <load_address>0x10018</load_address>
         <run_address>0x10018</run_address>
         <size>0x3a4</size>
         <input_file_ref idref="fl-3"/>
      </object_component>
      <object_component id="oc-2a">
         <name>.text:retain</name>
         <load_address>0x103bc</load_address>
         <run_address>0x103bc</run_address>
         <size>0x384</size>
         <input_file_ref idref="fl-14"/>
      </object_component>
      <object_component id="oc-12f">
         <name>.text</name>
         <load_address>0x10740</load_address>
         <run_address>0x10740</run_address>
         <size>0x36c</size>
         <input_file_ref idref="fl-7"/>
      </object_component>
      <object_component id="oc-406">
         <name>.text:_pconv_a</name>
         <load_address>0x10aac</load_address>
         <run_address>0x10aac</run_address>
         <size>0x364</size>
         <input_file_ref idref="fl-fd"/>
      </object_component>
      <object_component id="oc-8e">
         <name>.text</name>
         <load_address>0x10e10</load_address>
         <run_address>0x10e10</run_address>
         <size>0x2f0</size>
         <input_file_ref idref="fl-17"/>
      </object_component>
      <object_component id="oc-6a">
         <name>.text</name>
         <load_address>0x11100</load_address>
         <run_address>0x11100</run_address>
         <size>0x2d0</size>
         <input_file_ref idref="fl-15"/>
      </object_component>
      <object_component id="oc-3f4">
         <name>.text:_pconv_g</name>
         <load_address>0x113d0</load_address>
         <run_address>0x113d0</run_address>
         <size>0x2c0</size>
         <input_file_ref idref="fl-fd"/>
      </object_component>
      <object_component id="oc-4e7">
         <name>.text</name>
         <load_address>0x11690</load_address>
         <run_address>0x11690</run_address>
         <size>0x2b8</size>
         <input_file_ref idref="fl-ff"/>
      </object_component>
      <object_component id="oc-3c5">
         <name>.text</name>
         <load_address>0x11948</load_address>
         <run_address>0x11948</run_address>
         <size>0x278</size>
         <input_file_ref idref="fl-b"/>
      </object_component>
      <object_component id="oc-3b">
         <name>.text:retain</name>
         <load_address>0x11bc0</load_address>
         <run_address>0x11bc0</run_address>
         <size>0x268</size>
         <input_file_ref idref="fl-1e"/>
      </object_component>
      <object_component id="oc-275">
         <name>.text</name>
         <load_address>0x11e28</load_address>
         <run_address>0x11e28</run_address>
         <size>0x238</size>
         <input_file_ref idref="fl-c"/>
      </object_component>
      <object_component id="oc-1b">
         <name>.text:retain</name>
         <load_address>0x12060</load_address>
         <run_address>0x12060</run_address>
         <size>0x21c</size>
         <input_file_ref idref="fl-1d"/>
      </object_component>
      <object_component id="oc-163">
         <name>.text</name>
         <load_address>0x1227c</load_address>
         <run_address>0x1227c</run_address>
         <size>0x214</size>
         <input_file_ref idref="fl-e1"/>
      </object_component>
      <object_component id="oc-2f1">
         <name>.text:sqrt</name>
         <load_address>0x12490</load_address>
         <run_address>0x12490</run_address>
         <size>0x1ec</size>
         <input_file_ref idref="fl-da"/>
      </object_component>
      <object_component id="oc-3d5">
         <name>.text</name>
         <load_address>0x1267c</load_address>
         <run_address>0x1267c</run_address>
         <size>0x1b4</size>
         <input_file_ref idref="fl-e"/>
      </object_component>
      <object_component id="oc-400">
         <name>.text:_pconv_e</name>
         <load_address>0x12830</load_address>
         <run_address>0x12830</run_address>
         <size>0x1b0</size>
         <input_file_ref idref="fl-fd"/>
      </object_component>
      <object_component id="oc-500">
         <name>.text:fcvt</name>
         <load_address>0x129e0</load_address>
         <run_address>0x129e0</run_address>
         <size>0x1ac</size>
         <input_file_ref idref="fl-fd"/>
      </object_component>
      <object_component id="oc-158">
         <name>.text</name>
         <load_address>0x12b8c</load_address>
         <run_address>0x12b8c</run_address>
         <size>0x190</size>
         <input_file_ref idref="fl-e3"/>
      </object_component>
      <object_component id="oc-52">
         <name>.text</name>
         <load_address>0x12d1c</load_address>
         <run_address>0x12d1c</run_address>
         <size>0x180</size>
         <input_file_ref idref="fl-ed"/>
      </object_component>
      <object_component id="oc-247">
         <name>.text</name>
         <load_address>0x12e9c</load_address>
         <run_address>0x12e9c</run_address>
         <size>0x164</size>
         <input_file_ref idref="fl-11"/>
      </object_component>
      <object_component id="oc-23b">
         <name>.text:floor</name>
         <load_address>0x13000</load_address>
         <run_address>0x13000</run_address>
         <size>0x158</size>
         <input_file_ref idref="fl-db"/>
      </object_component>
      <object_component id="oc-e9">
         <name>.text</name>
         <load_address>0x13158</load_address>
         <run_address>0x13158</run_address>
         <size>0x150</size>
         <input_file_ref idref="fl-13"/>
      </object_component>
      <object_component id="oc-2b4">
         <name>.text</name>
         <load_address>0x132a8</load_address>
         <run_address>0x132a8</run_address>
         <size>0x134</size>
         <input_file_ref idref="fl-e8"/>
      </object_component>
      <object_component id="oc-2be">
         <name>.text</name>
         <load_address>0x133dc</load_address>
         <run_address>0x133dc</run_address>
         <size>0x128</size>
         <input_file_ref idref="fl-e4"/>
      </object_component>
      <object_component id="oc-307">
         <name>.text:scalbn</name>
         <load_address>0x13504</load_address>
         <run_address>0x13504</run_address>
         <size>0x120</size>
         <input_file_ref idref="fl-dc"/>
      </object_component>
      <object_component id="oc-3ee">
         <name>.text:_ltostr</name>
         <load_address>0x13624</load_address>
         <run_address>0x13624</run_address>
         <size>0x115</size>
         <input_file_ref idref="fl-fd"/>
      </object_component>
      <object_component id="oc-21">
         <name>.text:retain</name>
         <load_address>0x1373c</load_address>
         <run_address>0x1373c</run_address>
         <size>0xec</size>
         <input_file_ref idref="fl-6"/>
      </object_component>
      <object_component id="oc-ae">
         <name>.text</name>
         <load_address>0x13828</load_address>
         <run_address>0x13828</run_address>
         <size>0xe8</size>
         <input_file_ref idref="fl-4"/>
      </object_component>
      <object_component id="oc-2fd">
         <name>.text:__aeabi_cdcmple</name>
         <load_address>0x13910</load_address>
         <run_address>0x13910</run_address>
         <size>0xe0</size>
         <input_file_ref idref="fl-e2"/>
      </object_component>
      <object_component id="oc-302">
         <name>.text:__aeabi_cdrcmple</name>
         <load_address>0x139f0</load_address>
         <run_address>0x139f0</run_address>
         <size>0xe0</size>
         <input_file_ref idref="fl-e2"/>
      </object_component>
      <object_component id="oc-f1">
         <name>.text</name>
         <load_address>0x13ad0</load_address>
         <run_address>0x13ad0</run_address>
         <size>0xe0</size>
         <input_file_ref idref="fl-1b"/>
      </object_component>
      <object_component id="oc-4f9">
         <name>.text:_mcpy</name>
         <load_address>0x13bb0</load_address>
         <run_address>0x13bb0</run_address>
         <size>0xc8</size>
         <input_file_ref idref="fl-fd"/>
      </object_component>
      <object_component id="oc-db">
         <name>.text</name>
         <load_address>0x13c78</load_address>
         <run_address>0x13c78</run_address>
         <size>0xb0</size>
         <input_file_ref idref="fl-df"/>
      </object_component>
      <object_component id="oc-168">
         <name>.text</name>
         <load_address>0x13d28</load_address>
         <run_address>0x13d28</run_address>
         <size>0x9c</size>
         <input_file_ref idref="fl-e6"/>
      </object_component>
      <object_component id="oc-4f3">
         <name>.text:_ecpy</name>
         <load_address>0x13dc4</load_address>
         <run_address>0x13dc4</run_address>
         <size>0x98</size>
         <input_file_ref idref="fl-fd"/>
      </object_component>
      <object_component id="oc-e">
         <name>.text:decompress:lzss:__TI_decompress_lzss</name>
         <load_address>0x13e5c</load_address>
         <run_address>0x13e5c</run_address>
         <size>0x90</size>
         <input_file_ref idref="fl-f3"/>
      </object_component>
      <object_component id="oc-3fa">
         <name>.text:_pconv_f</name>
         <load_address>0x13eec</load_address>
         <run_address>0x13eec</run_address>
         <size>0x84</size>
         <input_file_ref idref="fl-fd"/>
      </object_component>
      <object_component id="oc-3e8">
         <name>.text:atoi</name>
         <load_address>0x13f70</load_address>
         <run_address>0x13f70</run_address>
         <size>0x84</size>
         <input_file_ref idref="fl-100"/>
      </object_component>
      <object_component id="oc-4ed">
         <name>.text:ltoa</name>
         <load_address>0x13ff4</load_address>
         <run_address>0x13ff4</run_address>
         <size>0x80</size>
         <input_file_ref idref="fl-102"/>
      </object_component>
      <object_component id="oc-96">
         <name>.text</name>
         <load_address>0x14074</load_address>
         <run_address>0x14074</run_address>
         <size>0x80</size>
         <input_file_ref idref="fl-8"/>
      </object_component>
      <object_component id="oc-50e">
         <name>.text:frexp</name>
         <load_address>0x140f4</load_address>
         <run_address>0x140f4</run_address>
         <size>0x7c</size>
         <input_file_ref idref="fl-108"/>
      </object_component>
      <object_component id="oc-ff">
         <name>.text:__TI_auto_init_nobinit_nopinit:__TI_auto_init_nobinit_nopinit</name>
         <load_address>0x14170</load_address>
         <run_address>0x14170</run_address>
         <size>0x68</size>
         <input_file_ref idref="fl-ef"/>
      </object_component>
      <object_component id="oc-31f">
         <name>.text:strtok</name>
         <load_address>0x141d8</load_address>
         <run_address>0x141d8</run_address>
         <size>0x68</size>
         <input_file_ref idref="fl-fb"/>
      </object_component>
      <object_component id="oc-506">
         <name>.text:_fcpy</name>
         <load_address>0x14240</load_address>
         <run_address>0x14240</run_address>
         <size>0x64</size>
         <input_file_ref idref="fl-fd"/>
      </object_component>
      <object_component id="oc-147">
         <name>.text:sprintf</name>
         <load_address>0x142a4</load_address>
         <run_address>0x142a4</run_address>
         <size>0x64</size>
         <input_file_ref idref="fl-dd"/>
      </object_component>
      <object_component id="oc-2c3">
         <name>.text</name>
         <load_address>0x14308</load_address>
         <run_address>0x14308</run_address>
         <size>0x5c</size>
         <input_file_ref idref="fl-e5"/>
      </object_component>
      <object_component id="oc-153">
         <name>.text</name>
         <load_address>0x14364</load_address>
         <run_address>0x14364</run_address>
         <size>0x5c</size>
         <input_file_ref idref="fl-e9"/>
      </object_component>
      <object_component id="oc-241">
         <name>.text</name>
         <load_address>0x143c0</load_address>
         <run_address>0x143c0</run_address>
         <size>0x58</size>
         <input_file_ref idref="fl-e7"/>
      </object_component>
      <object_component id="oc-565">
         <name>.text</name>
         <load_address>0x14418</load_address>
         <run_address>0x14418</run_address>
         <size>0x54</size>
         <input_file_ref idref="fl-109"/>
      </object_component>
      <object_component id="oc-2aa">
         <name>.text</name>
         <load_address>0x1446c</load_address>
         <run_address>0x1446c</run_address>
         <size>0x50</size>
         <input_file_ref idref="fl-e0"/>
      </object_component>
      <object_component id="oc-2af">
         <name>.text</name>
         <load_address>0x144bc</load_address>
         <run_address>0x144bc</run_address>
         <size>0x4c</size>
         <input_file_ref idref="fl-ea"/>
      </object_component>
      <object_component id="oc-2a5">
         <name>.text</name>
         <load_address>0x14508</load_address>
         <run_address>0x14508</run_address>
         <size>0x4c</size>
         <input_file_ref idref="fl-ec"/>
      </object_component>
      <object_component id="oc-46d">
         <name>.text:strspn</name>
         <load_address>0x14554</load_address>
         <run_address>0x14554</run_address>
         <size>0x4c</size>
         <input_file_ref idref="fl-106"/>
      </object_component>
      <object_component id="oc-473">
         <name>.text:strcspn</name>
         <load_address>0x145a0</load_address>
         <run_address>0x145a0</run_address>
         <size>0x44</size>
         <input_file_ref idref="fl-105"/>
      </object_component>
      <object_component id="oc-2b9">
         <name>.text</name>
         <load_address>0x145e4</load_address>
         <run_address>0x145e4</run_address>
         <size>0x3c</size>
         <input_file_ref idref="fl-eb"/>
      </object_component>
      <object_component id="oc-236">
         <name>.text</name>
         <load_address>0x14620</load_address>
         <run_address>0x14620</run_address>
         <size>0x34</size>
         <input_file_ref idref="fl-ee"/>
      </object_component>
      <object_component id="oc-292">
         <name>.text:_outs</name>
         <load_address>0x14654</load_address>
         <run_address>0x14654</run_address>
         <size>0x30</size>
         <input_file_ref idref="fl-dd"/>
      </object_component>
      <object_component id="oc-40c">
         <name>.text:memccpy</name>
         <load_address>0x14684</load_address>
         <run_address>0x14684</run_address>
         <size>0x2c</size>
         <input_file_ref idref="fl-103"/>
      </object_component>
      <object_component id="oc-514">
         <name>.text:strchr</name>
         <load_address>0x146b0</load_address>
         <run_address>0x146b0</run_address>
         <size>0x28</size>
         <input_file_ref idref="fl-104"/>
      </object_component>
      <object_component id="oc-32b">
         <name>.text:strcmp</name>
         <load_address>0x146d8</load_address>
         <run_address>0x146d8</run_address>
         <size>0x28</size>
         <input_file_ref idref="fl-f7"/>
      </object_component>
      <object_component id="oc-412">
         <name>.text:wcslen</name>
         <load_address>0x14700</load_address>
         <run_address>0x14700</run_address>
         <size>0x24</size>
         <input_file_ref idref="fl-107"/>
      </object_component>
      <object_component id="oc-284">
         <name>.text:strlen</name>
         <load_address>0x14724</load_address>
         <run_address>0x14724</run_address>
         <size>0x20</size>
         <input_file_ref idref="fl-f9"/>
      </object_component>
      <object_component id="oc-325">
         <name>.text:strcpy</name>
         <load_address>0x14744</load_address>
         <run_address>0x14744</run_address>
         <size>0x18</size>
         <input_file_ref idref="fl-f8"/>
      </object_component>
      <object_component id="oc-298">
         <name>.text:_outc</name>
         <load_address>0x1475c</load_address>
         <run_address>0x1475c</run_address>
         <size>0x14</size>
         <input_file_ref idref="fl-dd"/>
      </object_component>
      <object_component id="oc-14">
         <name>.text:decompress:none:__TI_decompress_none</name>
         <load_address>0x14770</load_address>
         <run_address>0x14770</run_address>
         <size>0x14</size>
         <input_file_ref idref="fl-f2"/>
      </object_component>
      <object_component id="oc-64">
         <name>.text:decompress:ZI:__TI_zero_init</name>
         <load_address>0x14784</load_address>
         <run_address>0x14784</run_address>
         <size>0x10</size>
         <input_file_ref idref="fl-f1"/>
      </object_component>
      <object_component id="oc-2f7">
         <name>.text:__aeabi_errno_addr</name>
         <load_address>0x14794</load_address>
         <run_address>0x14794</run_address>
         <size>0xc</size>
         <input_file_ref idref="fl-fc"/>
      </object_component>
      <object_component id="oc-453">
         <name>.text:copysign</name>
         <load_address>0x147a0</load_address>
         <run_address>0x147a0</run_address>
         <size>0xc</size>
         <input_file_ref idref="fl-de"/>
      </object_component>
      <object_component id="oc-188">
         <name>.text:abort:abort</name>
         <load_address>0x147ac</load_address>
         <run_address>0x147ac</run_address>
         <size>0x8</size>
         <input_file_ref idref="fl-f4"/>
      </object_component>
      <object_component id="oc-331">
         <name>.text:atof</name>
         <load_address>0x147b4</load_address>
         <run_address>0x147b4</run_address>
         <size>0x8</size>
         <input_file_ref idref="fl-f6"/>
      </object_component>
      <object_component id="oc-35">
         <name>.text:retain</name>
         <load_address>0x147bc</load_address>
         <run_address>0x147bc</run_address>
         <size>0x4</size>
         <input_file_ref idref="fl-1a"/>
      </object_component>
      <object_component id="oc-429">
         <name>.text</name>
         <load_address>0x147c0</load_address>
         <run_address>0x147c0</run_address>
         <size>0x4</size>
         <input_file_ref idref="fl-fe"/>
      </object_component>
      <object_component id="oc-75">
         <name>.text</name>
         <load_address>0x147c4</load_address>
         <run_address>0x147c4</run_address>
         <size>0x4</size>
         <input_file_ref idref="fl-1d"/>
      </object_component>
      <object_component id="oc-27">
         <name>.const:s_vim_init</name>
         <load_address>0x147c8</load_address>
         <run_address>0x147c8</run_address>
         <size>0x180</size>
         <input_file_ref idref="fl-1e"/>
      </object_component>
      <object_component id="oc-4e2">
         <name>.const:.string:_ctypes_</name>
         <load_address>0x14948</load_address>
         <run_address>0x14948</run_address>
         <size>0x101</size>
         <input_file_ref idref="fl-101"/>
      </object_component>
      <object_component id="oc-550">
         <name>.const:digits</name>
         <load_address>0x14a50</load_address>
         <run_address>0x14a50</run_address>
         <size>0x80</size>
         <input_file_ref idref="fl-fa"/>
      </object_component>
      <object_component id="oc-368">
         <name>.const:.string</name>
         <load_address>0x14ad0</load_address>
         <run_address>0x14ad0</run_address>
         <size>0x5c</size>
         <input_file_ref idref="fl-3"/>
      </object_component>
      <object_component id="oc-553">
         <name>.const:powerof10</name>
         <load_address>0x14b30</load_address>
         <run_address>0x14b30</run_address>
         <size>0x48</size>
         <input_file_ref idref="fl-fa"/>
      </object_component>
      <object_component id="oc-498">
         <name>.const:.string</name>
         <load_address>0x14b78</load_address>
         <run_address>0x14b78</run_address>
         <size>0x24</size>
         <input_file_ref idref="fl-2"/>
      </object_component>
      <object_component id="oc-30d">
         <name>.const:bp</name>
         <load_address>0x14ba0</load_address>
         <run_address>0x14ba0</run_address>
         <size>0x10</size>
         <input_file_ref idref="fl-d9"/>
      </object_component>
      <object_component id="oc-310">
         <name>.const:dp_h</name>
         <load_address>0x14bb0</load_address>
         <run_address>0x14bb0</run_address>
         <size>0x10</size>
         <input_file_ref idref="fl-d9"/>
      </object_component>
      <object_component id="oc-313">
         <name>.const:dp_l</name>
         <load_address>0x14bc0</load_address>
         <run_address>0x14bc0</run_address>
         <size>0x10</size>
         <input_file_ref idref="fl-d9"/>
      </object_component>
      <object_component id="oc-19b">
         <name>.kernelBSS:init</name>
         <load_address>0x80008d0</load_address>
         <run_address>0x80008d0</run_address>
         <size>0x34</size>
         <input_file_ref idref="fl-11"/>
      </object_component>
      <object_component id="oc-281">
         <name>.kernelBSS:uninit</name>
         <load_address>0x8000800</load_address>
         <run_address>0x8000800</run_address>
         <size>0xd0</size>
         <input_file_ref idref="fl-11"/>
      </object_component>
      <object_component id="oc-4cc">
         <name>.kernelHEAP</name>
         <uninitialized>true</uninitialized>
         <run_address>0x8001000</run_address>
         <size>0x2000</size>
         <input_file_ref idref="fl-b"/>
      </object_component>
      <object_component id="oc-3ce">
         <name>.bss:xStart</name>
         <uninitialized>true</uninitialized>
         <run_address>0x8003838</run_address>
         <size>0x8</size>
         <input_file_ref idref="fl-b"/>
      </object_component>
      <object_component id="oc-aa">
         <name>.bss:g_sciTransfer_t</name>
         <uninitialized>true</uninitialized>
         <run_address>0x8003800</run_address>
         <size>0x14</size>
         <input_file_ref idref="fl-14"/>
      </object_component>
      <object_component id="oc-173">
         <name>.bss:receivedData</name>
         <uninitialized>true</uninitialized>
         <run_address>0x8003814</run_address>
         <size>0x14</size>
         <input_file_ref idref="fl-17"/>
      </object_component>
      <object_component id="oc-17d">
         <name>.common:xWTStartHandle</name>
         <uninitialized>true</uninitialized>
         <run_address>0x8003844</run_address>
         <size>0x4</size>
      </object_component>
      <object_component id="oc-176">
         <name>.common:xTelemetryHandle</name>
         <uninitialized>true</uninitialized>
         <run_address>0x8003840</run_address>
         <size>0x4</size>
      </object_component>
      <object_component id="oc-181">
         <name>.common:command</name>
         <uninitialized>true</uninitialized>
         <run_address>0x8003000</run_address>
         <size>0x800</size>
      </object_component>
      <object_component id="oc-337">
         <name>.common:CMD_KEY</name>
         <uninitialized>true</uninitialized>
         <run_address>0x8003828</run_address>
         <size>0x10</size>
      </object_component>
      <object_component id="oc-34d">
         <name>.data:commands</name>
         <load_address>0x8003878</load_address>
         <run_address>0x8003878</run_address>
         <size>0x18</size>
         <input_file_ref idref="fl-2"/>
      </object_component>
      <object_component id="oc-338">
         <name>.data</name>
         <load_address>0x80038a0</load_address>
         <run_address>0x80038a0</run_address>
         <size>0xc</size>
         <input_file_ref idref="fl-2"/>
      </object_component>
      <object_component id="oc-17e">
         <name>.data</name>
         <load_address>0x8003848</load_address>
         <run_address>0x8003848</run_address>
         <size>0x30</size>
         <input_file_ref idref="fl-3"/>
      </object_component>
      <object_component id="oc-2c8">
         <name>.data:cPACKET_COUNT</name>
         <load_address>0x80038c4</load_address>
         <run_address>0x80038c4</run_address>
         <size>0x6</size>
         <input_file_ref idref="fl-3"/>
      </object_component>
      <object_component id="oc-2cb">
         <name>.data:cSP1_PC</name>
         <load_address>0x80038ca</load_address>
         <run_address>0x80038ca</run_address>
         <size>0x6</size>
         <input_file_ref idref="fl-3"/>
      </object_component>
      <object_component id="oc-2ce">
         <name>.data:cSP2_PC</name>
         <load_address>0x80038d0</load_address>
         <run_address>0x80038d0</run_address>
         <size>0x6</size>
         <input_file_ref idref="fl-3"/>
      </object_component>
      <object_component id="oc-2d1">
         <name>.data:cALTITUDE_BAR</name>
         <load_address>0x80038ac</load_address>
         <run_address>0x80038ac</run_address>
         <size>0x8</size>
         <input_file_ref idref="fl-3"/>
      </object_component>
      <object_component id="oc-2d4">
         <name>.data:cTEMPERATURE</name>
         <load_address>0x80038b4</load_address>
         <run_address>0x80038b4</run_address>
         <size>0x8</size>
         <input_file_ref idref="fl-3"/>
      </object_component>
      <object_component id="oc-2d7">
         <name>.data:SP1_MISSION_TIME</name>
         <load_address>0x80038da</load_address>
         <run_address>0x80038da</run_address>
         <size>0x4</size>
         <input_file_ref idref="fl-3"/>
      </object_component>
      <object_component id="oc-2da">
         <name>.data:SP1_PACKET_COUNT</name>
         <load_address>0x80038de</load_address>
         <run_address>0x80038de</run_address>
         <size>0x4</size>
         <input_file_ref idref="fl-3"/>
      </object_component>
      <object_component id="oc-2dd">
         <name>.data:SP1_PACKET_TYPE</name>
         <load_address>0x80038e2</load_address>
         <run_address>0x80038e2</run_address>
         <size>0x4</size>
         <input_file_ref idref="fl-3"/>
      </object_component>
      <object_component id="oc-2e0">
         <name>.data:SP1_ALTITUDE</name>
         <load_address>0x80038d6</load_address>
         <run_address>0x80038d6</run_address>
         <size>0x4</size>
         <input_file_ref idref="fl-3"/>
      </object_component>
      <object_component id="oc-2e3">
         <name>.data:SP1_TEMPERATURE</name>
         <load_address>0x80038ea</load_address>
         <run_address>0x80038ea</run_address>
         <size>0x4</size>
         <input_file_ref idref="fl-3"/>
      </object_component>
      <object_component id="oc-2e6">
         <name>.data:SP1_ROTATION_RATE</name>
         <load_address>0x80038e6</load_address>
         <run_address>0x80038e6</run_address>
         <size>0x4</size>
         <input_file_ref idref="fl-3"/>
      </object_component>
      <object_component id="oc-33b">
         <name>.data:SP2_MISSION_TIME</name>
         <load_address>0x80038f2</load_address>
         <run_address>0x80038f2</run_address>
         <size>0x4</size>
         <input_file_ref idref="fl-3"/>
      </object_component>
      <object_component id="oc-33e">
         <name>.data:SP2_PACKET_COUNT</name>
         <load_address>0x80038f6</load_address>
         <run_address>0x80038f6</run_address>
         <size>0x4</size>
         <input_file_ref idref="fl-3"/>
      </object_component>
      <object_component id="oc-341">
         <name>.data:SP2_PACKET_TYPE</name>
         <load_address>0x80038fa</load_address>
         <run_address>0x80038fa</run_address>
         <size>0x4</size>
         <input_file_ref idref="fl-3"/>
      </object_component>
      <object_component id="oc-344">
         <name>.data:SP2_ALTITUDE</name>
         <load_address>0x80038ee</load_address>
         <run_address>0x80038ee</run_address>
         <size>0x4</size>
         <input_file_ref idref="fl-3"/>
      </object_component>
      <object_component id="oc-347">
         <name>.data:SP2_TEMPERATURE</name>
         <load_address>0x8003902</load_address>
         <run_address>0x8003902</run_address>
         <size>0x4</size>
         <input_file_ref idref="fl-3"/>
      </object_component>
      <object_component id="oc-34a">
         <name>.data:SP2_ROTATION_RATE</name>
         <load_address>0x80038fe</load_address>
         <run_address>0x80038fe</run_address>
         <size>0x4</size>
         <input_file_ref idref="fl-3"/>
      </object_component>
      <object_component id="oc-3cb">
         <name>.data</name>
         <load_address>0x8003890</load_address>
         <run_address>0x8003890</run_address>
         <size>0x10</size>
         <input_file_ref idref="fl-b"/>
      </object_component>
      <object_component id="oc-19e">
         <name>.data</name>
         <load_address>0x80038bc</load_address>
         <run_address>0x80038bc</run_address>
         <size>0x8</size>
         <input_file_ref idref="fl-e"/>
      </object_component>
      <object_component id="oc-479">
         <name>.data</name>
         <load_address>0x800390c</load_address>
         <run_address>0x800390c</run_address>
         <size>0x4</size>
         <input_file_ref idref="fl-fb"/>
      </object_component>
      <object_component id="oc-44c">
         <name>.data</name>
         <load_address>0x8003908</load_address>
         <run_address>0x8003908</run_address>
         <size>0x4</size>
         <input_file_ref idref="fl-fc"/>
      </object_component>
      <object_component id="oc-177">
         <name>.debug_info</name>
         <load_address>0x0</load_address>
         <run_address>0x0</run_address>
         <size>0x651</size>
         <input_file_ref idref="fl-2"/>
      </object_component>
      <object_component id="oc-34e">
         <name>.debug_info</name>
         <load_address>0x651</load_address>
         <run_address>0x651</run_address>
         <size>0xe8</size>
         <input_file_ref idref="fl-2"/>
      </object_component>
      <object_component id="oc-339">
         <name>.debug_info</name>
         <load_address>0x739</load_address>
         <run_address>0x739</run_address>
         <size>0x12c</size>
         <input_file_ref idref="fl-2"/>
      </object_component>
      <object_component id="oc-16e">
         <name>.debug_info</name>
         <load_address>0x865</load_address>
         <run_address>0x865</run_address>
         <size>0x94d</size>
         <input_file_ref idref="fl-2"/>
      </object_component>
      <object_component id="oc-260">
         <name>.debug_info</name>
         <load_address>0x11b2</load_address>
         <run_address>0x11b2</run_address>
         <size>0x30c</size>
         <input_file_ref idref="fl-2"/>
      </object_component>
      <object_component id="oc-1a4">
         <name>.debug_info</name>
         <load_address>0x14be</load_address>
         <run_address>0x14be</run_address>
         <size>0x26b</size>
         <input_file_ref idref="fl-2"/>
      </object_component>
      <object_component id="oc-9d">
         <name>.debug_info</name>
         <load_address>0x1729</load_address>
         <run_address>0x1729</run_address>
         <size>0x157</size>
         <input_file_ref idref="fl-2"/>
      </object_component>
      <object_component id="oc-35f">
         <name>.debug_info</name>
         <load_address>0x1880</load_address>
         <run_address>0x1880</run_address>
         <size>0x379</size>
         <input_file_ref idref="fl-2"/>
      </object_component>
      <object_component id="oc-183">
         <name>.debug_info</name>
         <load_address>0x1bf9</load_address>
         <run_address>0x1bf9</run_address>
         <size>0xe1</size>
         <input_file_ref idref="fl-2"/>
      </object_component>
      <object_component id="oc-bb">
         <name>.debug_info</name>
         <load_address>0x1cda</load_address>
         <run_address>0x1cda</run_address>
         <size>0x8b</size>
         <input_file_ref idref="fl-2"/>
      </object_component>
      <object_component id="oc-25a">
         <name>.debug_info</name>
         <load_address>0x1d65</load_address>
         <run_address>0x1d65</run_address>
         <size>0x2c</size>
         <input_file_ref idref="fl-2"/>
      </object_component>
      <object_component id="oc-377">
         <name>.debug_info</name>
         <load_address>0x1d91</load_address>
         <run_address>0x1d91</run_address>
         <size>0x297</size>
         <input_file_ref idref="fl-2"/>
      </object_component>
      <object_component id="oc-196">
         <name>.debug_info</name>
         <load_address>0x2028</load_address>
         <run_address>0x2028</run_address>
         <size>0xbb</size>
         <input_file_ref idref="fl-2"/>
      </object_component>
      <object_component id="oc-2ea">
         <name>.debug_info</name>
         <load_address>0x20e3</load_address>
         <run_address>0x20e3</run_address>
         <size>0x53</size>
         <input_file_ref idref="fl-2"/>
      </object_component>
      <object_component id="oc-c0">
         <name>.debug_info</name>
         <load_address>0x2136</load_address>
         <run_address>0x2136</run_address>
         <size>0x86</size>
         <input_file_ref idref="fl-2"/>
      </object_component>
      <object_component id="oc-2a0">
         <name>.debug_info</name>
         <load_address>0x21bc</load_address>
         <run_address>0x21bc</run_address>
         <size>0x2c</size>
         <input_file_ref idref="fl-2"/>
      </object_component>
      <object_component id="oc-1b3">
         <name>.debug_info</name>
         <load_address>0x21e8</load_address>
         <run_address>0x21e8</run_address>
         <size>0x1f9</size>
         <input_file_ref idref="fl-2"/>
      </object_component>
      <object_component id="oc-355">
         <name>.debug_info</name>
         <load_address>0x23e1</load_address>
         <run_address>0x23e1</run_address>
         <size>0x243</size>
         <input_file_ref idref="fl-2"/>
      </object_component>
      <object_component id="oc-387">
         <name>.debug_info</name>
         <load_address>0x2624</load_address>
         <run_address>0x2624</run_address>
         <size>0x18e</size>
         <input_file_ref idref="fl-2"/>
      </object_component>
      <object_component id="oc-35a">
         <name>.debug_info</name>
         <load_address>0x27b2</load_address>
         <run_address>0x27b2</run_address>
         <size>0x14c</size>
         <input_file_ref idref="fl-2"/>
      </object_component>
      <object_component id="oc-179">
         <name>.debug_info</name>
         <load_address>0x28fe</load_address>
         <run_address>0x28fe</run_address>
         <size>0x45a</size>
         <input_file_ref idref="fl-3"/>
      </object_component>
      <object_component id="oc-17f">
         <name>.debug_info</name>
         <load_address>0x2d58</load_address>
         <run_address>0x2d58</run_address>
         <size>0x2fd</size>
         <input_file_ref idref="fl-3"/>
      </object_component>
      <object_component id="oc-2c9">
         <name>.debug_info</name>
         <load_address>0x3055</load_address>
         <run_address>0x3055</run_address>
         <size>0xf3</size>
         <input_file_ref idref="fl-3"/>
      </object_component>
      <object_component id="oc-2cc">
         <name>.debug_info</name>
         <load_address>0x3148</load_address>
         <run_address>0x3148</run_address>
         <size>0xe7</size>
         <input_file_ref idref="fl-3"/>
      </object_component>
      <object_component id="oc-2cf">
         <name>.debug_info</name>
         <load_address>0x322f</load_address>
         <run_address>0x322f</run_address>
         <size>0xe7</size>
         <input_file_ref idref="fl-3"/>
      </object_component>
      <object_component id="oc-2d2">
         <name>.debug_info</name>
         <load_address>0x3316</load_address>
         <run_address>0x3316</run_address>
         <size>0xf3</size>
         <input_file_ref idref="fl-3"/>
      </object_component>
      <object_component id="oc-2d5">
         <name>.debug_info</name>
         <load_address>0x3409</load_address>
         <run_address>0x3409</run_address>
         <size>0xf1</size>
         <input_file_ref idref="fl-3"/>
      </object_component>
      <object_component id="oc-2d8">
         <name>.debug_info</name>
         <load_address>0x34fa</load_address>
         <run_address>0x34fa</run_address>
         <size>0xf9</size>
         <input_file_ref idref="fl-3"/>
      </object_component>
      <object_component id="oc-2db">
         <name>.debug_info</name>
         <load_address>0x35f3</load_address>
         <run_address>0x35f3</run_address>
         <size>0xf9</size>
         <input_file_ref idref="fl-3"/>
      </object_component>
      <object_component id="oc-2de">
         <name>.debug_info</name>
         <load_address>0x36ec</load_address>
         <run_address>0x36ec</run_address>
         <size>0xf7</size>
         <input_file_ref idref="fl-3"/>
      </object_component>
      <object_component id="oc-2e1">
         <name>.debug_info</name>
         <load_address>0x37e3</load_address>
         <run_address>0x37e3</run_address>
         <size>0xf1</size>
         <input_file_ref idref="fl-3"/>
      </object_component>
      <object_component id="oc-2e4">
         <name>.debug_info</name>
         <load_address>0x38d4</load_address>
         <run_address>0x38d4</run_address>
         <size>0xf7</size>
         <input_file_ref idref="fl-3"/>
      </object_component>
      <object_component id="oc-2e7">
         <name>.debug_info</name>
         <load_address>0x39cb</load_address>
         <run_address>0x39cb</run_address>
         <size>0xfb</size>
         <input_file_ref idref="fl-3"/>
      </object_component>
      <object_component id="oc-33c">
         <name>.debug_info</name>
         <load_address>0x3ac6</load_address>
         <run_address>0x3ac6</run_address>
         <size>0xf9</size>
         <input_file_ref idref="fl-3"/>
      </object_component>
      <object_component id="oc-33f">
         <name>.debug_info</name>
         <load_address>0x3bbf</load_address>
         <run_address>0x3bbf</run_address>
         <size>0xf9</size>
         <input_file_ref idref="fl-3"/>
      </object_component>
      <object_component id="oc-342">
         <name>.debug_info</name>
         <load_address>0x3cb8</load_address>
         <run_address>0x3cb8</run_address>
         <size>0xf7</size>
         <input_file_ref idref="fl-3"/>
      </object_component>
      <object_component id="oc-345">
         <name>.debug_info</name>
         <load_address>0x3daf</load_address>
         <run_address>0x3daf</run_address>
         <size>0xf1</size>
         <input_file_ref idref="fl-3"/>
      </object_component>
      <object_component id="oc-348">
         <name>.debug_info</name>
         <load_address>0x3ea0</load_address>
         <run_address>0x3ea0</run_address>
         <size>0xf7</size>
         <input_file_ref idref="fl-3"/>
      </object_component>
      <object_component id="oc-34b">
         <name>.debug_info</name>
         <load_address>0x3f97</load_address>
         <run_address>0x3f97</run_address>
         <size>0xfb</size>
         <input_file_ref idref="fl-3"/>
      </object_component>
      <object_component id="oc-14f">
         <name>.debug_info</name>
         <load_address>0x4092</load_address>
         <run_address>0x4092</run_address>
         <size>0x675</size>
         <input_file_ref idref="fl-3"/>
      </object_component>
      <object_component id="oc-b1">
         <name>.debug_info</name>
         <load_address>0x4707</load_address>
         <run_address>0x4707</run_address>
         <size>0xf9</size>
         <input_file_ref idref="fl-4"/>
      </object_component>
      <object_component id="oc-1df">
         <name>.debug_info</name>
         <load_address>0x4800</load_address>
         <run_address>0x4800</run_address>
         <size>0x18a</size>
         <input_file_ref idref="fl-5"/>
      </object_component>
      <object_component id="oc-73">
         <name>.debug_info</name>
         <load_address>0x498a</load_address>
         <run_address>0x498a</run_address>
         <size>0x639</size>
         <input_file_ref idref="fl-5"/>
      </object_component>
      <object_component id="oc-4d">
         <name>.debug_info</name>
         <load_address>0x4fc3</load_address>
         <run_address>0x4fc3</run_address>
         <size>0x84</size>
         <input_file_ref idref="fl-5"/>
      </object_component>
      <object_component id="oc-e3">
         <name>.debug_info</name>
         <load_address>0x5047</load_address>
         <run_address>0x5047</run_address>
         <size>0x9e7</size>
         <input_file_ref idref="fl-5"/>
      </object_component>
      <object_component id="oc-fe">
         <name>.debug_info</name>
         <load_address>0x5a2e</load_address>
         <run_address>0x5a2e</run_address>
         <size>0x1e2</size>
         <input_file_ref idref="fl-6"/>
      </object_component>
      <object_component id="oc-88">
         <name>.debug_info</name>
         <load_address>0x5c10</load_address>
         <run_address>0x5c10</run_address>
         <size>0xb25</size>
         <input_file_ref idref="fl-6"/>
      </object_component>
      <object_component id="oc-22">
         <name>.debug_info</name>
         <load_address>0x6735</load_address>
         <run_address>0x6735</run_address>
         <size>0x185</size>
         <input_file_ref idref="fl-6"/>
      </object_component>
      <object_component id="oc-b6">
         <name>.debug_info</name>
         <load_address>0x68ba</load_address>
         <run_address>0x68ba</run_address>
         <size>0x18c</size>
         <input_file_ref idref="fl-6"/>
      </object_component>
      <object_component id="oc-1a9">
         <name>.debug_info</name>
         <load_address>0x6a46</load_address>
         <run_address>0x6a46</run_address>
         <size>0x1de</size>
         <input_file_ref idref="fl-6"/>
      </object_component>
      <object_component id="oc-f9">
         <name>.debug_info</name>
         <load_address>0x6c24</load_address>
         <run_address>0x6c24</run_address>
         <size>0x129</size>
         <input_file_ref idref="fl-6"/>
      </object_component>
      <object_component id="oc-1c2">
         <name>.debug_info</name>
         <load_address>0x6d4d</load_address>
         <run_address>0x6d4d</run_address>
         <size>0x2cf</size>
         <input_file_ref idref="fl-6"/>
      </object_component>
      <object_component id="oc-235">
         <name>.debug_info</name>
         <load_address>0x701c</load_address>
         <run_address>0x701c</run_address>
         <size>0x165</size>
         <input_file_ref idref="fl-7"/>
      </object_component>
      <object_component id="oc-130">
         <name>.debug_info</name>
         <load_address>0x7181</load_address>
         <run_address>0x7181</run_address>
         <size>0x6d2</size>
         <input_file_ref idref="fl-7"/>
      </object_component>
      <object_component id="oc-3ab">
         <name>.debug_info</name>
         <load_address>0x7853</load_address>
         <run_address>0x7853</run_address>
         <size>0xda</size>
         <input_file_ref idref="fl-7"/>
      </object_component>
      <object_component id="oc-195">
         <name>.debug_info</name>
         <load_address>0x792d</load_address>
         <run_address>0x792d</run_address>
         <size>0x313</size>
         <input_file_ref idref="fl-8"/>
      </object_component>
      <object_component id="oc-97">
         <name>.debug_info</name>
         <load_address>0x7c40</load_address>
         <run_address>0x7c40</run_address>
         <size>0x637</size>
         <input_file_ref idref="fl-8"/>
      </object_component>
      <object_component id="oc-1e4">
         <name>.debug_info</name>
         <load_address>0x8277</load_address>
         <run_address>0x8277</run_address>
         <size>0x791</size>
         <input_file_ref idref="fl-8"/>
      </object_component>
      <object_component id="oc-1e9">
         <name>.debug_info</name>
         <load_address>0x8a08</load_address>
         <run_address>0x8a08</run_address>
         <size>0x4de</size>
         <input_file_ref idref="fl-8"/>
      </object_component>
      <object_component id="oc-1ee">
         <name>.debug_info</name>
         <load_address>0x8ee6</load_address>
         <run_address>0x8ee6</run_address>
         <size>0x3ce</size>
         <input_file_ref idref="fl-8"/>
      </object_component>
      <object_component id="oc-1d7">
         <name>.debug_info</name>
         <load_address>0x92b4</load_address>
         <run_address>0x92b4</run_address>
         <size>0x2c</size>
         <input_file_ref idref="fl-8"/>
      </object_component>
      <object_component id="oc-1f3">
         <name>.debug_info</name>
         <load_address>0x92e0</load_address>
         <run_address>0x92e0</run_address>
         <size>0x437</size>
         <input_file_ref idref="fl-8"/>
      </object_component>
      <object_component id="oc-21e">
         <name>.debug_info</name>
         <load_address>0x9717</load_address>
         <run_address>0x9717</run_address>
         <size>0x37b</size>
         <input_file_ref idref="fl-8"/>
      </object_component>
      <object_component id="oc-1f8">
         <name>.debug_info</name>
         <load_address>0x9a92</load_address>
         <run_address>0x9a92</run_address>
         <size>0x1ca</size>
         <input_file_ref idref="fl-8"/>
      </object_component>
      <object_component id="oc-1ae">
         <name>.debug_info</name>
         <load_address>0x9c5c</load_address>
         <run_address>0x9c5c</run_address>
         <size>0x435</size>
         <input_file_ref idref="fl-8"/>
      </object_component>
      <object_component id="oc-211">
         <name>.debug_info</name>
         <load_address>0xa091</load_address>
         <run_address>0xa091</run_address>
         <size>0x510</size>
         <input_file_ref idref="fl-8"/>
      </object_component>
      <object_component id="oc-1fd">
         <name>.debug_info</name>
         <load_address>0xa5a1</load_address>
         <run_address>0xa5a1</run_address>
         <size>0x3d3</size>
         <input_file_ref idref="fl-8"/>
      </object_component>
      <object_component id="oc-207">
         <name>.debug_info</name>
         <load_address>0xa974</load_address>
         <run_address>0xa974</run_address>
         <size>0x1de</size>
         <input_file_ref idref="fl-8"/>
      </object_component>
      <object_component id="oc-216">
         <name>.debug_info</name>
         <load_address>0xab52</load_address>
         <run_address>0xab52</run_address>
         <size>0x17a</size>
         <input_file_ref idref="fl-8"/>
      </object_component>
      <object_component id="oc-1b8">
         <name>.debug_info</name>
         <load_address>0xaccc</load_address>
         <run_address>0xaccc</run_address>
         <size>0x642</size>
         <input_file_ref idref="fl-8"/>
      </object_component>
      <object_component id="oc-1bd">
         <name>.debug_info</name>
         <load_address>0xb30e</load_address>
         <run_address>0xb30e</run_address>
         <size>0x13e</size>
         <input_file_ref idref="fl-8"/>
      </object_component>
      <object_component id="oc-3bd">
         <name>.debug_info</name>
         <load_address>0xb44c</load_address>
         <run_address>0xb44c</run_address>
         <size>0x548</size>
         <input_file_ref idref="fl-a"/>
      </object_component>
      <object_component id="oc-255">
         <name>.debug_info</name>
         <load_address>0xb994</load_address>
         <run_address>0xb994</run_address>
         <size>0x1474</size>
         <input_file_ref idref="fl-a"/>
      </object_component>
      <object_component id="oc-3b7">
         <name>.debug_info</name>
         <load_address>0xce08</load_address>
         <run_address>0xce08</run_address>
         <size>0x110</size>
         <input_file_ref idref="fl-a"/>
      </object_component>
      <object_component id="oc-26a">
         <name>.debug_info</name>
         <load_address>0xcf18</load_address>
         <run_address>0xcf18</run_address>
         <size>0x39</size>
         <input_file_ref idref="fl-a"/>
      </object_component>
      <object_component id="oc-3c0">
         <name>.debug_info</name>
         <load_address>0xcf51</load_address>
         <run_address>0xcf51</run_address>
         <size>0x46</size>
         <input_file_ref idref="fl-a"/>
      </object_component>
      <object_component id="oc-4c7">
         <name>.debug_info</name>
         <load_address>0xcf97</load_address>
         <run_address>0xcf97</run_address>
         <size>0x62</size>
         <input_file_ref idref="fl-a"/>
      </object_component>
      <object_component id="oc-3d2">
         <name>.debug_info</name>
         <load_address>0xcff9</load_address>
         <run_address>0xcff9</run_address>
         <size>0x2f0</size>
         <input_file_ref idref="fl-b"/>
      </object_component>
      <object_component id="oc-4cd">
         <name>.debug_info</name>
         <load_address>0xd2e9</load_address>
         <run_address>0xd2e9</run_address>
         <size>0xd6</size>
         <input_file_ref idref="fl-b"/>
      </object_component>
      <object_component id="oc-3cf">
         <name>.debug_info</name>
         <load_address>0xd3bf</load_address>
         <run_address>0xd3bf</run_address>
         <size>0xd6</size>
         <input_file_ref idref="fl-b"/>
      </object_component>
      <object_component id="oc-3cc">
         <name>.debug_info</name>
         <load_address>0xd495</load_address>
         <run_address>0xd495</run_address>
         <size>0x18a</size>
         <input_file_ref idref="fl-b"/>
      </object_component>
      <object_component id="oc-273">
         <name>.debug_info</name>
         <load_address>0xd61f</load_address>
         <run_address>0xd61f</run_address>
         <size>0x533</size>
         <input_file_ref idref="fl-b"/>
      </object_component>
      <object_component id="oc-3c8">
         <name>.debug_info</name>
         <load_address>0xdb52</load_address>
         <run_address>0xdb52</run_address>
         <size>0x2ad</size>
         <input_file_ref idref="fl-b"/>
      </object_component>
      <object_component id="oc-4d4">
         <name>.debug_info</name>
         <load_address>0xddff</load_address>
         <run_address>0xddff</run_address>
         <size>0x62</size>
         <input_file_ref idref="fl-b"/>
      </object_component>
      <object_component id="oc-3d4">
         <name>.debug_info</name>
         <load_address>0xde61</load_address>
         <run_address>0xde61</run_address>
         <size>0x22b</size>
         <input_file_ref idref="fl-c"/>
      </object_component>
      <object_component id="oc-276">
         <name>.debug_info</name>
         <load_address>0xe08c</load_address>
         <run_address>0xe08c</run_address>
         <size>0x4b4</size>
         <input_file_ref idref="fl-c"/>
      </object_component>
      <object_component id="oc-25f">
         <name>.debug_info</name>
         <load_address>0xe540</load_address>
         <run_address>0xe540</run_address>
         <size>0xcf7</size>
         <input_file_ref idref="fl-d"/>
      </object_component>
      <object_component id="oc-13c">
         <name>.debug_info</name>
         <load_address>0xf237</load_address>
         <run_address>0xf237</run_address>
         <size>0x3b10</size>
         <input_file_ref idref="fl-d"/>
      </object_component>
      <object_component id="oc-265">
         <name>.debug_info</name>
         <load_address>0x12d47</load_address>
         <run_address>0x12d47</run_address>
         <size>0x46</size>
         <input_file_ref idref="fl-d"/>
      </object_component>
      <object_component id="oc-3dc">
         <name>.debug_info</name>
         <load_address>0x12d8d</load_address>
         <run_address>0x12d8d</run_address>
         <size>0x343</size>
         <input_file_ref idref="fl-e"/>
      </object_component>
      <object_component id="oc-19f">
         <name>.debug_info</name>
         <load_address>0x130d0</load_address>
         <run_address>0x130d0</run_address>
         <size>0x124</size>
         <input_file_ref idref="fl-e"/>
      </object_component>
      <object_component id="oc-27d">
         <name>.debug_info</name>
         <load_address>0x131f4</load_address>
         <run_address>0x131f4</run_address>
         <size>0x5b6</size>
         <input_file_ref idref="fl-e"/>
      </object_component>
      <object_component id="oc-3d7">
         <name>.debug_info</name>
         <load_address>0x137aa</load_address>
         <run_address>0x137aa</run_address>
         <size>0x35c</size>
         <input_file_ref idref="fl-e"/>
      </object_component>
      <object_component id="oc-a3">
         <name>.debug_info</name>
         <load_address>0x13b06</load_address>
         <run_address>0x13b06</run_address>
         <size>0x49f</size>
         <input_file_ref idref="fl-f"/>
      </object_component>
      <object_component id="oc-3b6">
         <name>.debug_info</name>
         <load_address>0x13fa5</load_address>
         <run_address>0x13fa5</run_address>
         <size>0x5a2</size>
         <input_file_ref idref="fl-10"/>
      </object_component>
      <object_component id="oc-24e">
         <name>.debug_info</name>
         <load_address>0x14547</load_address>
         <run_address>0x14547</run_address>
         <size>0x23fa</size>
         <input_file_ref idref="fl-10"/>
      </object_component>
      <object_component id="oc-4c0">
         <name>.debug_info</name>
         <load_address>0x16941</load_address>
         <run_address>0x16941</run_address>
         <size>0x155</size>
         <input_file_ref idref="fl-10"/>
      </object_component>
      <object_component id="oc-28b">
         <name>.debug_info</name>
         <load_address>0x16a96</load_address>
         <run_address>0x16a96</run_address>
         <size>0x719</size>
         <input_file_ref idref="fl-11"/>
      </object_component>
      <object_component id="oc-19c">
         <name>.debug_info</name>
         <load_address>0x171af</load_address>
         <run_address>0x171af</run_address>
         <size>0x347</size>
         <input_file_ref idref="fl-11"/>
      </object_component>
      <object_component id="oc-282">
         <name>.debug_info</name>
         <load_address>0x174f6</load_address>
         <run_address>0x174f6</run_address>
         <size>0x273</size>
         <input_file_ref idref="fl-11"/>
      </object_component>
      <object_component id="oc-142">
         <name>.debug_info</name>
         <load_address>0x17769</load_address>
         <run_address>0x17769</run_address>
         <size>0x4b87</size>
         <input_file_ref idref="fl-11"/>
      </object_component>
      <object_component id="oc-24a">
         <name>.debug_info</name>
         <load_address>0x1c2f0</load_address>
         <run_address>0x1c2f0</run_address>
         <size>0x3f5</size>
         <input_file_ref idref="fl-11"/>
      </object_component>
      <object_component id="oc-3e3">
         <name>.debug_info</name>
         <load_address>0x1c6e5</load_address>
         <run_address>0x1c6e5</run_address>
         <size>0x146</size>
         <input_file_ref idref="fl-11"/>
      </object_component>
      <object_component id="oc-1e1">
         <name>.debug_info</name>
         <load_address>0x1c82b</load_address>
         <run_address>0x1c82b</run_address>
         <size>0x14c</size>
         <input_file_ref idref="fl-13"/>
      </object_component>
      <object_component id="oc-eb">
         <name>.debug_info</name>
         <load_address>0x1c977</load_address>
[...]
         <name>ccmSelfCheck</name>
         <value>0x8030</value>
         <object_component_ref idref="oc-81"/>
      </symbol>
      <symbol id="sm-afd">
         <name>efcCheck</name>
         <value>0x8660</value>
         <object_component_ref idref="oc-81"/>
      </symbol>
      <symbol id="sm-afe">
         <name>cpuSelfTest</name>
         <value>0x8234</value>
         <object_component_ref idref="oc-81"/>
      </symbol>
      <symbol id="sm-aff">
         <name>htu1ParityCheck</name>
         <value>0x8f4c</value>
         <object_component_ref idref="oc-81"/>
      </symbol>
      <symbol id="sm-b00">
         <name>checkFlashECC</name>
         <value>0x8d18</value>
         <object_component_ref idref="oc-81"/>
      </symbol>
      <symbol id="sm-b01">
         <name>cpuSelfTestFail</name>
         <value>0x8dfc</value>
         <object_component_ref idref="oc-81"/>
      </symbol>
      <symbol id="sm-b02">
         <name>checkPLL1Slip</name>
         <value>0x9880</value>
         <object_component_ref idref="oc-81"/>
      </symbol>
      <symbol id="sm-b03">
         <name>mibspi1ParityCheck</name>
         <value>0x9260</value>
         <object_component_ref idref="oc-81"/>
      </symbol>
      <symbol id="sm-b04">
         <name>ccmr4GetConfigValue</name>
         <value>0xa034</value>
         <object_component_ref idref="oc-81"/>
      </symbol>
      <symbol id="sm-b05">
         <name>pbistPortTestStatus</name>
         <value>0x8608</value>
         <object_component_ref idref="oc-81"/>
      </symbol>
      <symbol id="sm-b06">
         <name>checkFlashEEPROMECC</name>
         <value>0x96d8</value>
         <object_component_ref idref="oc-81"/>
      </symbol>
      <symbol id="sm-b07">
         <name>pbistGetConfigValue</name>
         <value>0x9db0</value>
         <object_component_ref idref="oc-81"/>
      </symbol>
      <symbol id="sm-b08">
         <name>vimParityCheck</name>
         <value>0x8e00</value>
         <object_component_ref idref="oc-81"/>
      </symbol>
      <symbol id="sm-b09">
         <name>pbistIsTestCompleted</name>
         <value>0x85a8</value>
         <object_component_ref idref="oc-81"/>
      </symbol>
      <symbol id="sm-b0a">
         <name>disableParity</name>
         <value>0xa424</value>
         <object_component_ref idref="oc-81"/>
      </symbol>
      <symbol id="sm-b0b">
         <name>pbistRun</name>
         <value>0x84ac</value>
         <object_component_ref idref="oc-81"/>
      </symbol>
      <symbol id="sm-b0c">
         <name>pbistFail</name>
         <value>0x9d2c</value>
         <object_component_ref idref="oc-81"/>
      </symbol>
      <symbol id="sm-b0d">
         <name>selftestFailNotification</name>
         <value>0x8020</value>
         <object_component_ref idref="oc-81"/>
      </symbol>
      <symbol id="sm-b0e">
         <name>errata_PBIST_4</name>
         <value>0xa0b0</value>
         <object_component_ref idref="oc-81"/>
      </symbol>
      <symbol id="sm-b0f">
         <name>efcSelfTest</name>
         <value>0x8794</value>
         <object_component_ref idref="oc-81"/>
      </symbol>
      <symbol id="sm-b10">
         <name>checkB1RAMECC</name>
         <value>0x8b28</value>
         <object_component_ref idref="oc-81"/>
      </symbol>
      <symbol id="sm-b11">
         <name>pbistStop</name>
         <value>0x8578</value>
         <object_component_ref idref="oc-81"/>
      </symbol>
      <symbol id="sm-b12">
         <name>checkRAMAddrParity</name>
         <value>0x999c</value>
         <object_component_ref idref="oc-81"/>
      </symbol>
      <symbol id="sm-b13">
         <name>checkB0RAMECC</name>
         <value>0x8938</value>
         <object_component_ref idref="oc-81"/>
      </symbol>
      <symbol id="sm-b14">
         <name>stcGetConfigValue</name>
         <value>0x9ef8</value>
         <object_component_ref idref="oc-81"/>
      </symbol>
      <symbol id="sm-b15">
         <name>pbistIsTestPassed</name>
         <value>0x85d4</value>
         <object_component_ref idref="oc-81"/>
      </symbol>
      <symbol id="sm-b16">
         <name>checkClockMonitor</name>
         <value>0x9604</value>
         <object_component_ref idref="oc-81"/>
      </symbol>
      <symbol id="sm-b17">
         <name>fmcECCcheck</name>
         <value>0x8898</value>
         <object_component_ref idref="oc-81"/>
      </symbol>
      <symbol id="sm-b18">
         <name>fmcBus2Check</name>
         <value>0x885c</value>
         <object_component_ref idref="oc-81"/>
      </symbol>
      <symbol id="sm-b19">
         <name>checkRAMUERRTest</name>
         <value>0x9aa4</value>
         <object_component_ref idref="oc-81"/>
      </symbol>
      <symbol id="sm-b1a">
         <name>efcStuckZeroTest</name>
         <value>0x86e8</value>
         <object_component_ref idref="oc-81"/>
      </symbol>
      <symbol id="sm-b43">
         <name>_c_int00</name>
         <value>0x12060</value>
         <object_component_ref idref="oc-1b"/>
      </symbol>
      <symbol id="sm-b44">
         <name>handlePLLLockFail</name>
         <value>0x147c4</value>
         <object_component_ref idref="oc-75"/>
      </symbol>
      <symbol id="sm-bdc">
         <name>vimChannelMap</name>
         <value>0xd8a0</value>
         <object_component_ref idref="oc-3c"/>
      </symbol>
      <symbol id="sm-bdd">
         <name>vimInit</name>
         <value>0xd7cc</value>
         <object_component_ref idref="oc-3c"/>
      </symbol>
      <symbol id="sm-bde">
         <name>vimEnableInterrupt</name>
         <value>0xd944</value>
         <object_component_ref idref="oc-3c"/>
      </symbol>
      <symbol id="sm-bdf">
         <name>vimDisableInterrupt</name>
         <value>0xda9c</value>
         <object_component_ref idref="oc-3c"/>
      </symbol>
      <symbol id="sm-be0">
         <name>vimGetConfigValue</name>
         <value>0xdb20</value>
         <object_component_ref idref="oc-3c"/>
      </symbol>
      <symbol id="sm-be1">
         <name>vimParityErrorHandler</name>
         <value>0x11bc0</value>
         <object_component_ref idref="oc-3b"/>
      </symbol>
      <symbol id="sm-c35">
         <name>systemGetConfigValue</name>
         <value>0xc6c4</value>
         <object_component_ref idref="oc-7b"/>
      </symbol>
      <symbol id="sm-c36">
         <name>trimLPO</name>
         <value>0xc3dc</value>
         <object_component_ref idref="oc-7b"/>
      </symbol>
      <symbol id="sm-c37">
         <name>systemInit</name>
         <value>0xc5c8</value>
         <object_component_ref idref="oc-7b"/>
      </symbol>
      <symbol id="sm-c38">
         <name>customTrimLPO</name>
         <value>0xcd6c</value>
         <object_component_ref idref="oc-7b"/>
      </symbol>
      <symbol id="sm-c39">
         <name>tcmflashGetConfigValue</name>
         <value>0xca84</value>
         <object_component_ref idref="oc-7b"/>
      </symbol>
      <symbol id="sm-c3a">
         <name>sramGetConfigValue</name>
         <value>0xcc30</value>
         <object_component_ref idref="oc-7b"/>
      </symbol>
      <symbol id="sm-c3b">
         <name>periphInit</name>
         <value>0xc490</value>
         <object_component_ref idref="oc-7b"/>
      </symbol>
      <symbol id="sm-c3c">
         <name>setupFlash</name>
         <value>0xc450</value>
         <object_component_ref idref="oc-7b"/>
      </symbol>
      <symbol id="sm-c3d">
         <name>setupPLL</name>
         <value>0xc38c</value>
         <object_component_ref idref="oc-7b"/>
      </symbol>
      <symbol id="sm-c3e">
         <name>mapClocks</name>
         <value>0xc4e4</value>
         <object_component_ref idref="oc-7b"/>
      </symbol>
      <symbol id="sm-c3f">
         <name>systemPowerDown</name>
         <value>0xc694</value>
         <object_component_ref idref="oc-7b"/>
      </symbol>
      <symbol id="sm-cd1">
         <name>pow</name>
         <value>0xb528</value>
         <object_component_ref idref="oc-15d"/>
      </symbol>
      <symbol id="sm-cd2">
         <name>powl</name>
         <value>0xb528</value>
         <object_component_ref idref="oc-15d"/>
      </symbol>
      <symbol id="sm-cf1">
         <name>sqrtl</name>
         <value>0x12490</value>
         <object_component_ref idref="oc-2f1"/>
      </symbol>
      <symbol id="sm-cf2">
         <name>sqrt</name>
         <value>0x12490</value>
         <object_component_ref idref="oc-2f1"/>
      </symbol>
      <symbol id="sm-d0d">
         <name>floorl</name>
         <value>0x13000</value>
         <object_component_ref idref="oc-23b"/>
      </symbol>
      <symbol id="sm-d0e">
         <name>floor</name>
         <value>0x13000</value>
         <object_component_ref idref="oc-23b"/>
      </symbol>
      <symbol id="sm-d34">
         <name>scalbn</name>
         <value>0x13504</value>
         <object_component_ref idref="oc-307"/>
      </symbol>
      <symbol id="sm-d35">
         <name>scalbnl</name>
         <value>0x13504</value>
         <object_component_ref idref="oc-307"/>
      </symbol>
      <symbol id="sm-d36">
         <name>ldexpl</name>
         <value>0x13504</value>
         <object_component_ref idref="oc-307"/>
      </symbol>
      <symbol id="sm-d37">
         <name>ldexp</name>
         <value>0x13504</value>
         <object_component_ref idref="oc-307"/>
      </symbol>
      <symbol id="sm-d5e">
         <name>sprintf</name>
         <value>0x142a4</value>
         <object_component_ref idref="oc-147"/>
      </symbol>
      <symbol id="sm-d68">
         <name>copysign</name>
         <value>0x147a0</value>
         <object_component_ref idref="oc-453"/>
      </symbol>
      <symbol id="sm-d69">
         <name>copysignl</name>
         <value>0x147a0</value>
         <object_component_ref idref="oc-453"/>
      </symbol>
      <symbol id="sm-d78">
         <name>__aeabi_memset</name>
         <value>0x13c7c</value>
         <object_component_ref idref="oc-db"/>
      </symbol>
      <symbol id="sm-d79">
         <name>memset</name>
         <value>0x13c88</value>
         <object_component_ref idref="oc-db"/>
      </symbol>
      <symbol id="sm-d7a">
         <name>__aeabi_memset8</name>
         <value>0x13c7c</value>
         <object_component_ref idref="oc-db"/>
      </symbol>
      <symbol id="sm-d7b">
         <name>__aeabi_memset4</name>
         <value>0x13c7c</value>
         <object_component_ref idref="oc-db"/>
      </symbol>
      <symbol id="sm-d7c">
         <name>__aeabi_memclr8</name>
         <value>0x13c78</value>
         <object_component_ref idref="oc-db"/>
      </symbol>
      <symbol id="sm-d7d">
         <name>__aeabi_memclr4</name>
         <value>0x13c78</value>
         <object_component_ref idref="oc-db"/>
      </symbol>
      <symbol id="sm-d7e">
         <name>__aeabi_memclr</name>
         <value>0x13c78</value>
         <object_component_ref idref="oc-db"/>
      </symbol>
      <symbol id="sm-d8a">
         <name>__aeabi_uidivmod</name>
         <value>0x1446c</value>
         <object_component_ref idref="oc-2aa"/>
      </symbol>
      <symbol id="sm-d8b">
         <name>__aeabi_uidiv</name>
         <value>0x1446c</value>
         <object_component_ref idref="oc-2aa"/>
      </symbol>
      <symbol id="sm-da2">
         <name>__aeabi_dsub</name>
         <value>0x1227c</value>
         <object_component_ref idref="oc-163"/>
      </symbol>
      <symbol id="sm-da3">
         <name>__aeabi_dadd</name>
         <value>0x12288</value>
         <object_component_ref idref="oc-163"/>
      </symbol>
      <symbol id="sm-dc5">
         <name>__aeabi_cdcmpeq</name>
         <value>0x13910</value>
         <object_component_ref idref="oc-2fd"/>
      </symbol>
      <symbol id="sm-dc6">
         <name>__aeabi_cdcmple</name>
         <value>0x13910</value>
         <object_component_ref idref="oc-2fd"/>
      </symbol>
      <symbol id="sm-dc7">
         <name>__aeabi_cdrcmple</name>
         <value>0x139f0</value>
         <object_component_ref idref="oc-302"/>
      </symbol>
      <symbol id="sm-ddb">
         <name>__aeabi_ddiv</name>
         <value>0x12b8c</value>
         <object_component_ref idref="oc-158"/>
      </symbol>
      <symbol id="sm-de6">
         <name>__aeabi_dmul</name>
         <value>0x133dc</value>
         <object_component_ref idref="oc-2be"/>
      </symbol>
      <symbol id="sm-df0">
         <name>__aeabi_d2iz</name>
         <value>0x14308</value>
         <object_component_ref idref="oc-2c3"/>
      </symbol>
      <symbol id="sm-dfc">
         <name>__aeabi_d2f</name>
         <value>0x13d28</value>
         <object_component_ref idref="oc-168"/>
      </symbol>
      <symbol id="sm-e06">
         <name>__aeabi_d2uiz</name>
         <value>0x143c0</value>
         <object_component_ref idref="oc-241"/>
      </symbol>
      <symbol id="sm-e17">
         <name>__aeabi_fadd</name>
         <value>0x132ac</value>
         <object_component_ref idref="oc-2b4"/>
      </symbol>
      <symbol id="sm-e18">
         <name>__aeabi_fsub</name>
         <value>0x132a8</value>
         <object_component_ref idref="oc-2b4"/>
      </symbol>
      <symbol id="sm-e23">
         <name>__aeabi_f2d</name>
         <value>0x14364</value>
         <object_component_ref idref="oc-153"/>
      </symbol>
      <symbol id="sm-e2d">
         <name>__aeabi_f2iz</name>
         <value>0x144bc</value>
         <object_component_ref idref="oc-2af"/>
      </symbol>
      <symbol id="sm-e37">
         <name>__aeabi_i2d</name>
         <value>0x145e4</value>
         <object_component_ref idref="oc-2b9"/>
      </symbol>
      <symbol id="sm-e42">
         <name>__aeabi_i2f</name>
         <value>0x14508</value>
         <object_component_ref idref="oc-2a5"/>
      </symbol>
      <symbol id="sm-e5b">
         <name>memcpy</name>
         <value>0x12d1c</value>
         <object_component_ref idref="oc-52"/>
      </symbol>
      <symbol id="sm-e5c">
         <name>__aeabi_memcpy</name>
         <value>0x12d1c</value>
         <object_component_ref idref="oc-52"/>
      </symbol>
      <symbol id="sm-e5d">
         <name>__aeabi_memcpy8</name>
         <value>0x12d1c</value>
         <object_component_ref idref="oc-52"/>
      </symbol>
      <symbol id="sm-e5e">
         <name>__aeabi_memcpy4</name>
         <value>0x12d1c</value>
         <object_component_ref idref="oc-52"/>
      </symbol>
      <symbol id="sm-e68">
         <name>__aeabi_ui2d</name>
         <value>0x14620</value>
         <object_component_ref idref="oc-236"/>
      </symbol>
      <symbol id="sm-e90">
         <name>__TI_auto_init_nobinit_nopinit</name>
         <value>0x14170</value>
         <object_component_ref idref="oc-ff"/>
      </symbol>
      <symbol id="sm-ea3">
         <name>__TI_zero_init</name>
         <value>0x14784</value>
         <object_component_ref idref="oc-64"/>
      </symbol>
      <symbol id="sm-eba">
         <name>__TI_decompress_none</name>
         <value>0x14770</value>
         <object_component_ref idref="oc-14"/>
      </symbol>
      <symbol id="sm-edd">
         <name>__TI_decompress_lzss</name>
         <value>0x13e5c</value>
         <object_component_ref idref="oc-e"/>
      </symbol>
      <symbol id="sm-ee8">
         <name>C$$EXIT</name>
         <value>0x147ac</value>
         <object_component_ref idref="oc-188"/>
      </symbol>
      <symbol id="sm-ee9">
         <name>abort</name>
         <value>0x147ac</value>
         <object_component_ref idref="oc-188"/>
      </symbol>
      <symbol id="sm-ef7">
         <name>atof</name>
         <value>0x147b4</value>
         <object_component_ref idref="oc-331"/>
      </symbol>
      <symbol id="sm-f05">
         <name>strcmp</name>
         <value>0x146d8</value>
         <object_component_ref idref="oc-32b"/>
      </symbol>
      <symbol id="sm-f13">
         <name>strcpy</name>
         <value>0x14744</value>
         <object_component_ref idref="oc-325"/>
      </symbol>
      <symbol id="sm-f21">
         <name>strlen</name>
         <value>0x14724</value>
         <object_component_ref idref="oc-284"/>
      </symbol>
      <symbol id="sm-f7d">
         <name>strtold</name>
         <value>0xedb0</value>
         <object_component_ref idref="oc-482"/>
      </symbol>
      <symbol id="sm-f7e">
         <name>strtod</name>
         <value>0xedb0</value>
         <object_component_ref idref="oc-482"/>
      </symbol>
      <symbol id="sm-f95">
         <name>strtok</name>
         <value>0x141d8</value>
         <object_component_ref idref="oc-31f"/>
      </symbol>
      <symbol id="sm-fab">
         <name>__aeabi_errno_addr</name>
         <value>0x14794</value>
         <object_component_ref idref="oc-2f7"/>
      </symbol>
      <symbol id="sm-fac">
         <name>errno</name>
         <value>0x8003908</value>
         <object_component_ref idref="oc-44c"/>
      </symbol>
      <symbol id="sm-10fe">
         <name>__TI_printfi</name>
         <value>0xa510</value>
         <object_component_ref idref="oc-28c"/>
      </symbol>
      <symbol id="sm-1108">
         <name>__aeabi_idiv0</name>
         <value>0x147c0</value>
         <object_component_ref idref="oc-429"/>
      </symbol>
      <symbol id="sm-1109">
         <name>__aeabi_ldiv0</name>
         <value>0x147c0</value>
         <object_component_ref idref="oc-429"/>
      </symbol>
      <symbol id="sm-1125">
         <name>__aeabi_uldivmod</name>
         <value>0x11690</value>
         <object_component_ref idref="oc-4e7"/>
      </symbol>
      <symbol id="sm-1138">
         <name>atoi</name>
         <value>0x13f70</value>
         <object_component_ref idref="oc-3e8"/>
      </symbol>
      <symbol id="sm-1143">
         <name>_ctypes_</name>
         <value>0x14948</value>
         <object_component_ref idref="oc-4e2"/>
      </symbol>
      <symbol id="sm-1151">
         <name>ltoa</name>
         <value>0x13ff4</value>
         <object_component_ref idref="oc-4ed"/>
      </symbol>
      <symbol id="sm-1160">
         <name>memccpy</name>
         <value>0x14684</value>
         <object_component_ref idref="oc-40c"/>
      </symbol>
      <symbol id="sm-116e">
         <name>strchr</name>
         <value>0x146b0</value>
         <object_component_ref idref="oc-514"/>
      </symbol>
      <symbol id="sm-117f">
         <name>strcspn</name>
         <value>0x145a0</value>
         <object_component_ref idref="oc-473"/>
      </symbol>
      <symbol id="sm-1190">
         <name>strspn</name>
         <value>0x14554</value>
         <object_component_ref idref="oc-46d"/>
      </symbol>
      <symbol id="sm-11a8">
         <name>wcslen</name>
         <value>0x14700</value>
         <object_component_ref idref="oc-412"/>
      </symbol>
      <symbol id="sm-11bb">
         <name>frexpl</name>
         <value>0x140f4</value>
         <object_component_ref idref="oc-50e"/>
      </symbol>
      <symbol id="sm-11bc">
         <name>frexp</name>
         <value>0x140f4</value>
         <object_component_ref idref="oc-50e"/>
      </symbol>
      <symbol id="sm-11c8">
         <name>__aeabi_idivmod</name>
         <value>0x14418</value>
         <object_component_ref idref="oc-565"/>
      </symbol>
      <symbol id="sm-11c9">
         <name>__aeabi_idiv</name>
         <value>0x14418</value>
         <object_component_ref idref="oc-565"/>
      </symbol>
      <symbol id="sm-11ca">
         <name>__TI_static_base__</name>
         <value>0x0</value>
      </symbol>
      <symbol id="sm-11ce">
         <name>SHT$$INIT_ARRAY$$Base</name>
         <value>0x0</value>
      </symbol>
      <symbol id="sm-11cf">
         <name>SHT$$INIT_ARRAY$$Limit</name>
         <value>0x0</value>
      </symbol>
      <symbol id="sm-11d0">
         <name>_system_post_cinit</name>
         <value>0x0</value>
      </symbol>
   </symbol_table>
   <title>Link successful</title>
</link_info>
