<?xml version="1.0" encoding="ISO-8859-1" ?>
<link_info>
   <banner>TI ARM Linker PC v18.12.4.LTS</banner>
   <copyright>Copyright (c) 1996-2018 Texas Instruments Incorporated</copyright>
   <link_time>0x60a44f54</link_time>
   <link_errors>0x0</link_errors>
   <output_file>CC_2021_04x_v1.out</output_file>
   <entry_point>
      <name>_c_int00</name>
      <address>0x14bd8</address>
   </entry_point>
   <input_file_list>
      <input_file id="fl-2">
         <path>.\source\KaanSat_Lib\</path>
         <kind>object</kind>
         <file>Commands.obj</file>
         <name>Commands.obj</name>
      </input_file>
      <input_file id="fl-3">
         <path>.\source\KaanSat_Lib\</path>
         <kind>object</kind>
         <file>PWM.obj</file>
         <name>PWM.obj</name>
      </input_file>
      <input_file id="fl-4">
         <path>.\source\KaanSat_Lib\</path>
         <kind>object</kind>
         <file>Utilities.obj</file>
         <name>Utilities.obj</name>
      </input_file>
      <input_file id="fl-5">
         <path>.\source\</path>
         <kind>object</kind>
         <file>adc.obj</file>
         <name>adc.obj</name>
      </input_file>
      <input_file id="fl-6">
         <path>.\source\</path>
         <kind>object</kind>
         <file>dabort.obj</file>
         <name>dabort.obj</name>
      </input_file>
      <input_file id="fl-7">
         <path>.\source\</path>
         <kind>object</kind>
         <file>errata_SSWF021_45.obj</file>
         <name>errata_SSWF021_45.obj</name>
      </input_file>
      <input_file id="fl-8">
         <path>.\source\</path>
         <kind>object</kind>
         <file>esm.obj</file>
         <name>esm.obj</name>
      </input_file>
      <input_file id="fl-9">
         <path>.\source\</path>
         <kind>object</kind>
         <file>gio.obj</file>
         <name>gio.obj</name>
      </input_file>
      <input_file id="fl-a">
         <path>.\source\</path>
         <kind>object</kind>
         <file>het.obj</file>
         <name>het.obj</name>
      </input_file>
      <input_file id="fl-b">
         <path>.\source\</path>
         <kind>object</kind>
         <file>notification.obj</file>
         <name>notification.obj</name>
      </input_file>
      <input_file id="fl-c">
         <path>.\source\</path>
         <kind>object</kind>
         <file>os_croutine.obj</file>
         <name>os_croutine.obj</name>
      </input_file>
      <input_file id="fl-d">
         <path>.\source\</path>
         <kind>object</kind>
         <file>os_event_groups.obj</file>
         <name>os_event_groups.obj</name>
      </input_file>
      <input_file id="fl-e">
         <path>.\source\</path>
         <kind>object</kind>
         <file>os_heap.obj</file>
         <name>os_heap.obj</name>
      </input_file>
      <input_file id="fl-f">
         <path>.\source\</path>
         <kind>object</kind>
         <file>os_list.obj</file>
         <name>os_list.obj</name>
      </input_file>
      <input_file id="fl-10">
         <path>.\source\</path>
         <kind>object</kind>
         <file>os_mpu_wrappers.obj</file>
         <name>os_mpu_wrappers.obj</name>
      </input_file>
      <input_file id="fl-11">
         <path>.\source\</path>
         <kind>object</kind>
         <file>os_port.obj</file>
         <name>os_port.obj</name>
      </input_file>
      <input_file id="fl-12">
         <path>.\source\</path>
         <kind>object</kind>
         <file>os_portasm.obj</file>
         <name>os_portasm.obj</name>
      </input_file>
      <input_file id="fl-13">
         <path>.\source\</path>
         <kind>object</kind>
         <file>os_queue.obj</file>
         <name>os_queue.obj</name>
      </input_file>
      <input_file id="fl-14">
         <path>.\source\</path>
         <kind>object</kind>
         <file>os_tasks.obj</file>
         <name>os_tasks.obj</name>
      </input_file>
      <input_file id="fl-15">
         <path>.\source\</path>
         <kind>object</kind>
         <file>os_timer.obj</file>
         <name>os_timer.obj</name>
      </input_file>
      <input_file id="fl-16">
         <path>.\source\</path>
         <kind>object</kind>
         <file>pinmux.obj</file>
         <name>pinmux.obj</name>
      </input_file>
      <input_file id="fl-17">
         <path>.\source\</path>
         <kind>object</kind>
         <file>sci.obj</file>
         <name>sci.obj</name>
      </input_file>
      <input_file id="fl-18">
         <path>.\source\</path>
         <kind>object</kind>
         <file>sys_core.obj</file>
         <name>sys_core.obj</name>
      </input_file>
      <input_file id="fl-19">
         <path>.\source\</path>
         <kind>object</kind>
         <file>sys_intvecs.obj</file>
         <name>sys_intvecs.obj</name>
      </input_file>
      <input_file id="fl-1a">
         <path>.\source\</path>
         <kind>object</kind>
         <file>sys_main.obj</file>
         <name>sys_main.obj</name>
      </input_file>
      <input_file id="fl-1b">
         <path>.\source\</path>
         <kind>object</kind>
         <file>sys_mpu.obj</file>
         <name>sys_mpu.obj</name>
      </input_file>
      <input_file id="fl-1c">
         <path>.\source\</path>
         <kind>object</kind>
         <file>sys_pcr.obj</file>
         <name>sys_pcr.obj</name>
      </input_file>
      <input_file id="fl-1d">
         <path>.\source\</path>
         <kind>object</kind>
         <file>sys_phantom.obj</file>
         <name>sys_phantom.obj</name>
      </input_file>
      <input_file id="fl-1e">
         <path>.\source\</path>
         <kind>object</kind>
         <file>sys_pmu.obj</file>
         <name>sys_pmu.obj</name>
      </input_file>
      <input_file id="fl-1f">
         <path>.\source\</path>
         <kind>object</kind>
         <file>sys_selftest.obj</file>
         <name>sys_selftest.obj</name>
      </input_file>
      <input_file id="fl-20">
         <path>.\source\</path>
         <kind>object</kind>
         <file>sys_startup.obj</file>
         <name>sys_startup.obj</name>
      </input_file>
      <input_file id="fl-21">
         <path>.\source\</path>
         <kind>object</kind>
         <file>sys_vim.obj</file>
         <name>sys_vim.obj</name>
      </input_file>
      <input_file id="fl-22">
         <path>.\source\</path>
         <kind>object</kind>
         <file>system.obj</file>
         <name>system.obj</name>
      </input_file>
      <input_file id="fl-26">
         <kind>object</kind>
         <file>&lt;internal&gt;</file>
         <name>&lt;internal&gt;</name>
      </input_file>
      <input_file id="fl-dc">
         <path>C:\ti\ccs930\ccs\tools\compiler\ti-cgt-arm_18.12.4.LTS\lib\</path>
         <kind>archive</kind>
         <file>rtsv7R4_A_be_eabi.lib</file>
         <name>e_log.c.obj</name>
      </input_file>
      <input_file id="fl-dd">
         <path>C:\ti\ccs930\ccs\tools\compiler\ti-cgt-arm_18.12.4.LTS\lib\</path>
         <kind>archive</kind>
         <file>rtsv7R4_A_be_eabi.lib</file>
         <name>e_pow.c.obj</name>
      </input_file>
      <input_file id="fl-de">
         <path>C:\ti\ccs930\ccs\tools\compiler\ti-cgt-arm_18.12.4.LTS\lib\</path>
         <kind>archive</kind>
         <file>rtsv7R4_A_be_eabi.lib</file>
         <name>e_sqrt.c.obj</name>
      </input_file>
      <input_file id="fl-df">
         <path>C:\ti\ccs930\ccs\tools\compiler\ti-cgt-arm_18.12.4.LTS\lib\</path>
         <kind>archive</kind>
         <file>rtsv7R4_A_be_eabi.lib</file>
         <name>s_floor.c.obj</name>
      </input_file>
      <input_file id="fl-e0">
         <path>C:\ti\ccs930\ccs\tools\compiler\ti-cgt-arm_18.12.4.LTS\lib\</path>
         <kind>archive</kind>
         <file>rtsv7R4_A_be_eabi.lib</file>
         <name>s_scalbn.c.obj</name>
      </input_file>
      <input_file id="fl-e1">
         <path>C:\ti\ccs930\ccs\tools\compiler\ti-cgt-arm_18.12.4.LTS\lib\</path>
         <kind>archive</kind>
         <file>rtsv7R4_A_be_eabi.lib</file>
         <name>sprintf.c.obj</name>
      </input_file>
      <input_file id="fl-e2">
         <path>C:\ti\ccs930\ccs\tools\compiler\ti-cgt-arm_18.12.4.LTS\lib\</path>
         <kind>archive</kind>
         <file>rtsv7R4_A_be_eabi.lib</file>
         <name>s_copysign.c.obj</name>
      </input_file>
      <input_file id="fl-e3">
         <path>C:\ti\ccs930\ccs\tools\compiler\ti-cgt-arm_18.12.4.LTS\lib\</path>
         <kind>archive</kind>
         <file>rtsv7R4_A_be_eabi.lib</file>
         <name>memset32.asm.obj</name>
      </input_file>
      <input_file id="fl-e4">
         <path>C:\ti\ccs930\ccs\tools\compiler\ti-cgt-arm_18.12.4.LTS\lib\</path>
         <kind>archive</kind>
         <file>rtsv7R4_A_be_eabi.lib</file>
         <name>u_div32.asm.obj</name>
      </input_file>
      <input_file id="fl-e5">
         <path>C:\ti\ccs930\ccs\tools\compiler\ti-cgt-arm_18.12.4.LTS\lib\</path>
         <kind>archive</kind>
         <file>rtsv7R4_A_be_eabi.lib</file>
         <name>fd_add32.asm.obj</name>
      </input_file>
      <input_file id="fl-e6">
         <path>C:\ti\ccs930\ccs\tools\compiler\ti-cgt-arm_18.12.4.LTS\lib\</path>
         <kind>archive</kind>
         <file>rtsv7R4_A_be_eabi.lib</file>
         <name>fd_cmp32.asm.obj</name>
      </input_file>
      <input_file id="fl-e7">
         <path>C:\ti\ccs930\ccs\tools\compiler\ti-cgt-arm_18.12.4.LTS\lib\</path>
         <kind>archive</kind>
         <file>rtsv7R4_A_be_eabi.lib</file>
         <name>fd_div32.asm.obj</name>
      </input_file>
      <input_file id="fl-e8">
         <path>C:\ti\ccs930\ccs\tools\compiler\ti-cgt-arm_18.12.4.LTS\lib\</path>
         <kind>archive</kind>
         <file>rtsv7R4_A_be_eabi.lib</file>
         <name>fd_mul32.asm.obj</name>
      </input_file>
      <input_file id="fl-e9">
         <path>C:\ti\ccs930\ccs\tools\compiler\ti-cgt-arm_18.12.4.LTS\lib\</path>
         <kind>archive</kind>
         <file>rtsv7R4_A_be_eabi.lib</file>
         <name>fd_toi32.asm.obj</name>
      </input_file>
      <input_file id="fl-ea">
         <path>C:\ti\ccs930\ccs\tools\compiler\ti-cgt-arm_18.12.4.LTS\lib\</path>
         <kind>archive</kind>
         <file>rtsv7R4_A_be_eabi.lib</file>
         <name>fd_tos32.asm.obj</name>
      </input_file>
      <input_file id="fl-eb">
         <path>C:\ti\ccs930\ccs\tools\compiler\ti-cgt-arm_18.12.4.LTS\lib\</path>
         <kind>archive</kind>
         <file>rtsv7R4_A_be_eabi.lib</file>
         <name>fd_tou32.asm.obj</name>
      </input_file>
      <input_file id="fl-ec">
         <path>C:\ti\ccs930\ccs\tools\compiler\ti-cgt-arm_18.12.4.LTS\lib\</path>
         <kind>archive</kind>
         <file>rtsv7R4_A_be_eabi.lib</file>
         <name>fs_add32.asm.obj</name>
      </input_file>
      <input_file id="fl-ed">
         <path>C:\ti\ccs930\ccs\tools\compiler\ti-cgt-arm_18.12.4.LTS\lib\</path>
         <kind>archive</kind>
         <file>rtsv7R4_A_be_eabi.lib</file>
         <name>fs_cmp32.asm.obj</name>
      </input_file>
      <input_file id="fl-ee">
         <path>C:\ti\ccs930\ccs\tools\compiler\ti-cgt-arm_18.12.4.LTS\lib\</path>
         <kind>archive</kind>
         <file>rtsv7R4_A_be_eabi.lib</file>
         <name>fs_div32.asm.obj</name>
      </input_file>
      <input_file id="fl-ef">
         <path>C:\ti\ccs930\ccs\tools\compiler\ti-cgt-arm_18.12.4.LTS\lib\</path>
         <kind>archive</kind>
         <file>rtsv7R4_A_be_eabi.lib</file>
         <name>fs_mul32.asm.obj</name>
      </input_file>
      <input_file id="fl-f0">
         <path>C:\ti\ccs930\ccs\tools\compiler\ti-cgt-arm_18.12.4.LTS\lib\</path>
         <kind>archive</kind>
         <file>rtsv7R4_A_be_eabi.lib</file>
         <name>fs_tod32.asm.obj</name>
      </input_file>
      <input_file id="fl-f1">
         <path>C:\ti\ccs930\ccs\tools\compiler\ti-cgt-arm_18.12.4.LTS\lib\</path>
         <kind>archive</kind>
         <file>rtsv7R4_A_be_eabi.lib</file>
         <name>fs_toi32.asm.obj</name>
      </input_file>
      <input_file id="fl-f2">
         <path>C:\ti\ccs930\ccs\tools\compiler\ti-cgt-arm_18.12.4.LTS\lib\</path>
         <kind>archive</kind>
         <file>rtsv7R4_A_be_eabi.lib</file>
         <name>i_tofd32.asm.obj</name>
      </input_file>
      <input_file id="fl-f3">
         <path>C:\ti\ccs930\ccs\tools\compiler\ti-cgt-arm_18.12.4.LTS\lib\</path>
         <kind>archive</kind>
         <file>rtsv7R4_A_be_eabi.lib</file>
         <name>i_tofs32.asm.obj</name>
      </input_file>
      <input_file id="fl-f4">
         <path>C:\ti\ccs930\ccs\tools\compiler\ti-cgt-arm_18.12.4.LTS\lib\</path>
         <kind>archive</kind>
         <file>rtsv7R4_A_be_eabi.lib</file>
         <name>memcpy32.asm.obj</name>
      </input_file>
      <input_file id="fl-f5">
         <path>C:\ti\ccs930\ccs\tools\compiler\ti-cgt-arm_18.12.4.LTS\lib\</path>
         <kind>archive</kind>
         <file>rtsv7R4_A_be_eabi.lib</file>
         <name>u_tofd32.asm.obj</name>
      </input_file>
      <input_file id="fl-f6">
         <path>C:\ti\ccs930\ccs\tools\compiler\ti-cgt-arm_18.12.4.LTS\lib\</path>
         <kind>archive</kind>
         <file>rtsv7R4_A_be_eabi.lib</file>
         <name>autoinit.c.obj</name>
      </input_file>
      <input_file id="fl-f7">
         <path>C:\ti\ccs930\ccs\tools\compiler\ti-cgt-arm_18.12.4.LTS\lib\</path>
         <kind>archive</kind>
         <file>rtsv7R4_A_be_eabi.lib</file>
         <name>cpy_tbl.c.obj</name>
      </input_file>
      <input_file id="fl-f8">
         <path>C:\ti\ccs930\ccs\tools\compiler\ti-cgt-arm_18.12.4.LTS\lib\</path>
         <kind>archive</kind>
         <file>rtsv7R4_A_be_eabi.lib</file>
         <name>copy_zero_init.c.obj</name>
      </input_file>
      <input_file id="fl-f9">
         <path>C:\ti\ccs930\ccs\tools\compiler\ti-cgt-arm_18.12.4.LTS\lib\</path>
         <kind>archive</kind>
         <file>rtsv7R4_A_be_eabi.lib</file>
         <name>copy_decompress_none.c.obj</name>
      </input_file>
      <input_file id="fl-fa">
         <path>C:\ti\ccs930\ccs\tools\compiler\ti-cgt-arm_18.12.4.LTS\lib\</path>
         <kind>archive</kind>
         <file>rtsv7R4_A_be_eabi.lib</file>
         <name>copy_decompress_lzss.c.obj</name>
      </input_file>
      <input_file id="fl-fb">
         <path>C:\ti\ccs930\ccs\tools\compiler\ti-cgt-arm_18.12.4.LTS\lib\</path>
         <kind>archive</kind>
         <file>rtsv7R4_A_be_eabi.lib</file>
         <name>exit.c.obj</name>
      </input_file>
      <input_file id="fl-fc">
         <path>C:\ti\ccs930\ccs\tools\compiler\ti-cgt-arm_18.12.4.LTS\lib\</path>
         <kind>archive</kind>
         <file>rtsv7R4_A_be_eabi.lib</file>
         <name>_lock.c.obj</name>
      </input_file>
      <input_file id="fl-fd">
         <path>C:\ti\ccs930\ccs\tools\compiler\ti-cgt-arm_18.12.4.LTS\lib\</path>
         <kind>archive</kind>
         <file>rtsv7R4_A_be_eabi.lib</file>
         <name>atof.c.obj</name>
      </input_file>
      <input_file id="fl-fe">
         <path>C:\ti\ccs930\ccs\tools\compiler\ti-cgt-arm_18.12.4.LTS\lib\</path>
         <kind>archive</kind>
         <file>rtsv7R4_A_be_eabi.lib</file>
         <name>atoi.c.obj</name>
      </input_file>
      <input_file id="fl-ff">
         <path>C:\ti\ccs930\ccs\tools\compiler\ti-cgt-arm_18.12.4.LTS\lib\</path>
         <kind>archive</kind>
         <file>rtsv7R4_A_be_eabi.lib</file>
         <name>ctype.c.obj</name>
      </input_file>
      <input_file id="fl-100">
         <path>C:\ti\ccs930\ccs\tools\compiler\ti-cgt-arm_18.12.4.LTS\lib\</path>
         <kind>archive</kind>
         <file>rtsv7R4_A_be_eabi.lib</file>
         <name>strcat.c.obj</name>
      </input_file>
      <input_file id="fl-101">
         <path>C:\ti\ccs930\ccs\tools\compiler\ti-cgt-arm_18.12.4.LTS\lib\</path>
         <kind>archive</kind>
         <file>rtsv7R4_A_be_eabi.lib</file>
         <name>strcmp.c.obj</name>
      </input_file>
      <input_file id="fl-102">
         <path>C:\ti\ccs930\ccs\tools\compiler\ti-cgt-arm_18.12.4.LTS\lib\</path>
         <kind>archive</kind>
         <file>rtsv7R4_A_be_eabi.lib</file>
         <name>strcpy.c.obj</name>
      </input_file>
      <input_file id="fl-103">
         <path>C:\ti\ccs930\ccs\tools\compiler\ti-cgt-arm_18.12.4.LTS\lib\</path>
         <kind>archive</kind>
         <file>rtsv7R4_A_be_eabi.lib</file>
         <name>strlen.c.obj</name>
      </input_file>
      <input_file id="fl-104">
         <path>C:\ti\ccs930\ccs\tools\compiler\ti-cgt-arm_18.12.4.LTS\lib\</path>
         <kind>archive</kind>
         <file>rtsv7R4_A_be_eabi.lib</file>
         <name>strtod.c.obj</name>
      </input_file>
      <input_file id="fl-105">
         <path>C:\ti\ccs930\ccs\tools\compiler\ti-cgt-arm_18.12.4.LTS\lib\</path>
         <kind>archive</kind>
         <file>rtsv7R4_A_be_eabi.lib</file>
         <name>strtok.c.obj</name>
      </input_file>
      <input_file id="fl-106">
         <path>C:\ti\ccs930\ccs\tools\compiler\ti-cgt-arm_18.12.4.LTS\lib\</path>
         <kind>archive</kind>
         <file>rtsv7R4_A_be_eabi.lib</file>
         <name>errno.c.obj</name>
      </input_file>
      <input_file id="fl-107">
         <path>C:\ti\ccs930\ccs\tools\compiler\ti-cgt-arm_18.12.4.LTS\lib\</path>
         <kind>archive</kind>
         <file>rtsv7R4_A_be_eabi.lib</file>
         <name>_printfi.c.obj</name>
      </input_file>
      <input_file id="fl-108">
         <path>C:\ti\ccs930\ccs\tools\compiler\ti-cgt-arm_18.12.4.LTS\lib\</path>
         <kind>archive</kind>
         <file>rtsv7R4_A_be_eabi.lib</file>
         <name>div0.asm.obj</name>
      </input_file>
      <input_file id="fl-109">
         <path>C:\ti\ccs930\ccs\tools\compiler\ti-cgt-arm_18.12.4.LTS\lib\</path>
         <kind>archive</kind>
         <file>rtsv7R4_A_be_eabi.lib</file>
         <name>ull_div32.asm.obj</name>
      </input_file>
      <input_file id="fl-10a">
         <path>C:\ti\ccs930\ccs\tools\compiler\ti-cgt-arm_18.12.4.LTS\lib\</path>
         <kind>archive</kind>
         <file>rtsv7R4_A_be_eabi.lib</file>
         <name>ltoa.c.obj</name>
      </input_file>
      <input_file id="fl-10b">
         <path>C:\ti\ccs930\ccs\tools\compiler\ti-cgt-arm_18.12.4.LTS\lib\</path>
         <kind>archive</kind>
         <file>rtsv7R4_A_be_eabi.lib</file>
         <name>memccpy.c.obj</name>
      </input_file>
      <input_file id="fl-10c">
         <path>C:\ti\ccs930\ccs\tools\compiler\ti-cgt-arm_18.12.4.LTS\lib\</path>
         <kind>archive</kind>
         <file>rtsv7R4_A_be_eabi.lib</file>
         <name>strchr.c.obj</name>
      </input_file>
      <input_file id="fl-10d">
         <path>C:\ti\ccs930\ccs\tools\compiler\ti-cgt-arm_18.12.4.LTS\lib\</path>
         <kind>archive</kind>
         <file>rtsv7R4_A_be_eabi.lib</file>
         <name>strcspn.c.obj</name>
      </input_file>
      <input_file id="fl-10e">
         <path>C:\ti\ccs930\ccs\tools\compiler\ti-cgt-arm_18.12.4.LTS\lib\</path>
         <kind>archive</kind>
         <file>rtsv7R4_A_be_eabi.lib</file>
         <name>strspn.c.obj</name>
      </input_file>
      <input_file id="fl-10f">
         <path>C:\ti\ccs930\ccs\tools\compiler\ti-cgt-arm_18.12.4.LTS\lib\</path>
         <kind>archive</kind>
         <file>rtsv7R4_A_be_eabi.lib</file>
         <name>wcslen.c.obj</name>
      </input_file>
      <input_file id="fl-110">
         <path>C:\ti\ccs930\ccs\tools\compiler\ti-cgt-arm_18.12.4.LTS\lib\</path>
         <kind>archive</kind>
         <file>rtsv7R4_A_be_eabi.lib</file>
         <name>s_frexp.c.obj</name>
      </input_file>
      <input_file id="fl-111">
         <path>C:\ti\ccs930\ccs\tools\compiler\ti-cgt-arm_18.12.4.LTS\lib\</path>
         <kind>archive</kind>
         <file>rtsv7R4_A_be_eabi.lib</file>
         <name>i_div32.asm.obj</name>
      </input_file>
   </input_file_list>
   <object_component_list>
      <object_component id="oc-30">
         <name>.intvecs</name>
         <load_address>0x0</load_address>
         <run_address>0x0</run_address>
         <size>0x20</size>
         <input_file_ref idref="fl-19"/>
      </object_component>
      <object_component id="oc-153">
         <name>.kernelTEXT</name>
         <load_address>0x20</load_address>
         <run_address>0x20</run_address>
         <size>0x2bdc</size>
         <input_file_ref idref="fl-14"/>
      </object_component>
      <object_component id="oc-27d">
         <name>.kernelTEXT</name>
         <load_address>0x2bfc</load_address>
         <run_address>0x2bfc</run_address>
         <size>0x11dc</size>
         <input_file_ref idref="fl-13"/>
      </object_component>
      <object_component id="oc-283">
         <name>.kernelTEXT</name>
         <load_address>0x3dd8</load_address>
         <run_address>0x3dd8</run_address>
         <size>0x81c</size>
         <input_file_ref idref="fl-d"/>
      </object_component>
      <object_component id="oc-335">
         <name>.kernelTEXT</name>
         <load_address>0x45f4</load_address>
         <run_address>0x45f4</run_address>
         <size>0x3bc</size>
         <input_file_ref idref="fl-11"/>
      </object_component>
      <object_component id="oc-a2">
         <name>.kernelTEXT</name>
         <load_address>0x49b0</load_address>
         <run_address>0x49b0</run_address>
         <size>0x3b0</size>
         <input_file_ref idref="fl-12"/>
      </object_component>
      <object_component id="oc-329">
         <name>.kernelTEXT</name>
         <load_address>0x4d60</load_address>
         <run_address>0x4d60</run_address>
         <size>0x380</size>
         <input_file_ref idref="fl-e"/>
      </object_component>
      <object_component id="oc-682">
         <name>.cinit..data.load</name>
         <load_address>0x50e0</load_address>
         <run_address>0x50e0</run_address>
         <size>0x69</size>
      </object_component>
      <object_component id="oc-67d">
         <name>__TI_handler_table</name>
         <load_address>0x514c</load_address>
         <run_address>0x514c</run_address>
         <size>0xc</size>
      </object_component>
      <object_component id="oc-67f">
         <name>.cinit..kernelBSS.load</name>
         <load_address>0x5158</load_address>
         <run_address>0x5158</run_address>
         <size>0x9</size>
      </object_component>
      <object_component id="oc-681">
         <name>.cinit..bss.load</name>
         <load_address>0x5168</load_address>
         <run_address>0x5168</run_address>
         <size>0x8</size>
      </object_component>
      <object_component id="oc-680">
         <name>.cinit..kernelHEAP.load</name>
         <load_address>0x5170</load_address>
         <run_address>0x5170</run_address>
         <size>0x8</size>
      </object_component>
      <object_component id="oc-67e">
         <name>__TI_cinit_table</name>
         <load_address>0x5178</load_address>
         <run_address>0x5178</run_address>
         <size>0x20</size>
      </object_component>
      <object_component id="oc-81">
         <name>.text</name>
         <load_address>0x8020</load_address>
         <run_address>0x8020</run_address>
         <size>0x24f0</size>
         <input_file_ref idref="fl-1f"/>
      </object_component>
      <object_component id="oc-346">
         <name>.text:__TI_printfi</name>
         <load_address>0xa510</load_address>
         <run_address>0xa510</run_address>
         <size>0xff0</size>
         <input_file_ref idref="fl-107"/>
      </object_component>
      <object_component id="oc-16f">
         <name>.text</name>
         <load_address>0xb500</load_address>
         <run_address>0xb500</run_address>
         <size>0xe8c</size>
         <input_file_ref idref="fl-2"/>
      </object_component>
      <object_component id="oc-2bf">
         <name>.text:pow</name>
         <load_address>0xc38c</load_address>
         <run_address>0xc38c</run_address>
         <size>0xe8c</size>
         <input_file_ref idref="fl-dd"/>
      </object_component>
      <object_component id="oc-14d">
         <name>.text</name>
         <load_address>0xd218</load_address>
         <run_address>0xd218</run_address>
         <size>0xbd4</size>
         <input_file_ref idref="fl-4"/>
      </object_component>
      <object_component id="oc-7b">
         <name>.text</name>
         <load_address>0xddec</load_address>
         <run_address>0xddec</run_address>
         <size>0xaa0</size>
         <input_file_ref idref="fl-22"/>
      </object_component>
      <object_component id="oc-13b">
         <name>.text</name>
         <load_address>0xe88c</load_address>
         <run_address>0xe88c</run_address>
         <size>0xa78</size>
         <input_file_ref idref="fl-5"/>
      </object_component>
      <object_component id="oc-147">
         <name>.text</name>
         <load_address>0xf304</load_address>
         <run_address>0xf304</run_address>
         <size>0x9a0</size>
         <input_file_ref idref="fl-10"/>
      </object_component>
      <object_component id="oc-135">
         <name>.text</name>
         <load_address>0xfca4</load_address>
         <run_address>0xfca4</run_address>
         <size>0x8fc</size>
         <input_file_ref idref="fl-a"/>
      </object_component>
      <object_component id="oc-40">
         <name>.text</name>
         <load_address>0x105a0</load_address>
         <run_address>0x105a0</run_address>
         <size>0x89c</size>
         <input_file_ref idref="fl-21"/>
      </object_component>
      <object_component id="oc-141">
         <name>.text</name>
         <load_address>0x10e3c</load_address>
         <run_address>0x10e3c</run_address>
         <size>0x6e4</size>
         <input_file_ref idref="fl-17"/>
      </object_component>
      <object_component id="oc-6f">
         <name>.text</name>
         <load_address>0x11520</load_address>
         <run_address>0x11520</run_address>
         <size>0x664</size>
         <input_file_ref idref="fl-7"/>
      </object_component>
      <object_component id="oc-51b">
         <name>.text:strtod</name>
         <load_address>0x11b84</load_address>
         <run_address>0x11b84</run_address>
         <size>0x664</size>
         <input_file_ref idref="fl-104"/>
      </object_component>
      <object_component id="oc-87">
         <name>.text</name>
         <load_address>0x121e8</load_address>
         <run_address>0x121e8</run_address>
         <size>0x5bc</size>
         <input_file_ref idref="fl-8"/>
      </object_component>
      <object_component id="oc-2d5">
         <name>.text:log</name>
         <load_address>0x127a4</load_address>
         <run_address>0x127a4</run_address>
         <size>0x58c</size>
         <input_file_ref idref="fl-dc"/>
      </object_component>
      <object_component id="oc-8e">
         <name>.text</name>
         <load_address>0x12d30</load_address>
         <run_address>0x12d30</run_address>
         <size>0x4f4</size>
         <input_file_ref idref="fl-1a"/>
      </object_component>
      <object_component id="oc-2a">
         <name>.text:retain</name>
         <load_address>0x13224</load_address>
         <run_address>0x13224</run_address>
         <size>0x384</size>
         <input_file_ref idref="fl-17"/>
      </object_component>
      <object_component id="oc-12f">
         <name>.text</name>
         <load_address>0x135a8</load_address>
         <run_address>0x135a8</run_address>
         <size>0x36c</size>
         <input_file_ref idref="fl-9"/>
      </object_component>
      <object_component id="oc-4dd">
         <name>.text:_pconv_a</name>
         <load_address>0x13914</load_address>
         <run_address>0x13914</run_address>
         <size>0x364</size>
         <input_file_ref idref="fl-107"/>
      </object_component>
      <object_component id="oc-6a">
         <name>.text</name>
         <load_address>0x13c78</load_address>
         <run_address>0x13c78</run_address>
         <size>0x2d0</size>
         <input_file_ref idref="fl-18"/>
      </object_component>
      <object_component id="oc-4cb">
         <name>.text:_pconv_g</name>
         <load_address>0x13f48</load_address>
         <run_address>0x13f48</run_address>
         <size>0x2c0</size>
         <input_file_ref idref="fl-107"/>
      </object_component>
      <object_component id="oc-5b0">
         <name>.text</name>
         <load_address>0x14208</load_address>
         <run_address>0x14208</run_address>
         <size>0x2b8</size>
         <input_file_ref idref="fl-109"/>
      </object_component>
      <object_component id="oc-4a2">
         <name>.text</name>
         <load_address>0x144c0</load_address>
         <run_address>0x144c0</run_address>
         <size>0x278</size>
         <input_file_ref idref="fl-e"/>
      </object_component>
      <object_component id="oc-3b">
         <name>.text:retain</name>
         <load_address>0x14738</load_address>
         <run_address>0x14738</run_address>
         <size>0x268</size>
         <input_file_ref idref="fl-21"/>
      </object_component>
      <object_component id="oc-32f">
         <name>.text</name>
         <load_address>0x149a0</load_address>
         <run_address>0x149a0</run_address>
         <size>0x238</size>
         <input_file_ref idref="fl-f"/>
      </object_component>
      <object_component id="oc-1b">
         <name>.text:retain</name>
         <load_address>0x14bd8</load_address>
         <run_address>0x14bd8</run_address>
         <size>0x21c</size>
         <input_file_ref idref="fl-20"/>
      </object_component>
      <object_component id="oc-26b">
         <name>.text</name>
         <load_address>0x14df4</load_address>
         <run_address>0x14df4</run_address>
         <size>0x214</size>
         <input_file_ref idref="fl-e5"/>
      </object_component>
      <object_component id="oc-2ca">
         <name>.text:sqrt</name>
         <load_address>0x15008</load_address>
         <run_address>0x15008</run_address>
         <size>0x1ec</size>
         <input_file_ref idref="fl-de"/>
      </object_component>
      <object_component id="oc-4b2">
         <name>.text</name>
         <load_address>0x151f4</load_address>
         <run_address>0x151f4</run_address>
         <size>0x1b4</size>
         <input_file_ref idref="fl-11"/>
      </object_component>
      <object_component id="oc-4d7">
         <name>.text:_pconv_e</name>
         <load_address>0x153a8</load_address>
         <run_address>0x153a8</run_address>
         <size>0x1b0</size>
         <input_file_ref idref="fl-107"/>
      </object_component>
      <object_component id="oc-5c9">
         <name>.text:fcvt</name>
         <load_address>0x15558</load_address>
         <run_address>0x15558</run_address>
         <size>0x1ac</size>
         <input_file_ref idref="fl-107"/>
      </object_component>
      <object_component id="oc-169">
         <name>.text</name>
         <load_address>0x15704</load_address>
         <run_address>0x15704</run_address>
         <size>0x198</size>
         <input_file_ref idref="fl-3"/>
      </object_component>
      <object_component id="oc-248">
         <name>.text</name>
         <load_address>0x1589c</load_address>
         <run_address>0x1589c</run_address>
         <size>0x190</size>
         <input_file_ref idref="fl-e7"/>
      </object_component>
      <object_component id="oc-52">
         <name>.text</name>
         <load_address>0x15a2c</load_address>
         <run_address>0x15a2c</run_address>
         <size>0x180</size>
         <input_file_ref idref="fl-f4"/>
      </object_component>
      <object_component id="oc-277">
         <name>.text</name>
         <load_address>0x15bac</load_address>
         <run_address>0x15bac</run_address>
         <size>0x164</size>
         <input_file_ref idref="fl-14"/>
      </object_component>
      <object_component id="oc-270">
         <name>.text:floor</name>
         <load_address>0x15d10</load_address>
         <run_address>0x15d10</run_address>
         <size>0x158</size>
         <input_file_ref idref="fl-df"/>
      </object_component>
      <object_component id="oc-e9">
         <name>.text</name>
         <load_address>0x15e68</load_address>
         <run_address>0x15e68</run_address>
         <size>0x150</size>
         <input_file_ref idref="fl-16"/>
      </object_component>
      <object_component id="oc-2b0">
         <name>.text</name>
         <load_address>0x15fb8</load_address>
         <run_address>0x15fb8</run_address>
         <size>0x134</size>
         <input_file_ref idref="fl-ec"/>
      </object_component>
      <object_component id="oc-243">
         <name>.text</name>
         <load_address>0x160ec</load_address>
         <run_address>0x160ec</run_address>
         <size>0x128</size>
         <input_file_ref idref="fl-e8"/>
      </object_component>
      <object_component id="oc-463">
         <name>.text:scalbn</name>
         <load_address>0x16214</load_address>
         <run_address>0x16214</run_address>
         <size>0x120</size>
         <input_file_ref idref="fl-e0"/>
      </object_component>
      <object_component id="oc-4c5">
         <name>.text:_ltostr</name>
         <load_address>0x16334</load_address>
         <run_address>0x16334</run_address>
         <size>0x115</size>
         <input_file_ref idref="fl-107"/>
      </object_component>
      <object_component id="oc-21">
         <name>.text:retain</name>
         <load_address>0x1644c</load_address>
         <run_address>0x1644c</run_address>
         <size>0xec</size>
         <input_file_ref idref="fl-8"/>
      </object_component>
      <object_component id="oc-ae">
         <name>.text</name>
         <load_address>0x16538</load_address>
         <run_address>0x16538</run_address>
         <size>0xe8</size>
         <input_file_ref idref="fl-6"/>
      </object_component>
      <object_component id="oc-45e">
         <name>.text:__aeabi_cdcmple</name>
         <load_address>0x16620</load_address>
         <run_address>0x16620</run_address>
         <size>0xe0</size>
         <input_file_ref idref="fl-e6"/>
      </object_component>
      <object_component id="oc-433">
         <name>.text:__aeabi_cdrcmple</name>
         <load_address>0x16700</load_address>
         <run_address>0x16700</run_address>
         <size>0xe0</size>
         <input_file_ref idref="fl-e6"/>
      </object_component>
      <object_component id="oc-f1">
         <name>.text</name>
         <load_address>0x167e0</load_address>
         <run_address>0x167e0</run_address>
         <size>0xe0</size>
         <input_file_ref idref="fl-1e"/>
      </object_component>
      <object_component id="oc-96">
         <name>.text</name>
         <load_address>0x168c0</load_address>
         <run_address>0x168c0</run_address>
         <size>0xd4</size>
         <input_file_ref idref="fl-b"/>
      </object_component>
      <object_component id="oc-2b5">
         <name>.text</name>
         <load_address>0x16994</load_address>
         <run_address>0x16994</run_address>
         <size>0xd4</size>
         <input_file_ref idref="fl-ee"/>
      </object_component>
      <object_component id="oc-5c2">
         <name>.text:_mcpy</name>
         <load_address>0x16a68</load_address>
         <run_address>0x16a68</run_address>
         <size>0xc8</size>
         <input_file_ref idref="fl-107"/>
      </object_component>
      <object_component id="oc-db">
         <name>.text</name>
         <load_address>0x16b30</load_address>
         <run_address>0x16b30</run_address>
         <size>0xb0</size>
         <input_file_ref idref="fl-e3"/>
      </object_component>
      <object_component id="oc-2d0">
         <name>.text</name>
         <load_address>0x16be0</load_address>
         <run_address>0x16be0</run_address>
         <size>0xa8</size>
         <input_file_ref idref="fl-ef"/>
      </object_component>
      <object_component id="oc-2c5">
         <name>.text</name>
         <load_address>0x16c88</load_address>
         <run_address>0x16c88</run_address>
         <size>0x9c</size>
         <input_file_ref idref="fl-ea"/>
      </object_component>
      <object_component id="oc-5bc">
         <name>.text:_ecpy</name>
         <load_address>0x16d24</load_address>
         <run_address>0x16d24</run_address>
         <size>0x98</size>
         <input_file_ref idref="fl-107"/>
      </object_component>
      <object_component id="oc-e">
         <name>.text:decompress:lzss:__TI_decompress_lzss</name>
         <load_address>0x16dbc</load_address>
         <run_address>0x16dbc</run_address>
         <size>0x90</size>
         <input_file_ref idref="fl-fa"/>
      </object_component>
      <object_component id="oc-164">
         <name>.text:__aeabi_cfcmple</name>
         <load_address>0x16e4c</load_address>
         <run_address>0x16e4c</run_address>
         <size>0x88</size>
         <input_file_ref idref="fl-ed"/>
      </object_component>
      <object_component id="oc-15f">
         <name>.text:__aeabi_cfrcmple</name>
         <load_address>0x16ed4</load_address>
         <run_address>0x16ed4</run_address>
         <size>0x88</size>
         <input_file_ref idref="fl-ed"/>
      </object_component>
      <object_component id="oc-4d1">
         <name>.text:_pconv_f</name>
         <load_address>0x16f5c</load_address>
         <run_address>0x16f5c</run_address>
         <size>0x84</size>
         <input_file_ref idref="fl-107"/>
      </object_component>
      <object_component id="oc-373">
         <name>.text:atoi</name>
         <load_address>0x16fe0</load_address>
         <run_address>0x16fe0</run_address>
         <size>0x84</size>
         <input_file_ref idref="fl-fe"/>
      </object_component>
      <object_component id="oc-5b6">
         <name>.text:ltoa</name>
         <load_address>0x17064</load_address>
         <run_address>0x17064</run_address>
         <size>0x80</size>
         <input_file_ref idref="fl-10a"/>
      </object_component>
      <object_component id="oc-5d7">
         <name>.text:frexp</name>
         <load_address>0x170e4</load_address>
         <run_address>0x170e4</run_address>
         <size>0x7c</size>
         <input_file_ref idref="fl-110"/>
      </object_component>
      <object_component id="oc-ff">
         <name>.text:__TI_auto_init_nobinit_nopinit:__TI_auto_init_nobinit_nopinit</name>
         <load_address>0x17160</load_address>
         <run_address>0x17160</run_address>
         <size>0x68</size>
         <input_file_ref idref="fl-f6"/>
      </object_component>
      <object_component id="oc-367">
         <name>.text:strtok</name>
         <load_address>0x171c8</load_address>
         <run_address>0x171c8</run_address>
         <size>0x68</size>
         <input_file_ref idref="fl-105"/>
      </object_component>
      <object_component id="oc-5cf">
         <name>.text:_fcpy</name>
         <load_address>0x17230</load_address>
         <run_address>0x17230</run_address>
         <size>0x64</size>
         <input_file_ref idref="fl-107"/>
      </object_component>
      <object_component id="oc-159">
         <name>.text:sprintf</name>
         <load_address>0x17294</load_address>
         <run_address>0x17294</run_address>
         <size>0x64</size>
         <input_file_ref idref="fl-e1"/>
      </object_component>
      <object_component id="oc-2e5">
         <name>.text</name>
         <load_address>0x172f8</load_address>
         <run_address>0x172f8</run_address>
         <size>0x5c</size>
         <input_file_ref idref="fl-e9"/>
      </object_component>
      <object_component id="oc-2ba">
         <name>.text</name>
         <load_address>0x17354</load_address>
         <run_address>0x17354</run_address>
         <size>0x5c</size>
         <input_file_ref idref="fl-f0"/>
      </object_component>
      <object_component id="oc-24d">
         <name>.text</name>
         <load_address>0x173b0</load_address>
         <run_address>0x173b0</run_address>
         <size>0x58</size>
         <input_file_ref idref="fl-eb"/>
      </object_component>
      <object_component id="oc-629">
         <name>.text</name>
         <load_address>0x17408</load_address>
         <run_address>0x17408</run_address>
         <size>0x54</size>
         <input_file_ref idref="fl-111"/>
      </object_component>
      <object_component id="oc-23e">
         <name>.text</name>
         <load_address>0x1745c</load_address>
         <run_address>0x1745c</run_address>
         <size>0x50</size>
         <input_file_ref idref="fl-e4"/>
      </object_component>
      <object_component id="oc-2db">
         <name>.text</name>
         <load_address>0x174ac</load_address>
         <run_address>0x174ac</run_address>
         <size>0x4c</size>
         <input_file_ref idref="fl-f1"/>
      </object_component>
      <object_component id="oc-29f">
         <name>.text</name>
         <load_address>0x174f8</load_address>
         <run_address>0x174f8</run_address>
         <size>0x4c</size>
         <input_file_ref idref="fl-f3"/>
      </object_component>
      <object_component id="oc-503">
         <name>.text:strspn</name>
         <load_address>0x17544</load_address>
         <run_address>0x17544</run_address>
         <size>0x4c</size>
         <input_file_ref idref="fl-10e"/>
      </object_component>
      <object_component id="oc-509">
         <name>.text:strcspn</name>
         <load_address>0x17590</load_address>
         <run_address>0x17590</run_address>
         <size>0x44</size>
         <input_file_ref idref="fl-10d"/>
      </object_component>
      <object_component id="oc-2e0">
         <name>.text</name>
         <load_address>0x175d4</load_address>
         <run_address>0x175d4</run_address>
         <size>0x3c</size>
         <input_file_ref idref="fl-f2"/>
      </object_component>
      <object_component id="oc-252">
         <name>.text</name>
         <load_address>0x17610</load_address>
         <run_address>0x17610</run_address>
         <size>0x34</size>
         <input_file_ref idref="fl-f5"/>
      </object_component>
      <object_component id="oc-34c">
         <name>.text:_outs</name>
         <load_address>0x17644</load_address>
         <run_address>0x17644</run_address>
         <size>0x30</size>
         <input_file_ref idref="fl-e1"/>
      </object_component>
      <object_component id="oc-4e3">
         <name>.text:memccpy</name>
         <load_address>0x17674</load_address>
         <run_address>0x17674</run_address>
         <size>0x2c</size>
         <input_file_ref idref="fl-10b"/>
      </object_component>
      <object_component id="oc-2a4">
         <name>.text:strcat</name>
         <load_address>0x176a0</load_address>
         <run_address>0x176a0</run_address>
         <size>0x28</size>
         <input_file_ref idref="fl-100"/>
      </object_component>
      <object_component id="oc-5dd">
         <name>.text:strchr</name>
         <load_address>0x176c8</load_address>
         <run_address>0x176c8</run_address>
         <size>0x28</size>
         <input_file_ref idref="fl-10c"/>
      </object_component>
      <object_component id="oc-36d">
         <name>.text:strcmp</name>
         <load_address>0x176f0</load_address>
         <run_address>0x176f0</run_address>
         <size>0x28</size>
         <input_file_ref idref="fl-101"/>
      </object_component>
      <object_component id="oc-4e9">
         <name>.text:wcslen</name>
         <load_address>0x17718</load_address>
         <run_address>0x17718</run_address>
         <size>0x24</size>
         <input_file_ref idref="fl-10f"/>
      </object_component>
      <object_component id="oc-33e">
         <name>.text:strlen</name>
         <load_address>0x1773c</load_address>
         <run_address>0x1773c</run_address>
         <size>0x20</size>
         <input_file_ref idref="fl-103"/>
      </object_component>
      <object_component id="oc-2aa">
         <name>.text:strcpy</name>
         <load_address>0x1775c</load_address>
         <run_address>0x1775c</run_address>
         <size>0x18</size>
         <input_file_ref idref="fl-102"/>
      </object_component>
      <object_component id="oc-352">
         <name>.text:_outc</name>
         <load_address>0x17774</load_address>
         <run_address>0x17774</run_address>
         <size>0x14</size>
         <input_file_ref idref="fl-e1"/>
      </object_component>
      <object_component id="oc-14">
         <name>.text:decompress:none:__TI_decompress_none</name>
         <load_address>0x17788</load_address>
         <run_address>0x17788</run_address>
         <size>0x14</size>
         <input_file_ref idref="fl-f9"/>
      </object_component>
      <object_component id="oc-64">
         <name>.text:decompress:ZI:__TI_zero_init</name>
         <load_address>0x1779c</load_address>
         <run_address>0x1779c</run_address>
         <size>0x10</size>
         <input_file_ref idref="fl-f8"/>
      </object_component>
      <object_component id="oc-458">
         <name>.text:__aeabi_errno_addr</name>
         <load_address>0x177ac</load_address>
         <run_address>0x177ac</run_address>
         <size>0xc</size>
         <input_file_ref idref="fl-106"/>
      </object_component>
      <object_component id="oc-583">
         <name>.text:copysign</name>
         <load_address>0x177b8</load_address>
         <run_address>0x177b8</run_address>
         <size>0xc</size>
         <input_file_ref idref="fl-e2"/>
      </object_component>
      <object_component id="oc-18f">
         <name>.text:abort:abort</name>
         <load_address>0x177c4</load_address>
         <run_address>0x177c4</run_address>
         <size>0x8</size>
         <input_file_ref idref="fl-fb"/>
      </object_component>
      <object_component id="oc-379">
         <name>.text:atof</name>
         <load_address>0x177cc</load_address>
         <run_address>0x177cc</run_address>
         <size>0x8</size>
         <input_file_ref idref="fl-fd"/>
      </object_component>
      <object_component id="oc-35">
         <name>.text:retain</name>
         <load_address>0x177d4</load_address>
         <run_address>0x177d4</run_address>
         <size>0x4</size>
         <input_file_ref idref="fl-1d"/>
      </object_component>
      <object_component id="oc-41e">
         <name>.text</name>
         <load_address>0x177d8</load_address>
         <run_address>0x177d8</run_address>
         <size>0x4</size>
         <input_file_ref idref="fl-108"/>
      </object_component>
      <object_component id="oc-75">
         <name>.text</name>
         <load_address>0x177dc</load_address>
         <run_address>0x177dc</run_address>
         <size>0x4</size>
         <input_file_ref idref="fl-20"/>
      </object_component>
      <object_component id="oc-257">
         <name>.const:het1PROGRAM</name>
         <load_address>0x177e0</load_address>
         <run_address>0x177e0</run_address>
         <size>0x3a0</size>
         <input_file_ref idref="fl-a"/>
      </object_component>
      <object_component id="oc-27">
         <name>.const:s_vim_init</name>
         <load_address>0x17b80</load_address>
         <run_address>0x17b80</run_address>
         <size>0x180</size>
         <input_file_ref idref="fl-21"/>
      </object_component>
      <object_component id="oc-516">
         <name>.const:.string:_ctypes_</name>
         <load_address>0x17d00</load_address>
         <run_address>0x17d00</run_address>
         <size>0x101</size>
         <input_file_ref idref="fl-ff"/>
      </object_component>
      <object_component id="oc-2ea">
         <name>.const:.string:$P$T0$1</name>
         <load_address>0x17e01</load_address>
         <run_address>0x17e01</run_address>
         <size>0x2</size>
         <input_file_ref idref="fl-4"/>
      </object_component>
      <object_component id="oc-2ed">
         <name>.const:.string:$P$T1$2</name>
         <load_address>0x17e03</load_address>
         <run_address>0x17e03</run_address>
         <size>0x2</size>
         <input_file_ref idref="fl-4"/>
      </object_component>
      <object_component id="oc-2f0">
         <name>.const:.string:$P$T2$3</name>
         <load_address>0x17e05</load_address>
         <run_address>0x17e05</run_address>
         <size>0x2</size>
         <input_file_ref idref="fl-4"/>
      </object_component>
      <object_component id="oc-60d">
         <name>.const:digits</name>
         <load_address>0x17e08</load_address>
         <run_address>0x17e08</run_address>
         <size>0x80</size>
         <input_file_ref idref="fl-104"/>
      </object_component>
      <object_component id="oc-3cd">
         <name>.const:.string</name>
         <load_address>0x17e88</load_address>
         <run_address>0x17e88</run_address>
         <size>0x68</size>
         <input_file_ref idref="fl-4"/>
      </object_component>
      <object_component id="oc-610">
         <name>.const:powerof10</name>
         <load_address>0x17ef0</load_address>
         <run_address>0x17ef0</run_address>
         <size>0x48</size>
         <input_file_ref idref="fl-104"/>
      </object_component>
      <object_component id="oc-3a7">
         <name>.const:.string:$P$T1$2</name>
         <load_address>0x17f38</load_address>
         <run_address>0x17f38</run_address>
         <size>0x28</size>
         <input_file_ref idref="fl-2"/>
      </object_component>
      <object_component id="oc-361">
         <name>.const:s_het1pwmPolarity</name>
         <load_address>0x17f60</load_address>
         <run_address>0x17f60</run_address>
         <size>0x20</size>
         <input_file_ref idref="fl-3"/>
      </object_component>
      <object_component id="oc-25a">
         <name>.const:s_het1pwmPolarity</name>
         <load_address>0x17f80</load_address>
         <run_address>0x17f80</run_address>
         <size>0x20</size>
         <input_file_ref idref="fl-a"/>
      </object_component>
      <object_component id="oc-3a4">
         <name>.const:.string:$P$T0$1</name>
         <load_address>0x17fa0</load_address>
         <run_address>0x17fa0</run_address>
         <size>0x1e</size>
         <input_file_ref idref="fl-2"/>
      </object_component>
      <object_component id="oc-3aa">
         <name>.const:.string:$P$T2$3</name>
         <load_address>0x17fbe</load_address>
         <run_address>0x17fbe</run_address>
         <size>0x1d</size>
         <input_file_ref idref="fl-2"/>
      </object_component>
      <object_component id="oc-186">
         <name>.const:$P$T0$1</name>
         <load_address>0x17fdc</load_address>
         <run_address>0x17fdc</run_address>
         <size>0x14</size>
         <input_file_ref idref="fl-1a"/>
      </object_component>
      <object_component id="oc-469">
         <name>.const:bp</name>
         <load_address>0x17ff0</load_address>
         <run_address>0x17ff0</run_address>
         <size>0x10</size>
         <input_file_ref idref="fl-dd"/>
      </object_component>
      <object_component id="oc-46c">
         <name>.const:dp_h</name>
         <load_address>0x18000</load_address>
         <run_address>0x18000</run_address>
         <size>0x10</size>
         <input_file_ref idref="fl-dd"/>
      </object_component>
      <object_component id="oc-46f">
         <name>.const:dp_l</name>
         <load_address>0x18010</load_address>
         <run_address>0x18010</run_address>
         <size>0x10</size>
         <input_file_ref idref="fl-dd"/>
      </object_component>
      <object_component id="oc-3ad">
         <name>.const:$P$T3$4</name>
         <load_address>0x18020</load_address>
         <run_address>0x18020</run_address>
         <size>0xc</size>
         <input_file_ref idref="fl-2"/>
      </object_component>
      <object_component id="oc-264">
         <name>.const:s_adcFiFoSize</name>
         <load_address>0x1802c</load_address>
         <run_address>0x1802c</run_address>
         <size>0xc</size>
         <input_file_ref idref="fl-5"/>
      </object_component>
      <object_component id="oc-267">
         <name>.const:s_adcSelect</name>
         <load_address>0x18038</load_address>
         <run_address>0x18038</run_address>
         <size>0xc</size>
         <input_file_ref idref="fl-5"/>
      </object_component>
      <object_component id="oc-1a2">
         <name>.kernelBSS:init</name>
         <load_address>0x80008d0</load_address>
         <run_address>0x80008d0</run_address>
         <size>0x34</size>
         <input_file_ref idref="fl-14"/>
      </object_component>
      <object_component id="oc-33b">
         <name>.kernelBSS:uninit</name>
         <load_address>0x8000800</load_address>
         <run_address>0x8000800</run_address>
         <size>0xd0</size>
         <input_file_ref idref="fl-14"/>
      </object_component>
      <object_component id="oc-59a">
         <name>.kernelHEAP</name>
         <uninitialized>true</uninitialized>
         <run_address>0x8001000</run_address>
         <size>0x2000</size>
         <input_file_ref idref="fl-e"/>
      </object_component>
      <object_component id="oc-383">
         <name>.bss:receivedData</name>
         <uninitialized>true</uninitialized>
         <run_address>0x8003110</run_address>
         <size>0x18</size>
         <input_file_ref idref="fl-2"/>
      </object_component>
      <object_component id="oc-386">
         <name>.bss:receivedData2</name>
         <uninitialized>true</uninitialized>
         <run_address>0x80030e0</run_address>
         <size>0x18</size>
         <input_file_ref idref="fl-2"/>
      </object_component>
      <object_component id="oc-389">
         <name>.bss:receivedData3</name>
         <uninitialized>true</uninitialized>
         <run_address>0x80030f8</run_address>
         <size>0x18</size>
         <input_file_ref idref="fl-2"/>
      </object_component>
      <object_component id="oc-38c">
         <name>.bss:auxReceivedData</name>
         <uninitialized>true</uninitialized>
         <run_address>0x80030c8</run_address>
         <size>0x18</size>
         <input_file_ref idref="fl-2"/>
      </object_component>
      <object_component id="oc-4ab">
         <name>.bss:xStart</name>
         <uninitialized>true</uninitialized>
         <run_address>0x800318c</run_address>
         <size>0x8</size>
         <input_file_ref idref="fl-e"/>
      </object_component>
      <object_component id="oc-aa">
         <name>.bss:g_sciTransfer_t</name>
         <uninitialized>true</uninitialized>
         <run_address>0x8003158</run_address>
         <size>0x14</size>
         <input_file_ref idref="fl-17"/>
      </object_component>
      <object_component id="oc-175">
         <name>.bss:receivedData</name>
         <uninitialized>true</uninitialized>
         <run_address>0x8003128</run_address>
         <size>0x18</size>
         <input_file_ref idref="fl-1a"/>
      </object_component>
      <object_component id="oc-3a1">
         <name>.common:newData</name>
         <uninitialized>true</uninitialized>
         <run_address>0x8003194</run_address>
         <size>0x4</size>
      </object_component>
      <object_component id="oc-3a2">
         <name>.common:newDataCopy</name>
         <uninitialized>true</uninitialized>
         <run_address>0x8003180</run_address>
         <size>0xc</size>
      </object_component>
      <object_component id="oc-3a3">
         <name>.common:auxNewData</name>
         <uninitialized>true</uninitialized>
         <run_address>0x800316c</run_address>
         <size>0x4</size>
      </object_component>
      <object_component id="oc-185">
         <name>.common:SERVO_PAYLOAD</name>
         <uninitialized>true</uninitialized>
         <run_address>0x8003170</run_address>
         <size>0x10</size>
      </object_component>
      <object_component id="oc-178">
         <name>.common:xWTStartHandle</name>
         <uninitialized>true</uninitialized>
         <run_address>0x800319c</run_address>
         <size>0x4</size>
      </object_component>
      <object_component id="oc-17f">
         <name>.common:xTelemetryHandle</name>
         <uninitialized>true</uninitialized>
         <run_address>0x8003198</run_address>
         <size>0x4</size>
      </object_component>
      <object_component id="oc-183">
         <name>.common:command</name>
         <uninitialized>true</uninitialized>
         <run_address>0x8003000</run_address>
         <size>0x64</size>
      </object_component>
      <object_component id="oc-184">
         <name>.common:tramaAPI</name>
         <uninitialized>true</uninitialized>
         <run_address>0x8003064</run_address>
         <size>0x64</size>
      </object_component>
      <object_component id="oc-37f">
         <name>.common:CMD_KEY</name>
         <uninitialized>true</uninitialized>
         <run_address>0x8003140</run_address>
         <size>0x18</size>
      </object_component>
      <object_component id="oc-380">
         <name>.data</name>
         <load_address>0x8003214</load_address>
         <run_address>0x8003214</run_address>
         <size>0x10</size>
         <input_file_ref idref="fl-2"/>
      </object_component>
      <object_component id="oc-180">
         <name>.data</name>
         <load_address>0x80031a0</load_address>
         <run_address>0x80031a0</run_address>
         <size>0x5c</size>
         <input_file_ref idref="fl-4"/>
      </object_component>
      <object_component id="oc-2f3">
         <name>.data:cPACKET_COUNT</name>
         <load_address>0x8003254</load_address>
         <run_address>0x8003254</run_address>
         <size>0x6</size>
         <input_file_ref idref="fl-4"/>
      </object_component>
      <object_component id="oc-30e">
         <name>.data:FSW_STATE</name>
         <load_address>0x80031fc</load_address>
         <run_address>0x80031fc</run_address>
         <size>0x18</size>
         <input_file_ref idref="fl-4"/>
      </object_component>
      <object_component id="oc-305">
         <name>.data:cSP1_PC</name>
         <load_address>0x800325a</load_address>
         <run_address>0x800325a</run_address>
         <size>0x6</size>
         <input_file_ref idref="fl-4"/>
      </object_component>
      <object_component id="oc-308">
         <name>.data:cSP2_PC</name>
         <load_address>0x8003260</load_address>
         <run_address>0x8003260</run_address>
         <size>0x6</size>
         <input_file_ref idref="fl-4"/>
      </object_component>
      <object_component id="oc-30b">
         <name>.data:cALTITUDE_BAR</name>
         <load_address>0x8003234</load_address>
         <run_address>0x8003234</run_address>
         <size>0x8</size>
         <input_file_ref idref="fl-4"/>
      </object_component>
      <object_component id="oc-2ff">
         <name>.data:cPRESS_BAR</name>
         <load_address>0x800323c</load_address>
         <run_address>0x800323c</run_address>
         <size>0x8</size>
         <input_file_ref idref="fl-4"/>
      </object_component>
      <object_component id="oc-302">
         <name>.data:cTEMPERATURE</name>
         <load_address>0x8003244</load_address>
         <run_address>0x8003244</run_address>
         <size>0x8</size>
         <input_file_ref idref="fl-4"/>
      </object_component>
      <object_component id="oc-311">
         <name>.data:SP1_MISSION_TIME</name>
         <load_address>0x800326a</load_address>
         <run_address>0x800326a</run_address>
         <size>0x4</size>
         <input_file_ref idref="fl-4"/>
      </object_component>
      <object_component id="oc-314">
         <name>.data:SP1_PACKET_COUNT</name>
         <load_address>0x800326e</load_address>
         <run_address>0x800326e</run_address>
         <size>0x4</size>
         <input_file_ref idref="fl-4"/>
      </object_component>
      <object_component id="oc-317">
         <name>.data:SP1_PACKET_TYPE</name>
         <load_address>0x8003272</load_address>
         <run_address>0x8003272</run_address>
         <size>0x4</size>
         <input_file_ref idref="fl-4"/>
      </object_component>
      <object_component id="oc-31a">
         <name>.data:SP1_ALTITUDE</name>
         <load_address>0x8003266</load_address>
         <run_address>0x8003266</run_address>
         <size>0x4</size>
         <input_file_ref idref="fl-4"/>
      </object_component>
      <object_component id="oc-31d">
         <name>.data:SP1_TEMPERATURE</name>
         <load_address>0x800327a</load_address>
         <run_address>0x800327a</run_address>
         <size>0x4</size>
         <input_file_ref idref="fl-4"/>
      </object_component>
      <object_component id="oc-320">
         <name>.data:SP1_ROTATION_RATE</name>
         <load_address>0x8003276</load_address>
         <run_address>0x8003276</run_address>
         <size>0x4</size>
         <input_file_ref idref="fl-4"/>
      </object_component>
      <object_component id="oc-38f">
         <name>.data:SP2_MISSION_TIME</name>
         <load_address>0x8003282</load_address>
         <run_address>0x8003282</run_address>
         <size>0x4</size>
         <input_file_ref idref="fl-4"/>
      </object_component>
      <object_component id="oc-392">
         <name>.data:SP2_PACKET_COUNT</name>
         <load_address>0x8003286</load_address>
         <run_address>0x8003286</run_address>
         <size>0x4</size>
         <input_file_ref idref="fl-4"/>
      </object_component>
      <object_component id="oc-395">
         <name>.data:SP2_PACKET_TYPE</name>
         <load_address>0x800328a</load_address>
         <run_address>0x800328a</run_address>
         <size>0x4</size>
         <input_file_ref idref="fl-4"/>
      </object_component>
      <object_component id="oc-398">
         <name>.data:SP2_ALTITUDE</name>
         <load_address>0x800327e</load_address>
         <run_address>0x800327e</run_address>
         <size>0x4</size>
         <input_file_ref idref="fl-4"/>
      </object_component>
      <object_component id="oc-39b">
         <name>.data:SP2_TEMPERATURE</name>
         <load_address>0x8003292</load_address>
         <run_address>0x8003292</run_address>
         <size>0x4</size>
         <input_file_ref idref="fl-4"/>
      </object_component>
      <object_component id="oc-39e">
         <name>.data:SP2_ROTATION_RATE</name>
         <load_address>0x800328e</load_address>
         <run_address>0x800328e</run_address>
         <size>0x4</size>
         <input_file_ref idref="fl-4"/>
      </object_component>
      <object_component id="oc-2f6">
         <name>.data:cH</name>
         <load_address>0x80032a0</load_address>
         <run_address>0x80032a0</run_address>
         <size>0x3</size>
         <input_file_ref idref="fl-4"/>
      </object_component>
      <object_component id="oc-2f9">
         <name>.data:cM</name>
         <load_address>0x80032a3</load_address>
         <run_address>0x80032a3</run_address>
         <size>0x3</size>
         <input_file_ref idref="fl-4"/>
      </object_component>
      <object_component id="oc-2fc">
         <name>.data:cS</name>
         <load_address>0x80032a6</load_address>
         <run_address>0x80032a6</run_address>
         <size>0x3</size>
         <input_file_ref idref="fl-4"/>
      </object_component>
      <object_component id="oc-4a8">
         <name>.data</name>
         <load_address>0x8003224</load_address>
         <run_address>0x8003224</run_address>
         <size>0x10</size>
         <input_file_ref idref="fl-e"/>
      </object_component>
      <object_component id="oc-1a5">
         <name>.data</name>
         <load_address>0x800324c</load_address>
         <run_address>0x800324c</run_address>
         <size>0x8</size>
         <input_file_ref idref="fl-11"/>
      </object_component>
      <object_component id="oc-50f">
         <name>.data</name>
         <load_address>0x800329c</load_address>
         <run_address>0x800329c</run_address>
         <size>0x4</size>
         <input_file_ref idref="fl-105"/>
      </object_component>
      <object_component id="oc-57d">
         <name>.data</name>
         <load_address>0x8003298</load_address>
         <run_address>0x8003298</run_address>
         <size>0x4</size>
         <input_file_ref idref="fl-106"/>
      </object_component>
      <object_component id="oc-179">
         <name>.debug_info</name>
         <load_address>0x0</load_address>
         <run_address>0x0</run_address>
         <size>0x927</size>
         <input_file_ref idref="fl-2"/>
      </object_component>
      <object_component id="oc-384">
         <name>.debug_info</name>
         <load_address>0x927</load_address>
         <run_address>0x927</run_address>
         <size>0xef</size>
         <input_file_ref idref="fl-2"/>
      </object_component>
      <object_component id="oc-387">
         <name>.debug_info</name>
         <load_address>0xa16</load_address>
         <run_address>0xa16</run_address>
         <size>0xf1</size>
         <input_file_ref idref="fl-2"/>
      </object_component>
      <object_component id="oc-38a">
         <name>.debug_info</name>
         <load_address>0xb07</load_address>
         <run_address>0xb07</run_address>
         <size>0xf1</size>
         <input_file_ref idref="fl-2"/>
      </object_component>
      <object_component id="oc-38d">
         <name>.debug_info</name>
         <load_address>0xbf8</load_address>
         <run_address>0xbf8</run_address>
         <size>0xf5</size>
         <input_file_ref idref="fl-2"/>
      </object_component>
      <object_component id="oc-381">
         <name>.debug_info</name>
         <load_address>0xced</load_address>
         <run_address>0xced</run_address>
         <size>0x159</size>
         <input_file_ref idref="fl-2"/>
      </object_component>
      <object_component id="oc-3a5">
         <name>.debug_info</name>
         <load_address>0xe46</load_address>
         <run_address>0xe46</run_address>
         <size>0xe5</size>
         <input_file_ref idref="fl-2"/>
      </object_component>
      <object_component id="oc-3a8">
         <name>.debug_info</name>
         <load_address>0xf2b</load_address>
         <run_address>0xf2b</run_address>
         <size>0xe5</size>
         <input_file_ref idref="fl-2"/>
      </object_component>
      <object_component id="oc-3ab">
         <name>.debug_info</name>
         <load_address>0x1010</load_address>
         <run_address>0x1010</run_address>
         <size>0xe5</size>
         <input_file_ref idref="fl-2"/>
      </object_component>
      <object_component id="oc-3ae">
         <name>.debug_info</name>
         <load_address>0x10f5</load_address>
         <run_address>0x10f5</run_address>
         <size>0xe6</size>
         <input_file_ref idref="fl-2"/>
      </object_component>
      <object_component id="oc-170">
         <name>.debug_info</name>
         <load_address>0x11db</load_address>
         <run_address>0x11db</run_address>
         <size>0x12d9</size>
         <input_file_ref idref="fl-2"/>
      </object_component>
      <object_component id="oc-290">
         <name>.debug_info</name>
         <load_address>0x24b4</load_address>
         <run_address>0x24b4</run_address>
         <size>0x30c</size>
         <input_file_ref idref="fl-2"/>
      </object_component>
      <object_component id="oc-1ab">
         <name>.debug_info</name>
         <load_address>0x27c0</load_address>
         <run_address>0x27c0</run_address>
         <size>0x26b</size>
         <input_file_ref idref="fl-2"/>
      </object_component>
      <object_component id="oc-9d">
         <name>.debug_info</name>
         <load_address>0x2a2b</load_address>
         <run_address>0x2a2b</run_address>
         <size>0x157</size>
         <input_file_ref idref="fl-2"/>
      </object_component>
      <object_component id="oc-1ec">
         <name>.debug_info</name>
         <load_address>0x2b82</load_address>
         <run_address>0x2b82</run_address>
         <size>0x791</size>
         <input_file_ref idref="fl-2"/>
      </object_component>
      <object_component id="oc-3bf">
         <name>.debug_info</name>
         <load_address>0x3313</load_address>
         <run_address>0x3313</run_address>
         <size>0x379</size>
         <input_file_ref idref="fl-2"/>
      </object_component>
      <object_component id="oc-18a">
         <name>.debug_info</name>
         <load_address>0x368c</load_address>
         <run_address>0x368c</run_address>
         <size>0xe1</size>
         <input_file_ref idref="fl-2"/>
      </object_component>
      <object_component id="oc-bc">
         <name>.debug_info</name>
         <load_address>0x376d</load_address>
         <run_address>0x376d</run_address>
         <size>0x8b</size>
         <input_file_ref idref="fl-2"/>
      </object_component>
      <object_component id="oc-28a">
         <name>.debug_info</name>
         <load_address>0x37f8</load_address>
         <run_address>0x37f8</run_address>
         <size>0x2c</size>
         <input_file_ref idref="fl-2"/>
      </object_component>
      <object_component id="oc-3de">
         <name>.debug_info</name>
         <load_address>0x3824</load_address>
         <run_address>0x3824</run_address>
         <size>0x297</size>
         <input_file_ref idref="fl-2"/>
      </object_component>
      <object_component id="oc-19d">
         <name>.debug_info</name>
         <load_address>0x3abb</load_address>
         <run_address>0x3abb</run_address>
         <size>0xbb</size>
         <input_file_ref idref="fl-2"/>
      </object_component>
      <object_component id="oc-324">
         <name>.debug_info</name>
         <load_address>0x3b76</load_address>
         <run_address>0x3b76</run_address>
         <size>0x53</size>
         <input_file_ref idref="fl-2"/>
      </object_component>
      <object_component id="oc-c1">
         <name>.debug_info</name>
         <load_address>0x3bc9</load_address>
         <run_address>0x3bc9</run_address>
         <size>0x86</size>
         <input_file_ref idref="fl-2"/>
      </object_component>
      <object_component id="oc-35a">
         <name>.debug_info</name>
         <load_address>0x3c4f</load_address>
         <run_address>0x3c4f</run_address>
         <size>0x2c</size>
         <input_file_ref idref="fl-2"/>
      </object_component>
      <object_component id="oc-3f5">
         <name>.debug_info</name>
         <load_address>0x3c7b</load_address>
         <run_address>0x3c7b</run_address>
         <size>0x273</size>
         <input_file_ref idref="fl-2"/>
      </object_component>
      <object_component id="oc-1ba">
         <name>.debug_info</name>
         <load_address>0x3eee</load_address>
         <run_address>0x3eee</run_address>
         <size>0x1f9</size>
         <input_file_ref idref="fl-2"/>
      </object_component>
      <object_component id="oc-205">
         <name>.debug_info</name>
         <load_address>0x40e7</load_address>
         <run_address>0x40e7</run_address>
         <size>0x3d3</size>
         <input_file_ref idref="fl-2"/>
      </object_component>
      <object_component id="oc-25f">
         <name>.debug_info</name>
         <load_address>0x44ba</load_address>
         <run_address>0x44ba</run_address>
         <size>0x2e3</size>
         <input_file_ref idref="fl-2"/>
      </object_component>
      <object_component id="oc-3b5">
         <name>.debug_info</name>
         <load_address>0x479d</load_address>
         <run_address>0x479d</run_address>
         <size>0x243</size>
         <input_file_ref idref="fl-2"/>
      </object_component>
      <object_component id="oc-3ee">
         <name>.debug_info</name>
         <load_address>0x49e0</load_address>
         <run_address>0x49e0</run_address>
         <size>0x18e</size>
         <input_file_ref idref="fl-2"/>
      </object_component>
      <object_component id="oc-3ba">
         <name>.debug_info</name>
         <load_address>0x4b6e</load_address>
         <run_address>0x4b6e</run_address>
         <size>0x14c</size>
         <input_file_ref idref="fl-2"/>
      </object_component>
      <object_component id="oc-365">
         <name>.debug_info</name>
         <load_address>0x4cba</load_address>
         <run_address>0x4cba</run_address>
         <size>0x1af</size>
         <input_file_ref idref="fl-3"/>
      </object_component>
      <object_component id="oc-362">
         <name>.debug_info</name>
         <load_address>0x4e69</load_address>
         <run_address>0x4e69</run_address>
         <size>0xf4</size>
         <input_file_ref idref="fl-3"/>
      </object_component>
      <object_component id="oc-16a">
         <name>.debug_info</name>
         <load_address>0x4f5d</load_address>
         <run_address>0x4f5d</run_address>
         <size>0x24d</size>
         <input_file_ref idref="fl-3"/>
      </object_component>
      <object_component id="oc-1df">
         <name>.debug_info</name>
         <load_address>0x51aa</load_address>
         <run_address>0x51aa</run_address>
         <size>0x2c</size>
         <input_file_ref idref="fl-3"/>
      </object_component>
      <object_component id="oc-1b0">
         <name>.debug_info</name>
         <load_address>0x51d6</load_address>
         <run_address>0x51d6</run_address>
         <size>0x1de</size>
         <input_file_ref idref="fl-3"/>
      </object_component>
      <object_component id="oc-f9">
         <name>.debug_info</name>
         <load_address>0x53b4</load_address>
         <run_address>0x53b4</run_address>
         <size>0x129</size>
         <input_file_ref idref="fl-3"/>
      </object_component>
      <object_component id="oc-17b">
         <name>.debug_info</name>
         <load_address>0x54dd</load_address>
         <run_address>0x54dd</run_address>
         <size>0x5ee</size>
         <input_file_ref idref="fl-4"/>
      </object_component>
      <object_component id="oc-181">
         <name>.debug_info</name>
         <load_address>0x5acb</load_address>
         <run_address>0x5acb</run_address>
         <size>0x4b8</size>
         <input_file_ref idref="fl-4"/>
      </object_component>
      <object_component id="oc-2f4">
         <name>.debug_info</name>
         <load_address>0x5f83</load_address>
         <run_address>0x5f83</run_address>
         <size>0xf3</size>
         <input_file_ref idref="fl-4"/>
      </object_component>
      <object_component id="oc-30f">
         <name>.debug_info</name>
         <load_address>0x6076</load_address>
         <run_address>0x6076</run_address>
         <size>0xeb</size>
         <input_file_ref idref="fl-4"/>
      </object_component>
      <object_component id="oc-306">
         <name>.debug_info</name>
         <load_address>0x6161</load_address>
         <run_address>0x6161</run_address>
         <size>0xe7</size>
         <input_file_ref idref="fl-4"/>
      </object_component>
      <object_component id="oc-309">
         <name>.debug_info</name>
         <load_address>0x6248</load_address>
         <run_address>0x6248</run_address>
         <size>0xe7</size>
         <input_file_ref idref="fl-4"/>
      </object_component>
      <object_component id="oc-30c">
         <name>.debug_info</name>
         <load_address>0x632f</load_address>
         <run_address>0x632f</run_address>
         <size>0xf3</size>
         <input_file_ref idref="fl-4"/>
      </object_component>
      <object_component id="oc-300">
         <name>.debug_info</name>
         <load_address>0x6422</load_address>
         <run_address>0x6422</run_address>
         <size>0xed</size>
         <input_file_ref idref="fl-4"/>
      </object_component>
      <object_component id="oc-303">
         <name>.debug_info</name>
         <load_address>0x650f</load_address>
         <run_address>0x650f</run_address>
         <size>0xf1</size>
         <input_file_ref idref="fl-4"/>
      </object_component>
      <object_component id="oc-312">
         <name>.debug_info</name>
         <load_address>0x6600</load_address>
         <run_address>0x6600</run_address>
         <size>0xf9</size>
         <input_file_ref idref="fl-4"/>
      </object_component>
      <object_component id="oc-315">
         <name>.debug_info</name>
         <load_address>0x66f9</load_address>
         <run_address>0x66f9</run_address>
         <size>0xf9</size>
         <input_file_ref idref="fl-4"/>
      </object_component>
      <object_component id="oc-318">
         <name>.debug_info</name>
         <load_address>0x67f2</load_address>
         <run_address>0x67f2</run_address>
         <size>0xf7</size>
         <input_file_ref idref="fl-4"/>
      </object_component>
      <object_component id="oc-31b">
         <name>.debug_info</name>
         <load_address>0x68e9</load_address>
         <run_address>0x68e9</run_address>
         <size>0xf1</size>
         <input_file_ref idref="fl-4"/>
      </object_component>
      <object_component id="oc-31e">
         <name>.debug_info</name>
         <load_address>0x69da</load_address>
         <run_address>0x69da</run_address>
         <size>0xf7</size>
         <input_file_ref idref="fl-4"/>
      </object_component>
      <object_component id="oc-321">
         <name>.debug_info</name>
         <load_address>0x6ad1</load_address>
         <run_address>0x6ad1</run_address>
         <size>0xfb</size>
         <input_file_ref idref="fl-4"/>
      </object_component>
      <object_component id="oc-390">
         <name>.debug_info</name>
         <load_address>0x6bcc</load_address>
         <run_address>0x6bcc</run_address>
         <size>0xf9</size>
         <input_file_ref idref="fl-4"/>
      </object_component>
      <object_component id="oc-393">
         <name>.debug_info</name>
         <load_address>0x6cc5</load_address>
         <run_address>0x6cc5</run_address>
         <size>0xf9</size>
         <input_file_ref idref="fl-4"/>
      </object_component>
      <object_component id="oc-396">
         <name>.debug_info</name>
         <load_address>0x6dbe</load_address>
         <run_address>0x6dbe</run_address>
         <size>0xf7</size>
         <input_file_ref idref="fl-4"/>
      </object_component>
      <object_component id="oc-399">
         <name>.debug_info</name>
         <load_address>0x6eb5</load_address>
         <run_address>0x6eb5</run_address>
         <size>0xf1</size>
         <input_file_ref idref="fl-4"/>
      </object_component>
      <object_component id="oc-39c">
         <name>.debug_info</name>
         <load_address>0x6fa6</load_address>
         <run_address>0x6fa6</run_address>
         <size>0xf7</size>
         <input_file_ref idref="fl-4"/>
      </object_component>
      <object_component id="oc-39f">
         <name>.debug_info</name>
         <load_address>0x709d</load_address>
         <run_address>0x709d</run_address>
         <size>0xfb</size>
         <input_file_ref idref="fl-4"/>
      </object_component>
      <object_component id="oc-2f7">
         <name>.debug_info</name>
         <load_address>0x7198</load_address>
         <run_address>0x7198</run_address>
         <size>0xdd</size>
         <input_file_ref idref="fl-4"/>
      </object_component>
      <object_component id="oc-2fa">
         <name>.debug_info</name>
         <load_address>0x7275</load_address>
         <run_address>0x7275</run_address>
         <size>0xdd</size>
         <input_file_ref idref="fl-4"/>
      </object_component>
      <object_component id="oc-2fd">
         <name>.debug_info</name>
         <load_address>0x7352</load_address>
         <run_address>0x7352</run_address>
         <size>0xdd</size>
         <input_file_ref idref="fl-4"/>
      </object_component>
      <object_component id="oc-2eb">
         <name>.debug_info</name>
         <load_address>0x742f</load_address>
         <run_address>0x742f</run_address>
         <size>0xe6</size>
         <input_file_ref idref="fl-4"/>
      </object_component>
      <object_component id="oc-2ee">
         <name>.debug_info</name>
         <load_address>0x7515</load_address>
         <run_address>0x7515</run_address>
         <size>0xe6</size>
         <input_file_ref idref="fl-4"/>
      </object_component>
      <object_component id="oc-2f1">
         <name>.debug_info</name>
         <load_address>0x75fb</load_address>
[...]
         <value>0xa034</value>
         <object_component_ref idref="oc-81"/>
      </symbol>
      <symbol id="sm-d45">
         <name>pbistPortTestStatus</name>
         <value>0x8608</value>
         <object_component_ref idref="oc-81"/>
      </symbol>
      <symbol id="sm-d46">
         <name>checkFlashEEPROMECC</name>
         <value>0x96d8</value>
         <object_component_ref idref="oc-81"/>
      </symbol>
      <symbol id="sm-d47">
         <name>pbistGetConfigValue</name>
         <value>0x9db0</value>
         <object_component_ref idref="oc-81"/>
      </symbol>
      <symbol id="sm-d48">
         <name>vimParityCheck</name>
         <value>0x8e00</value>
         <object_component_ref idref="oc-81"/>
      </symbol>
      <symbol id="sm-d49">
         <name>pbistIsTestCompleted</name>
         <value>0x85a8</value>
         <object_component_ref idref="oc-81"/>
      </symbol>
      <symbol id="sm-d4a">
         <name>disableParity</name>
         <value>0xa424</value>
         <object_component_ref idref="oc-81"/>
      </symbol>
      <symbol id="sm-d4b">
         <name>pbistRun</name>
         <value>0x84ac</value>
         <object_component_ref idref="oc-81"/>
      </symbol>
      <symbol id="sm-d4c">
         <name>pbistFail</name>
         <value>0x9d2c</value>
         <object_component_ref idref="oc-81"/>
      </symbol>
      <symbol id="sm-d4d">
         <name>selftestFailNotification</name>
         <value>0x8020</value>
         <object_component_ref idref="oc-81"/>
      </symbol>
      <symbol id="sm-d4e">
         <name>errata_PBIST_4</name>
         <value>0xa0b0</value>
         <object_component_ref idref="oc-81"/>
      </symbol>
      <symbol id="sm-d4f">
         <name>efcSelfTest</name>
         <value>0x8794</value>
         <object_component_ref idref="oc-81"/>
      </symbol>
      <symbol id="sm-d50">
         <name>checkB1RAMECC</name>
         <value>0x8b28</value>
         <object_component_ref idref="oc-81"/>
      </symbol>
      <symbol id="sm-d51">
         <name>pbistStop</name>
         <value>0x8578</value>
         <object_component_ref idref="oc-81"/>
      </symbol>
      <symbol id="sm-d52">
         <name>checkRAMAddrParity</name>
         <value>0x999c</value>
         <object_component_ref idref="oc-81"/>
      </symbol>
      <symbol id="sm-d53">
         <name>checkB0RAMECC</name>
         <value>0x8938</value>
         <object_component_ref idref="oc-81"/>
      </symbol>
      <symbol id="sm-d54">
         <name>stcGetConfigValue</name>
         <value>0x9ef8</value>
         <object_component_ref idref="oc-81"/>
      </symbol>
      <symbol id="sm-d55">
         <name>pbistIsTestPassed</name>
         <value>0x85d4</value>
         <object_component_ref idref="oc-81"/>
      </symbol>
      <symbol id="sm-d56">
         <name>checkClockMonitor</name>
         <value>0x9604</value>
         <object_component_ref idref="oc-81"/>
      </symbol>
      <symbol id="sm-d57">
         <name>fmcECCcheck</name>
         <value>0x8898</value>
         <object_component_ref idref="oc-81"/>
      </symbol>
      <symbol id="sm-d58">
         <name>fmcBus2Check</name>
         <value>0x885c</value>
         <object_component_ref idref="oc-81"/>
      </symbol>
      <symbol id="sm-d59">
         <name>checkRAMUERRTest</name>
         <value>0x9aa4</value>
         <object_component_ref idref="oc-81"/>
      </symbol>
      <symbol id="sm-d5a">
         <name>efcStuckZeroTest</name>
         <value>0x86e8</value>
         <object_component_ref idref="oc-81"/>
      </symbol>
      <symbol id="sm-d83">
         <name>_c_int00</name>
         <value>0x14bd8</value>
         <object_component_ref idref="oc-1b"/>
      </symbol>
      <symbol id="sm-d84">
         <name>handlePLLLockFail</name>
         <value>0x177dc</value>
         <object_component_ref idref="oc-75"/>
      </symbol>
      <symbol id="sm-e1c">
         <name>vimChannelMap</name>
         <value>0x10674</value>
         <object_component_ref idref="oc-40"/>
      </symbol>
      <symbol id="sm-e1d">
         <name>vimInit</name>
         <value>0x105a0</value>
         <object_component_ref idref="oc-40"/>
      </symbol>
      <symbol id="sm-e1e">
         <name>vimEnableInterrupt</name>
         <value>0x10718</value>
         <object_component_ref idref="oc-40"/>
      </symbol>
      <symbol id="sm-e1f">
         <name>vimDisableInterrupt</name>
         <value>0x10870</value>
         <object_component_ref idref="oc-40"/>
      </symbol>
      <symbol id="sm-e20">
         <name>vimGetConfigValue</name>
         <value>0x108f4</value>
         <object_component_ref idref="oc-40"/>
      </symbol>
      <symbol id="sm-e21">
         <name>vimParityErrorHandler</name>
         <value>0x14738</value>
         <object_component_ref idref="oc-3b"/>
      </symbol>
      <symbol id="sm-e75">
         <name>systemGetConfigValue</name>
         <value>0xe124</value>
         <object_component_ref idref="oc-7b"/>
      </symbol>
      <symbol id="sm-e76">
         <name>trimLPO</name>
         <value>0xde3c</value>
         <object_component_ref idref="oc-7b"/>
      </symbol>
      <symbol id="sm-e77">
         <name>systemInit</name>
         <value>0xe028</value>
         <object_component_ref idref="oc-7b"/>
      </symbol>
      <symbol id="sm-e78">
         <name>customTrimLPO</name>
         <value>0xe7cc</value>
         <object_component_ref idref="oc-7b"/>
      </symbol>
      <symbol id="sm-e79">
         <name>tcmflashGetConfigValue</name>
         <value>0xe4e4</value>
         <object_component_ref idref="oc-7b"/>
      </symbol>
      <symbol id="sm-e7a">
         <name>sramGetConfigValue</name>
         <value>0xe690</value>
         <object_component_ref idref="oc-7b"/>
      </symbol>
      <symbol id="sm-e7b">
         <name>periphInit</name>
         <value>0xdef0</value>
         <object_component_ref idref="oc-7b"/>
      </symbol>
      <symbol id="sm-e7c">
         <name>setupFlash</name>
         <value>0xdeb0</value>
         <object_component_ref idref="oc-7b"/>
      </symbol>
      <symbol id="sm-e7d">
         <name>setupPLL</name>
         <value>0xddec</value>
         <object_component_ref idref="oc-7b"/>
      </symbol>
      <symbol id="sm-e7e">
         <name>mapClocks</name>
         <value>0xdf44</value>
         <object_component_ref idref="oc-7b"/>
      </symbol>
      <symbol id="sm-e7f">
         <name>systemPowerDown</name>
         <value>0xe0f4</value>
         <object_component_ref idref="oc-7b"/>
      </symbol>
      <symbol id="sm-ebb">
         <name>log</name>
         <value>0x127e4</value>
         <object_component_ref idref="oc-2d5"/>
      </symbol>
      <symbol id="sm-ebc">
         <name>logl</name>
         <value>0x127e4</value>
         <object_component_ref idref="oc-2d5"/>
      </symbol>
      <symbol id="sm-f44">
         <name>pow</name>
         <value>0xc3b4</value>
         <object_component_ref idref="oc-2bf"/>
      </symbol>
      <symbol id="sm-f45">
         <name>powl</name>
         <value>0xc3b4</value>
         <object_component_ref idref="oc-2bf"/>
      </symbol>
      <symbol id="sm-f64">
         <name>sqrtl</name>
         <value>0x15008</value>
         <object_component_ref idref="oc-2ca"/>
      </symbol>
      <symbol id="sm-f65">
         <name>sqrt</name>
         <value>0x15008</value>
         <object_component_ref idref="oc-2ca"/>
      </symbol>
      <symbol id="sm-f80">
         <name>floorl</name>
         <value>0x15d10</value>
         <object_component_ref idref="oc-270"/>
      </symbol>
      <symbol id="sm-f81">
         <name>floor</name>
         <value>0x15d10</value>
         <object_component_ref idref="oc-270"/>
      </symbol>
      <symbol id="sm-fa7">
         <name>scalbn</name>
         <value>0x16214</value>
         <object_component_ref idref="oc-463"/>
      </symbol>
      <symbol id="sm-fa8">
         <name>scalbnl</name>
         <value>0x16214</value>
         <object_component_ref idref="oc-463"/>
      </symbol>
      <symbol id="sm-fa9">
         <name>ldexpl</name>
         <value>0x16214</value>
         <object_component_ref idref="oc-463"/>
      </symbol>
      <symbol id="sm-faa">
         <name>ldexp</name>
         <value>0x16214</value>
         <object_component_ref idref="oc-463"/>
      </symbol>
      <symbol id="sm-fd1">
         <name>sprintf</name>
         <value>0x17294</value>
         <object_component_ref idref="oc-159"/>
      </symbol>
      <symbol id="sm-fdb">
         <name>copysign</name>
         <value>0x177b8</value>
         <object_component_ref idref="oc-583"/>
      </symbol>
      <symbol id="sm-fdc">
         <name>copysignl</name>
         <value>0x177b8</value>
         <object_component_ref idref="oc-583"/>
      </symbol>
      <symbol id="sm-feb">
         <name>__aeabi_memset</name>
         <value>0x16b34</value>
         <object_component_ref idref="oc-db"/>
      </symbol>
      <symbol id="sm-fec">
         <name>memset</name>
         <value>0x16b40</value>
         <object_component_ref idref="oc-db"/>
      </symbol>
      <symbol id="sm-fed">
         <name>__aeabi_memset8</name>
         <value>0x16b34</value>
         <object_component_ref idref="oc-db"/>
      </symbol>
      <symbol id="sm-fee">
         <name>__aeabi_memset4</name>
         <value>0x16b34</value>
         <object_component_ref idref="oc-db"/>
      </symbol>
      <symbol id="sm-fef">
         <name>__aeabi_memclr8</name>
         <value>0x16b30</value>
         <object_component_ref idref="oc-db"/>
      </symbol>
      <symbol id="sm-ff0">
         <name>__aeabi_memclr4</name>
         <value>0x16b30</value>
         <object_component_ref idref="oc-db"/>
      </symbol>
      <symbol id="sm-ff1">
         <name>__aeabi_memclr</name>
         <value>0x16b30</value>
         <object_component_ref idref="oc-db"/>
      </symbol>
      <symbol id="sm-ffd">
         <name>__aeabi_uidivmod</name>
         <value>0x1745c</value>
         <object_component_ref idref="oc-23e"/>
      </symbol>
      <symbol id="sm-ffe">
         <name>__aeabi_uidiv</name>
         <value>0x1745c</value>
         <object_component_ref idref="oc-23e"/>
      </symbol>
      <symbol id="sm-1015">
         <name>__aeabi_dsub</name>
         <value>0x14df4</value>
         <object_component_ref idref="oc-26b"/>
      </symbol>
      <symbol id="sm-1016">
         <name>__aeabi_dadd</name>
         <value>0x14e00</value>
         <object_component_ref idref="oc-26b"/>
      </symbol>
      <symbol id="sm-1038">
         <name>__aeabi_cdcmpeq</name>
         <value>0x16620</value>
         <object_component_ref idref="oc-45e"/>
      </symbol>
      <symbol id="sm-1039">
         <name>__aeabi_cdcmple</name>
         <value>0x16620</value>
         <object_component_ref idref="oc-45e"/>
      </symbol>
      <symbol id="sm-103a">
         <name>__aeabi_cdrcmple</name>
         <value>0x16700</value>
         <object_component_ref idref="oc-433"/>
      </symbol>
      <symbol id="sm-104e">
         <name>__aeabi_ddiv</name>
         <value>0x1589c</value>
         <object_component_ref idref="oc-248"/>
      </symbol>
      <symbol id="sm-1059">
         <name>__aeabi_dmul</name>
         <value>0x160ec</value>
         <object_component_ref idref="oc-243"/>
      </symbol>
      <symbol id="sm-1063">
         <name>__aeabi_d2iz</name>
         <value>0x172f8</value>
         <object_component_ref idref="oc-2e5"/>
      </symbol>
      <symbol id="sm-106f">
         <name>__aeabi_d2f</name>
         <value>0x16c88</value>
         <object_component_ref idref="oc-2c5"/>
      </symbol>
      <symbol id="sm-1079">
         <name>__aeabi_d2uiz</name>
         <value>0x173b0</value>
         <object_component_ref idref="oc-24d"/>
      </symbol>
      <symbol id="sm-108a">
         <name>__aeabi_fadd</name>
         <value>0x15fbc</value>
         <object_component_ref idref="oc-2b0"/>
      </symbol>
      <symbol id="sm-108b">
         <name>__aeabi_fsub</name>
         <value>0x15fb8</value>
         <object_component_ref idref="oc-2b0"/>
      </symbol>
      <symbol id="sm-10a3">
         <name>__aeabi_cfrcmple</name>
         <value>0x16ed4</value>
         <object_component_ref idref="oc-15f"/>
      </symbol>
      <symbol id="sm-10a4">
         <name>__aeabi_cfcmpeq</name>
         <value>0x16e4c</value>
         <object_component_ref idref="oc-164"/>
      </symbol>
      <symbol id="sm-10a5">
         <name>__aeabi_cfcmple</name>
         <value>0x16e4c</value>
         <object_component_ref idref="oc-164"/>
      </symbol>
      <symbol id="sm-10b2">
         <name>__aeabi_fdiv</name>
         <value>0x16994</value>
         <object_component_ref idref="oc-2b5"/>
      </symbol>
      <symbol id="sm-10bc">
         <name>__aeabi_fmul</name>
         <value>0x16be0</value>
         <object_component_ref idref="oc-2d0"/>
      </symbol>
      <symbol id="sm-10c7">
         <name>__aeabi_f2d</name>
         <value>0x17354</value>
         <object_component_ref idref="oc-2ba"/>
      </symbol>
      <symbol id="sm-10d1">
         <name>__aeabi_f2iz</name>
         <value>0x174ac</value>
         <object_component_ref idref="oc-2db"/>
      </symbol>
      <symbol id="sm-10db">
         <name>__aeabi_i2d</name>
         <value>0x175d4</value>
         <object_component_ref idref="oc-2e0"/>
      </symbol>
      <symbol id="sm-10e6">
         <name>__aeabi_i2f</name>
         <value>0x174f8</value>
         <object_component_ref idref="oc-29f"/>
      </symbol>
      <symbol id="sm-10ff">
         <name>memcpy</name>
         <value>0x15a2c</value>
         <object_component_ref idref="oc-52"/>
      </symbol>
      <symbol id="sm-1100">
         <name>__aeabi_memcpy</name>
         <value>0x15a2c</value>
         <object_component_ref idref="oc-52"/>
      </symbol>
      <symbol id="sm-1101">
         <name>__aeabi_memcpy8</name>
         <value>0x15a2c</value>
         <object_component_ref idref="oc-52"/>
      </symbol>
      <symbol id="sm-1102">
         <name>__aeabi_memcpy4</name>
         <value>0x15a2c</value>
         <object_component_ref idref="oc-52"/>
      </symbol>
      <symbol id="sm-110c">
         <name>__aeabi_ui2d</name>
         <value>0x17610</value>
         <object_component_ref idref="oc-252"/>
      </symbol>
      <symbol id="sm-1134">
         <name>__TI_auto_init_nobinit_nopinit</name>
         <value>0x17160</value>
         <object_component_ref idref="oc-ff"/>
      </symbol>
      <symbol id="sm-1147">
         <name>__TI_zero_init</name>
         <value>0x1779c</value>
         <object_component_ref idref="oc-64"/>
      </symbol>
      <symbol id="sm-115e">
         <name>__TI_decompress_none</name>
         <value>0x17788</value>
         <object_component_ref idref="oc-14"/>
      </symbol>
      <symbol id="sm-1181">
         <name>__TI_decompress_lzss</name>
         <value>0x16dbc</value>
         <object_component_ref idref="oc-e"/>
      </symbol>
      <symbol id="sm-118c">
         <name>C$$EXIT</name>
         <value>0x177c4</value>
         <object_component_ref idref="oc-18f"/>
      </symbol>
      <symbol id="sm-118d">
         <name>abort</name>
         <value>0x177c4</value>
         <object_component_ref idref="oc-18f"/>
      </symbol>
      <symbol id="sm-119b">
         <name>atof</name>
         <value>0x177cc</value>
         <object_component_ref idref="oc-379"/>
      </symbol>
      <symbol id="sm-11ae">
         <name>atoi</name>
         <value>0x16fe0</value>
         <object_component_ref idref="oc-373"/>
      </symbol>
      <symbol id="sm-11b9">
         <name>_ctypes_</name>
         <value>0x17d00</value>
         <object_component_ref idref="oc-516"/>
      </symbol>
      <symbol id="sm-11c8">
         <name>strcat</name>
         <value>0x176a0</value>
         <object_component_ref idref="oc-2a4"/>
      </symbol>
      <symbol id="sm-11d6">
         <name>strcmp</name>
         <value>0x176f0</value>
         <object_component_ref idref="oc-36d"/>
      </symbol>
      <symbol id="sm-11e4">
         <name>strcpy</name>
         <value>0x1775c</value>
         <object_component_ref idref="oc-2aa"/>
      </symbol>
      <symbol id="sm-11f2">
         <name>strlen</name>
         <value>0x1773c</value>
         <object_component_ref idref="oc-33e"/>
      </symbol>
      <symbol id="sm-124e">
         <name>strtold</name>
         <value>0x11b84</value>
         <object_component_ref idref="oc-51b"/>
      </symbol>
      <symbol id="sm-124f">
         <name>strtod</name>
         <value>0x11b84</value>
         <object_component_ref idref="oc-51b"/>
      </symbol>
      <symbol id="sm-1266">
         <name>strtok</name>
         <value>0x171c8</value>
         <object_component_ref idref="oc-367"/>
      </symbol>
      <symbol id="sm-127c">
         <name>__aeabi_errno_addr</name>
         <value>0x177ac</value>
         <object_component_ref idref="oc-458"/>
      </symbol>
      <symbol id="sm-127d">
         <name>errno</name>
         <value>0x8003298</value>
         <object_component_ref idref="oc-57d"/>
      </symbol>
      <symbol id="sm-13cf">
         <name>__TI_printfi</name>
         <value>0xa510</value>
         <object_component_ref idref="oc-346"/>
      </symbol>
      <symbol id="sm-13d9">
         <name>__aeabi_idiv0</name>
         <value>0x177d8</value>
         <object_component_ref idref="oc-41e"/>
      </symbol>
      <symbol id="sm-13da">
         <name>__aeabi_ldiv0</name>
         <value>0x177d8</value>
         <object_component_ref idref="oc-41e"/>
      </symbol>
      <symbol id="sm-13f6">
         <name>__aeabi_uldivmod</name>
         <value>0x14208</value>
         <object_component_ref idref="oc-5b0"/>
      </symbol>
      <symbol id="sm-1404">
         <name>ltoa</name>
         <value>0x17064</value>
         <object_component_ref idref="oc-5b6"/>
      </symbol>
      <symbol id="sm-1413">
         <name>memccpy</name>
         <value>0x17674</value>
         <object_component_ref idref="oc-4e3"/>
      </symbol>
      <symbol id="sm-1421">
         <name>strchr</name>
         <value>0x176c8</value>
         <object_component_ref idref="oc-5dd"/>
      </symbol>
      <symbol id="sm-1432">
         <name>strcspn</name>
         <value>0x17590</value>
         <object_component_ref idref="oc-509"/>
      </symbol>
      <symbol id="sm-1443">
         <name>strspn</name>
         <value>0x17544</value>
         <object_component_ref idref="oc-503"/>
      </symbol>
      <symbol id="sm-145b">
         <name>wcslen</name>
         <value>0x17718</value>
         <object_component_ref idref="oc-4e9"/>
      </symbol>
      <symbol id="sm-146e">
         <name>frexpl</name>
         <value>0x170e4</value>
         <object_component_ref idref="oc-5d7"/>
      </symbol>
      <symbol id="sm-146f">
         <name>frexp</name>
         <value>0x170e4</value>
         <object_component_ref idref="oc-5d7"/>
      </symbol>
      <symbol id="sm-147b">
         <name>__aeabi_idivmod</name>
         <value>0x17408</value>
         <object_component_ref idref="oc-629"/>
      </symbol>
      <symbol id="sm-147c">
         <name>__aeabi_idiv</name>
         <value>0x17408</value>
         <object_component_ref idref="oc-629"/>
      </symbol>
      <symbol id="sm-147d">
         <name>__TI_static_base__</name>
         <value>0x0</value>
      </symbol>
      <symbol id="sm-1481">
         <name>SHT$$INIT_ARRAY$$Base</name>
         <value>0x0</value>
      </symbol>
      <symbol id="sm-1482">
         <name>SHT$$INIT_ARRAY$$Limit</name>
         <value>0x0</value>
      </symbol>
      <symbol id="sm-1483">
         <name>_system_post_cinit</name>
         <value>0x0</value>
      </symbol>
   </symbol_table>
   <title>Link successful</title>
</link_info>
