******************************************************************************
                  TI ARM Linker PC v18.12.4                    
******************************************************************************
>> Linked Tue May 18 18:35:48 2021

OUTPUT FILE NAME:   <CC_2021_04x_v1.out>
ENTRY POINT SYMBOL: "_c_int00"  address: 00014bd8


MEMORY CONFIGURATION

         name            origin    length      used     unused   attr    fill
----------------------  --------  ---------  --------  --------  ----  --------
  VECTORS               00000000   00000020  00000020  00000000     X
  KERNEL                00000020   00008000  00005178  00002e88  R  X
  FLASH0                00008020   00057fe0  00010024  00047fbc  R  X
  STACKS                08000000   00000800  00000000  00000800  RW  
  KRAM                  08000800   00000800  00000104  000006fc  RW  
  RAM                   08001000   00007000  000022a9  00004d57  RW  


SEGMENT ALLOCATION MAP

run origin  load origin   length   init length attrs members
----------  ----------- ---------- ----------- ----- -------
00000000    00000000    00005198   00005198    r-x
  00000000    00000000    00000020   00000020    r-x .intvecs
  00000020    00000020    000050c0   000050c0    r-x .kernelTEXT
  000050e0    000050e0    000000b8   000000b8    r-- .cinit
00008020    00008020    00010024   00010024    r-x
  00008020    00008020    0000f7c0   0000f7c0    r-x .text
  000177e0    000177e0    00000864   00000864    r-- .const
08000800    08000800    00000104   00000000    rw-
  08000800    08000800    00000104   00000000    rw- .kernelBSS
08001000    08001000    000022a9   00000000    rw-
  08001000    08001000    00002000   00000000    rw- .kernelHEAP
  08003000    08003000    000001a0   00000000    rw- .bss
  080031a0    080031a0    00000109   00000000    rw- .data


SECTION ALLOCATION MAP

 output                                  attributes/
section   page    origin      length       input sections
--------  ----  ----------  ----------   ----------------
.intvecs   0    00000000    00000020     
                  00000000    00000020     sys_intvecs.obj (.intvecs)

.kernelTEXT 
*          0    00000020    000050c0     
                  00000020    00002bdc     os_tasks.obj (.kernelTEXT)
                  00002bfc    000011dc     os_queue.obj (.kernelTEXT)
                  00003dd8    0000081c     os_event_groups.obj (.kernelTEXT)
                  000045f4    000003bc     os_port.obj (.kernelTEXT)
                  000049b0    000003b0     os_portasm.obj (.kernelTEXT)
                  00004d60    00000380     os_heap.obj (.kernelTEXT)

.cinit     0    000050e0    000000b8     
                  000050e0    00000069     (.cinit..data.load) [load image, compression = lzss]
                  00005149    00000003     --HOLE-- [fill = 0]
                  0000514c    0000000c     (__TI_handler_table)
                  00005158    00000009     (.cinit..kernelBSS.load) [load image, compression = lzss]
                  00005161    00000007     --HOLE-- [fill = 0]
                  00005168    00000008     (.cinit..bss.load) [load image, compression = zero_init]
                  00005170    00000008     (.cinit..kernelHEAP.load) [load image, compression = zero_init]
                  00005178    00000020     (__TI_cinit_table)

.text      0    00008020    0000f7c0     
                  00008020    000024f0     sys_selftest.obj (.text)
                  0000a510    00000ff0     rtsv7R4_A_be_eabi.lib : _printfi.c.obj (.text:__TI_printfi)
                  0000b500    00000e8c     Commands.obj (.text)
                  0000c38c    00000e8c     rtsv7R4_A_be_eabi.lib : e_pow.c.obj (.text:pow)
                  0000d218    00000bd4     Utilities.obj (.text)
                  0000ddec    00000aa0     system.obj (.text)
                  0000e88c    00000a78     adc.obj (.text)
                  0000f304    000009a0     os_mpu_wrappers.obj (.text)
                  0000fca4    000008fc     het.obj (.text)
                  000105a0    0000089c     sys_vim.obj (.text)
                  00010e3c    000006e4     sci.obj (.text)
                  00011520    00000664     errata_SSWF021_45.obj (.text)
                  00011b84    00000664     rtsv7R4_A_be_eabi.lib : strtod.c.obj (.text:strtod)
                  000121e8    000005bc     esm.obj (.text)
                  000127a4    0000058c     rtsv7R4_A_be_eabi.lib : e_log.c.obj (.text:log)
                  00012d30    000004f4     sys_main.obj (.text)
                  00013224    00000384     sci.obj (.text:retain)
                  000135a8    0000036c     gio.obj (.text)
                  00013914    00000364     rtsv7R4_A_be_eabi.lib : _printfi.c.obj (.text:_pconv_a)
                  00013c78    000002d0     sys_core.obj (.text)
                  00013f48    000002c0     rtsv7R4_A_be_eabi.lib : _printfi.c.obj (.text:_pconv_g)
                  00014208    000002b8                           : ull_div32.asm.obj (.text)
                  000144c0    00000278     os_heap.obj (.text)
                  00014738    00000268     sys_vim.obj (.text:retain)
                  000149a0    00000238     os_list.obj (.text)
                  00014bd8    0000021c     sys_startup.obj (.text:retain)
                  00014df4    00000214     rtsv7R4_A_be_eabi.lib : fd_add32.asm.obj (.text)
                  00015008    000001ec                           : e_sqrt.c.obj (.text:sqrt)
                  000151f4    000001b4     os_port.obj (.text)
                  000153a8    000001b0     rtsv7R4_A_be_eabi.lib : _printfi.c.obj (.text:_pconv_e)
                  00015558    000001ac                           : _printfi.c.obj (.text:fcvt)
                  00015704    00000198     PWM.obj (.text)
                  0001589c    00000190     rtsv7R4_A_be_eabi.lib : fd_div32.asm.obj (.text)
                  00015a2c    00000180                           : memcpy32.asm.obj (.text)
                  00015bac    00000164     os_tasks.obj (.text)
                  00015d10    00000158     rtsv7R4_A_be_eabi.lib : s_floor.c.obj (.text:floor)
                  00015e68    00000150     pinmux.obj (.text)
                  00015fb8    00000134     rtsv7R4_A_be_eabi.lib : fs_add32.asm.obj (.text)
                  000160ec    00000128                           : fd_mul32.asm.obj (.text)
                  00016214    00000120                           : s_scalbn.c.obj (.text:scalbn)
                  00016334    00000115                           : _printfi.c.obj (.text:_ltostr)
                  00016449    00000003     --HOLE-- [fill = 0]
                  0001644c    000000ec     esm.obj (.text:retain)
                  00016538    000000e8     dabort.obj (.text)
                  00016620    000000e0     rtsv7R4_A_be_eabi.lib : fd_cmp32.asm.obj (.text:__aeabi_cdcmple)
                  00016700    000000e0                           : fd_cmp32.asm.obj (.text:__aeabi_cdrcmple)
                  000167e0    000000e0     sys_pmu.obj (.text)
                  000168c0    000000d4     notification.obj (.text)
                  00016994    000000d4     rtsv7R4_A_be_eabi.lib : fs_div32.asm.obj (.text)
                  00016a68    000000c8                           : _printfi.c.obj (.text:_mcpy)
                  00016b30    000000b0                           : memset32.asm.obj (.text)
                  00016be0    000000a8                           : fs_mul32.asm.obj (.text)
                  00016c88    0000009c                           : fd_tos32.asm.obj (.text)
                  00016d24    00000098                           : _printfi.c.obj (.text:_ecpy)
                  00016dbc    00000090                           : copy_decompress_lzss.c.obj (.text:decompress:lzss:__TI_decompress_lzss)
                  00016e4c    00000088                           : fs_cmp32.asm.obj (.text:__aeabi_cfcmple)
                  00016ed4    00000088                           : fs_cmp32.asm.obj (.text:__aeabi_cfrcmple)
                  00016f5c    00000084                           : _printfi.c.obj (.text:_pconv_f)
                  00016fe0    00000084                           : atoi.c.obj (.text:atoi)
                  00017064    00000080                           : ltoa.c.obj (.text:ltoa)
                  000170e4    0000007c                           : s_frexp.c.obj (.text:frexp)
                  00017160    00000068                           : autoinit.c.obj (.text:__TI_auto_init_nobinit_nopinit:__TI_auto_init_nobinit_nopinit)
                  000171c8    00000068                           : strtok.c.obj (.text:strtok)
                  00017230    00000064                           : _printfi.c.obj (.text:_fcpy)
                  00017294    00000064                           : sprintf.c.obj (.text:sprintf)
                  000172f8    0000005c                           : fd_toi32.asm.obj (.text)
                  00017354    0000005c                           : fs_tod32.asm.obj (.text)
                  000173b0    00000058                           : fd_tou32.asm.obj (.text)
                  00017408    00000054                           : i_div32.asm.obj (.text)
                  0001745c    00000050                           : u_div32.asm.obj (.text)
                  000174ac    0000004c                           : fs_toi32.asm.obj (.text)
                  000174f8    0000004c                           : i_tofs32.asm.obj (.text)
                  00017544    0000004c                           : strspn.c.obj (.text:strspn)
                  00017590    00000044                           : strcspn.c.obj (.text:strcspn)
                  000175d4    0000003c                           : i_tofd32.asm.obj (.text)
                  00017610    00000034                           : u_tofd32.asm.obj (.text)
                  00017644    00000030                           : sprintf.c.obj (.text:_outs)
                  00017674    0000002c                           : memccpy.c.obj (.text:memccpy)
                  000176a0    00000028                           : strcat.c.obj (.text:strcat)
                  000176c8    00000028                           : strchr.c.obj (.text:strchr)
                  000176f0    00000028                           : strcmp.c.obj (.text:strcmp)
                  00017718    00000024                           : wcslen.c.obj (.text:wcslen)
                  0001773c    00000020                           : strlen.c.obj (.text:strlen)
                  0001775c    00000018                           : strcpy.c.obj (.text:strcpy)
                  00017774    00000014                           : sprintf.c.obj (.text:_outc)
                  00017788    00000014                           : copy_decompress_none.c.obj (.text:decompress:none:__TI_decompress_none)
                  0001779c    00000010                           : copy_zero_init.c.obj (.text:decompress:ZI:__TI_zero_init)
                  000177ac    0000000c                           : errno.c.obj (.text:__aeabi_errno_addr)
                  000177b8    0000000c                           : s_copysign.c.obj (.text:copysign)
                  000177c4    00000008                           : exit.c.obj (.text:abort:abort)
                  000177cc    00000008                           : atof.c.obj (.text:atof)
                  000177d4    00000004     sys_phantom.obj (.text:retain)
                  000177d8    00000004     rtsv7R4_A_be_eabi.lib : div0.asm.obj (.text)
                  000177dc    00000004     sys_startup.obj (.text)

.const     0    000177e0    00000864     
                  000177e0    000003a0     het.obj (.const:het1PROGRAM)
                  00017b80    00000180     sys_vim.obj (.const:s_vim_init)
                  00017d00    00000101     rtsv7R4_A_be_eabi.lib : ctype.c.obj (.const:.string:_ctypes_)
                  00017e01    00000002     Utilities.obj (.const:.string:$P$T0$1)
                  00017e03    00000002     Utilities.obj (.const:.string:$P$T1$2)
                  00017e05    00000002     Utilities.obj (.const:.string:$P$T2$3)
                  00017e07    00000001     --HOLE-- [fill = 0]
                  00017e08    00000080     rtsv7R4_A_be_eabi.lib : strtod.c.obj (.const:digits)
                  00017e88    00000068     Utilities.obj (.const:.string)
                  00017ef0    00000048     rtsv7R4_A_be_eabi.lib : strtod.c.obj (.const:powerof10)
                  00017f38    00000028     Commands.obj (.const:.string:$P$T1$2)
                  00017f60    00000020     PWM.obj (.const:s_het1pwmPolarity)
                  00017f80    00000020     het.obj (.const:s_het1pwmPolarity)
                  00017fa0    0000001e     Commands.obj (.const:.string:$P$T0$1)
                  00017fbe    0000001d     Commands.obj (.const:.string:$P$T2$3)
                  00017fdb    00000001     --HOLE-- [fill = 0]
                  00017fdc    00000014     sys_main.obj (.const:$P$T0$1)
                  00017ff0    00000010     rtsv7R4_A_be_eabi.lib : e_pow.c.obj (.const:bp)
                  00018000    00000010                           : e_pow.c.obj (.const:dp_h)
                  00018010    00000010                           : e_pow.c.obj (.const:dp_l)
                  00018020    0000000c     Commands.obj (.const:$P$T3$4)
                  0001802c    0000000c     adc.obj (.const:s_adcFiFoSize)
                  00018038    0000000c     adc.obj (.const:s_adcSelect)

.kernelBSS 
*          0    08000800    00000104     UNINITIALIZED
                  08000800    000000d0     os_tasks.obj (.kernelBSS:uninit)
                  080008d0    00000034     os_tasks.obj (.kernelBSS:init)

.kernelHEAP 
*          0    08001000    00002000     UNINITIALIZED
                  08001000    00002000     os_heap.obj (.kernelHEAP)

.bss       0    08003000    000001a0     UNINITIALIZED
                  08003000    00000064     (.common:command)
                  08003064    00000064     (.common:tramaAPI)
                  080030c8    00000018     Commands.obj (.bss:auxReceivedData)
                  080030e0    00000018     Commands.obj (.bss:receivedData2)
                  080030f8    00000018     Commands.obj (.bss:receivedData3)
                  08003110    00000018     Commands.obj (.bss:receivedData)
                  08003128    00000018     sys_main.obj (.bss:receivedData)
                  08003140    00000018     (.common:CMD_KEY)
                  08003158    00000014     sci.obj (.bss:g_sciTransfer_t)
                  0800316c    00000004     (.common:auxNewData)
                  08003170    00000010     (.common:SERVO_PAYLOAD)
                  08003180    0000000c     (.common:newDataCopy)
                  0800318c    00000008     os_heap.obj (.bss:xStart)
                  08003194    00000004     (.common:newData)
                  08003198    00000004     (.common:xTelemetryHandle)
                  0800319c    00000004     (.common:xWTStartHandle)

.data      0    080031a0    00000109     UNINITIALIZED
                  080031a0    0000005c     Utilities.obj (.data)
                  080031fc    00000018     Utilities.obj (.data:FSW_STATE)
                  08003214    00000010     Commands.obj (.data)
                  08003224    00000010     os_heap.obj (.data)
                  08003234    00000008     Utilities.obj (.data:cALTITUDE_BAR)
                  0800323c    00000008     Utilities.obj (.data:cPRESS_BAR)
                  08003244    00000008     Utilities.obj (.data:cTEMPERATURE)
                  0800324c    00000008     os_port.obj (.data)
                  08003254    00000006     Utilities.obj (.data:cPACKET_COUNT)
                  0800325a    00000006     Utilities.obj (.data:cSP1_PC)
                  08003260    00000006     Utilities.obj (.data:cSP2_PC)
                  08003266    00000004     Utilities.obj (.data:SP1_ALTITUDE)
                  0800326a    00000004     Utilities.obj (.data:SP1_MISSION_TIME)
                  0800326e    00000004     Utilities.obj (.data:SP1_PACKET_COUNT)
                  08003272    00000004     Utilities.obj (.data:SP1_PACKET_TYPE)
                  08003276    00000004     Utilities.obj (.data:SP1_ROTATION_RATE)
                  0800327a    00000004     Utilities.obj (.data:SP1_TEMPERATURE)
                  0800327e    00000004     Utilities.obj (.data:SP2_ALTITUDE)
                  08003282    00000004     Utilities.obj (.data:SP2_MISSION_TIME)
                  08003286    00000004     Utilities.obj (.data:SP2_PACKET_COUNT)
                  0800328a    00000004     Utilities.obj (.data:SP2_PACKET_TYPE)
                  0800328e    00000004     Utilities.obj (.data:SP2_ROTATION_RATE)
                  08003292    00000004     Utilities.obj (.data:SP2_TEMPERATURE)
                  08003296    00000002     --HOLE--
                  08003298    00000004     rtsv7R4_A_be_eabi.lib : errno.c.obj (.data)
                  0800329c    00000004                           : strtok.c.obj (.data)
                  080032a0    00000003     Utilities.obj (.data:cH)
                  080032a3    00000003     Utilities.obj (.data:cM)
                  080032a6    00000003     Utilities.obj (.data:cS)

MODULE SUMMARY

       Module                       code    ro data   rw data
       ------                       ----    -------   -------
    .\source\
       os_tasks.obj                 11584   0         260    
       os_heap.obj                  1528    0         8216   
       sys_selftest.obj             9456    0         0      
       os_queue.obj                 4572    0         0      
       het.obj                      2300    960       0      
       sys_vim.obj                  2820    384       0      
       system.obj                   2720    0         0      
       adc.obj                      2680    24        0      
       sci.obj                      2664    0         20     
       os_mpu_wrappers.obj          2464    0         0      
       os_event_groups.obj          2076    0         0      
       esm.obj                      1704    0         0      
       errata_SSWF021_45.obj        1636    0         0      
       os_port.obj                  1392    0         8      
       sys_main.obj                 1268    20        24     
       os_portasm.obj               944     0         0      
       gio.obj                      876     0         0      
       sys_core.obj                 720     0         0      
       os_list.obj                  568     0         0      
       sys_startup.obj              544     0         0      
       pinmux.obj                   336     0         0      
       dabort.obj                   232     0         0      
       sys_pmu.obj                  224     0         0      
       notification.obj             212     0         0      
       sys_intvecs.obj              32      0         0      
       sys_phantom.obj              4       0         0      
    +--+----------------------------+-------+---------+---------+
       Total:                       55556   1388      8528   
                                                             
    .\source\KaanSat_Lib\
       Commands.obj                 3724    111       156    
       Utilities.obj                3028    110       439    
       PWM.obj                      408     32        0      
    +--+----------------------------+-------+---------+---------+
       Total:                       7160    253       595    
                                                             
    C:\ti\ccs930\ccs\tools\compiler\ti-cgt-arm_18.12.4.LTS\lib\rtsv7R4_A_be_eabi.lib
       _printfi.c.obj               7373    0         0      
       e_pow.c.obj                  3724    48        0      
       strtod.c.obj                 1636    200       0      
       e_log.c.obj                  1420    0         0      
       ull_div32.asm.obj            696     0         0      
       fd_add32.asm.obj             532     0         0      
       e_sqrt.c.obj                 492     0         0      
       fd_cmp32.asm.obj             448     0         0      
       fd_div32.asm.obj             400     0         0      
       memcpy32.asm.obj             384     0         0      
       s_floor.c.obj                344     0         0      
       fs_add32.asm.obj             308     0         0      
       fd_mul32.asm.obj             296     0         0      
       s_scalbn.c.obj               288     0         0      
       fs_cmp32.asm.obj             272     0         0      
       ctype.c.obj                  0       257       0      
       fs_div32.asm.obj             212     0         0      
       memset32.asm.obj             176     0         0      
       fs_mul32.asm.obj             168     0         0      
       sprintf.c.obj                168     0         0      
       fd_tos32.asm.obj             156     0         0      
       copy_decompress_lzss.c.obj   144     0         0      
       atoi.c.obj                   132     0         0      
       ltoa.c.obj                   128     0         0      
       s_frexp.c.obj                124     0         0      
       strtok.c.obj                 104     0         4      
       autoinit.c.obj               104     0         0      
       fd_toi32.asm.obj             92      0         0      
       fs_tod32.asm.obj             92      0         0      
       fd_tou32.asm.obj             88      0         0      
       i_div32.asm.obj              84      0         0      
       u_div32.asm.obj              80      0         0      
       fs_toi32.asm.obj             76      0         0      
       i_tofs32.asm.obj             76      0         0      
       strspn.c.obj                 76      0         0      
       strcspn.c.obj                68      0         0      
       i_tofd32.asm.obj             60      0         0      
       u_tofd32.asm.obj             52      0         0      
       memccpy.c.obj                44      0         0      
       strcat.c.obj                 40      0         0      
       strchr.c.obj                 40      0         0      
       strcmp.c.obj                 40      0         0      
       wcslen.c.obj                 36      0         0      
       strlen.c.obj                 32      0         0      
       strcpy.c.obj                 24      0         0      
       copy_decompress_none.c.obj   20      0         0      
       copy_zero_init.c.obj         16      0         0      
       errno.c.obj                  12      0         4      
       s_copysign.c.obj             12      0         0      
       atof.c.obj                   8       0         0      
       exit.c.obj                   8       0         0      
       div0.asm.obj                 4       0         0      
    +--+----------------------------+-------+---------+---------+
       Total:                       21409   505       8      
                                                             
       Linker Generated:            0       174       0      
    +--+----------------------------+-------+---------+---------+
       Grand Total:                 84125   2320      9131   


LINKER GENERATED COPY TABLES

__TI_cinit_table @ 00005178 records: 4, size/record: 8, table size: 32
	.data: load addr=000050e0, load size=00000069 bytes, run addr=080031a0, run size=00000109 bytes, compression=lzss
	.kernelBSS: load addr=00005158, load size=00000009 bytes, run addr=08000800, run size=00000104 bytes, compression=lzss
	.bss: load addr=00005168, load size=00000008 bytes, run addr=08003000, run size=000001a0 bytes, compression=zero_init
	.kernelHEAP: load addr=00005170, load size=00000008 bytes, run addr=08001000, run size=00002000 bytes, compression=zero_init


LINKER GENERATED HANDLER TABLE

__TI_handler_table @ 0000514c records: 3, size/record: 4, table size: 12
	index: 0, handler: __TI_decompress_lzss
	index: 1, handler: __TI_decompress_none
	index: 2, handler: __TI_zero_init


GLOBAL SYMBOLS: SORTED ALPHABETICALLY BY Name 

address   name                                  
-------   ----                                  
080031bc  ALTITUDE_BAR                          
080031c0  ALTITUDE_INIT                         
000177c4  C$$EXIT                               
08003140  CMD_KEY                               
080031d4  ENABLE_SIM                            
080031fc  FSW_STATE                             
080031a8  FSW_STATE_TEMP                        
080031e0  H                                     
080031dc  LAND                                  
080031e4  M                                     
080031b0  MODE                                  
0000f4d4  MPU_eTaskGetState                     
0000f63c  MPU_pcTaskGetName                     
0000f71c  MPU_pvTaskGetThreadLocalStoragePointer
0000f834  MPU_ulTaskNotifyTake                  
0000f9f0  MPU_uxQueueMessagesWaiting            
0000fa24  MPU_uxQueueSpacesAvailable            
0000f610  MPU_uxTaskGetNumberOfTasks            
0000f6a4  MPU_uxTaskGetStackHighWaterMark       
0000f4a0  MPU_uxTaskPriorityGet                 
0000fc78  MPU_vEventGroupDelete                 
0000fa58  MPU_vQueueDelete                      
0000f3ac  MPU_vTaskAllocateMPURegions           
0000f40c  MPU_vTaskDelay                        
0000f438  MPU_vTaskDelayUntil                   
0000f3e0  MPU_vTaskDelete                       
0000f508  MPU_vTaskPrioritySet                  
0000f568  MPU_vTaskResume                       
0000f6d8  MPU_vTaskSetThreadLocalStoragePointer 
0000f8ac  MPU_vTaskSetTimeOutState              
0000f53c  MPU_vTaskSuspend                      
0000f594  MPU_vTaskSuspendAll                   
0000fb9c  MPU_xEventGroupClearBits              
0000fb14  MPU_xEventGroupCreate                 
0000fbe0  MPU_xEventGroupSetBits                
0000fc24  MPU_xEventGroupSync                   
0000fb40  MPU_xEventGroupWaitBits               
0000fa84  MPU_xQueueGenericCreate               
0000f99c  MPU_xQueueGenericReceive              
0000fad0  MPU_xQueueGenericReset                
0000f948  MPU_xQueueGenericSend                 
0000f46c  MPU_xTaskAbortDelay                   
0000f8d8  MPU_xTaskCheckForTimeOut              
0000f304  MPU_xTaskCreate                       
0000f368  MPU_xTaskCreateRestricted             
0000f78c  MPU_xTaskGenericNotify                
0000f670  MPU_xTaskGetHandle                    
0000f760  MPU_xTaskGetIdleTaskHandle            
0000f91c  MPU_xTaskGetSchedulerState            
0000f5e4  MPU_xTaskGetTickCount                 
0000f878  MPU_xTaskNotifyStateClear             
0000f7e0  MPU_xTaskNotifyWait                   
0000f5b8  MPU_xTaskResumeAll                    
080031ac  PACKET_COUNT                          
080031c4  PRESS_BAR                             
080031ee  R1                                    
080031ef  R2                                    
0000bd80  Recorrido                             
0000bf14  RecorridoAuxNewData                   
080031e8  S                                     
08003170  SERVO_PAYLOAD                         
UNDEFED   SHT$$INIT_ARRAY$$Base                 
UNDEFED   SHT$$INIT_ARRAY$$Limit                
080031d2  SIM_ON                                
080031ec  SP1X_ON                               
08003266  SP1_ALTITUDE                          
0800326a  SP1_MISSION_TIME                      
0800326e  SP1_PACKET_COUNT                      
08003272  SP1_PACKET_TYPE                       
080031b4  SP1_PC                                
080031b1  SP1_RELEASED                          
08003276  SP1_ROTATION_RATE                     
0800327a  SP1_TEMPERATURE                       
080031ed  SP2X_ON                               
0800327e  SP2_ALTITUDE                          
08003282  SP2_MISSION_TIME                      
08003286  SP2_PACKET_COUNT                      
0800328a  SP2_PACKET_TYPE                       
080031b8  SP2_PC                                
080031b2  SP2_RELEASED                          
0800328e  SP2_ROTATION_RATE                     
08003292  SP2_TEMPERATURE                       
080031d1  SP_ON                                 
080031b3  STATE                                 
080031d8  STATE_INDEX                           
080031c8  TEMPERATURE                           
08003220  VALIDA_ENTRADA                        
080031cc  VOLT_BATT                             
00005178  __TI_CINIT_Base                       
00005198  __TI_CINIT_Limit                      
0000514c  __TI_Handler_Table_Base               
00005158  __TI_Handler_Table_Limit              
00013f40  __TI_PINIT_Base                       
00013f44  __TI_PINIT_Limit                      
00017160  __TI_auto_init_nobinit_nopinit        
00016dbc  __TI_decompress_lzss                  
00017788  __TI_decompress_none                  
ffffffff  __TI_pprof_out_hndl                   
0000a510  __TI_printfi                          
ffffffff  __TI_prof_data_size                   
ffffffff  __TI_prof_data_start                  
00000000  __TI_static_base__                    
0001779c  __TI_zero_init                        
00016620  __aeabi_cdcmpeq                       
00016620  __aeabi_cdcmple                       
00016700  __aeabi_cdrcmple                      
00016e4c  __aeabi_cfcmpeq                       
00016e4c  __aeabi_cfcmple                       
00016ed4  __aeabi_cfrcmple                      
00016c88  __aeabi_d2f                           
000172f8  __aeabi_d2iz                          
000173b0  __aeabi_d2uiz                         
00014e00  __aeabi_dadd                          
0001589c  __aeabi_ddiv                          
000160ec  __aeabi_dmul                          
00014df4  __aeabi_dsub                          
000177ac  __aeabi_errno_addr                    
00017354  __aeabi_f2d                           
000174ac  __aeabi_f2iz                          
00015fbc  __aeabi_fadd                          
00016994  __aeabi_fdiv                          
00016be0  __aeabi_fmul                          
00015fb8  __aeabi_fsub                          
000175d4  __aeabi_i2d                           
000174f8  __aeabi_i2f                           
00017408  __aeabi_idiv                          
000177d8  __aeabi_idiv0                         
00017408  __aeabi_idivmod                       
000177d8  __aeabi_ldiv0                         
00016b30  __aeabi_memclr                        
00016b30  __aeabi_memclr4                       
00016b30  __aeabi_memclr8                       
00015a2c  __aeabi_memcpy                        
00015a2c  __aeabi_memcpy4                       
00015a2c  __aeabi_memcpy8                       
00016b34  __aeabi_memset                        
00016b34  __aeabi_memset4                       
00016b34  __aeabi_memset8                       
00017610  __aeabi_ui2d                          
0001745c  __aeabi_uidiv                         
0001745c  __aeabi_uidivmod                      
00014208  __aeabi_uldivmod                      
ffffffff  __binit__                             
ffffffff  __c_args__                            
00014bd8  _c_int00                              
00013e68  _coreClearAuxiliaryDataFault_         
00013e7c  _coreClearAuxiliaryInstructionFault_  
00013e40  _coreClearDataFaultAddress_           
00013e18  _coreClearDataFault_                  
00013e54  _coreClearInstructionFaultAddress_    
00013e2c  _coreClearInstructionFault_           
00013dac  _coreDisableEventBusExport_           
00013df0  _coreDisableFlashEcc_                 
00013dcc  _coreDisableRamEcc_                   
00013d9c  _coreEnableEventBusExport_            
00013ddc  _coreEnableFlashEcc_                  
00013e00  _coreEnableIrqVicOffset_              
00013dbc  _coreEnableRamEcc_                    
00013e60  _coreGetAuxiliaryDataFault_           
00013e74  _coreGetAuxiliaryInstructionFault_    
00013e38  _coreGetDataFaultAddress_             
00013e10  _coreGetDataFault_                    
00013e4c  _coreGetInstructionFaultAddress_      
00013e24  _coreGetInstructionFault_             
00013c78  _coreInitRegisters_                   
00013d30  _coreInitStackPointer_                
00017d00  _ctypes_                              
00016538  _dabort                               
00013e90  _disable_FIQ_interrupt_               
00013e98  _disable_IRQ_interrupt_               
00013e88  _disable_interrupt_                   
00013ea0  _enable_interrupt_                    
00013f30  _errata_CORTEXR4_66_                  
00011520  _errata_SSWF021_45_both_plls          
00011714  _errata_SSWF021_45_pll1               
0001188c  _errata_SSWF021_45_pll2               
00013ea8  _esmCcmErrorsClear_                   
00013d7c  _getCPSRValue_                        
00013d84  _gotoCPUIdle_                         
0001683c  _pmuDisableCountersGlobal_            
0001682c  _pmuEnableCountersGlobal_             
00016898  _pmuGetCycleCount_                    
000168a0  _pmuGetEventCount_                    
000168ac  _pmuGetOverflow_                      
000167e0  _pmuInit_                             
0001686c  _pmuResetCounters_                    
0001684c  _pmuResetCycleCounter_                
0001685c  _pmuResetEventCounters_               
0001688c  _pmuSetCountEvent_                    
0001687c  _pmuStartCounters_                    
00016884  _pmuStopCounters_                     
UNDEFED   _system_post_cinit                    
000177c4  abort                                 
0000f094  adc1GetConfigValue                    
00009004  adc1ParityCheck                       
0000ec70  adcCalibration                        
0000f034  adcDisableNotification                
0000efe4  adcEnableNotification                 
0000ea84  adcGetData                            
0000f07c  adcGetEVTPin                          
0000e88c  adcInit                               
0000ec40  adcIsConversionComplete               
0000ec10  adcIsFifoFull                         
0000ee48  adcMidPointCalibration                
00016918  adcNotification                       
0000ea5c  adcResetFiFo                          
0000f05c  adcSetEVTPin                          
0000e9e8  adcStartConversion                    
0000ea34  adcStopConversion                     
000177cc  atof                                  
00016fe0  atoi                                  
0800316c  auxNewData                            
ffffffff  binit                                 
080031a0  buff_size                             
080031a4  buff_sizeAPI                          
08003234  cALTITUDE_BAR                         
080032a0  cH                                    
080032a3  cM                                    
08003254  cPACKET_COUNT                         
0800323c  cPRESS_BAR                            
080032a6  cS                                    
0800325a  cSP1_PC                               
08003260  cSP2_PC                               
08003244  cTEMPERATURE                          
000090bc  can1ParityCheck                       
00009198  can2ParityCheck                       
000102b4  capGetSignal                          
00008030  ccmSelfCheck                          
0000a034  ccmr4GetConfigValue                   
00008938  checkB0RAMECC                         
00008b28  checkB1RAMECC                         
00009604  checkClockMonitor                     
00008d18  checkFlashECC                         
000096d8  checkFlashEEPROMECC                   
00009880  checkPLL1Slip                         
0000999c  checkRAMAddrParity                    
000093bc  checkRAMECC                           
00009aa4  checkRAMUERRTest                      
000087bc  checkefcSelfTest                      
0800321c  cmd_cont                              
0000bf98  commCX                                
0000c084  commSIM                               
0000c230  commSIMP                              
0000c188  commSP1X                              
0000c1dc  commSP2X                              
0000c264  commSPR                               
0000bfec  commST                                
0000bc44  commVerification                      
08003000  command                               
08003214  commandsTam                           
000177b8  copysign                              
000177b8  copysignl                             
00008234  cpuSelfTest                           
00008dfc  cpuSelfTestFail                       
0000d218  createTelemetryPacket                 
0000e7cc  customTrimLPO                         
00008df4  custom_dabort                         
0000a424  disableParity                         
00001f18  eTaskConfirmSleepModeStatus           
00000890  eTaskGetState                         
00010274  edgeDisableNotification               
00010238  edgeEnableNotification                
0001020c  edgeGetCounter                        
0001696c  edgeNotification                      
000101e0  edgeResetCounter                      
00008660  efcCheck                              
00009f98  efcGetConfigValue                     
00008794  efcSelfTest                           
000086e8  efcStuckZeroTest                      
0000a3d0  enableParity                          
0000a0b0  errata_PBIST_4                        
08003298  errno                                 
0001236c  esmActivateNormalOperation            
00012440  esmClearStatus                        
00012480  esmClearStatusBuffer                  
00012334  esmDisableError                       
000123a4  esmDisableInterrupt                   
0001230c  esmEnableError                        
0001237c  esmEnableInterrupt                    
00012578  esmEnterSelfTest                      
000122f0  esmError                              
00012650  esmGetConfigValue                     
000124bc  esmGetStatus                          
00012540  esmGetStatusBuffer                    
000168c0  esmGroup1Notification                 
000168d0  esmGroup2Notification                 
0001644c  esmHighInterrupt                      
000121e8  esmInit                               
00012600  esmSelfTestStatus                     
0001249c  esmSetCounterPreloadValue             
000123cc  esmSetInterruptLevel                  
0001235c  esmTriggerErrorPinReset               
00015d10  floor                                 
00015d10  floorl                                
00009c00  fmcBus1ParityCheck                    
0000885c  fmcBus2Check                          
00008898  fmcECCcheck                           
000170e4  frexp                                 
000170e4  frexpl                                
0000dc40  ftoa                                  
0000da14  getAltitude                           
0000b500  getCommand                            
0000b5d0  getSPTelemetry                        
0000d4f4  getTime                               
000137a0  gioDisableNotification                
00013764  gioEnableNotification                 
000136cc  gioGetBit                             
000137dc  gioGetConfigValue                     
000136f4  gioGetPort                            
000135a8  gioInit                               
0001692c  gioNotification                       
0001365c  gioSetBit                             
0001363c  gioSetDirection                       
000136ac  gioSetPort                            
0001370c  gioToggleBit                          
000177dc  handlePLLLockFail                     
000103c8  het1GetConfigValue                    
00008eac  het1ParityCheck                       
000103b0  hetGetTimestamp                       
0000fca4  hetInit                               
00016980  hetNotification                       
00010394  hetResetTimestamp                     
00008f4c  htu1ParityCheck                       
00016214  ldexp                                 
00016214  ldexpl                                
000133cc  linHighLevelInterrupt                 
00013224  linLowLevelInterrupt                  
000127e4  log                                   
000127e4  logl                                  
00017064  ltoa                                  
00012d30  main                                  
0000df44  mapClocks                             
00017674  memccpy                               
00015a2c  memcpy                                
00008174  memoryInit                            
000168e0  memoryPort0TestFailNotification       
000168fc  memoryPort1TestFailNotification       
00016b40  memset                                
00009260  mibspi1ParityCheck                    
00015e68  muxInit                               
08003194  newData                               
08003180  newDataCopy                           
0000bbc0  numberOfTokens                        
00009d2c  pbistFail                             
00009db0  pbistGetConfigValue                   
000085a8  pbistIsTestCompleted                  
000085d4  pbistIsTestPassed                     
00008608  pbistPortTestStatus                   
000084ac  pbistRun                              
000082cc  pbistSelfCheck                        
00008578  pbistStop                             
00001354  pcTaskGetName                         
0000def0  periphInit                            
000177d4  phantomInterrupt                      
00015ef0  pinmuxGetConfigValue                  
0000c3b4  pow                                   
0000c3b4  powl                                  
00004d38  prvMpuDisable                         
00004d20  prvMpuEnable                          
00004d08  prvMpuSetRegion                       
00004d60  pvPortMalloc                          
00001ff8  pvTaskGetThreadLocalStoragePointer    
000101b0  pwmDisableNotification                
00010168  pwmEnableNotification                 
00010080  pwmGetSignal                          
00016954  pwmNotification                       
0000fdcc  pwmSetDuty                            
0000ff08  pwmSetSignal                          
00015704  pwmSetSignal10e3                      
0000fd64  pwmStart                              
0000fd98  pwmStop                               
080008d0  pxCurrentTCB                          
000045f4  pxPortInitialiseStack                 
00000000  resetEntry                            
00016214  scalbn                                
00016214  scalbnl                               
080031f0  sciControl                            
00011288  sciDisableLoopback                    
000112e0  sciDisableNotification                
00011254  sciEnableLoopback                     
000112a4  sciEnableNotification                 
0001131c  sciEnterResetState                    
0001133c  sciExitResetState                     
00010e3c  sciInit                               
0001113c  sciIsIdleDetected                     
00011120  sciIsRxReady                          
00011000  sciIsTxReady                          
00013178  sciNotification                       
000111b4  sciReceive                            
00011188  sciReceiveByte                        
00011158  sciRxError                            
0001104c  sciSend                               
0001101c  sciSendByte                           
0000da8c  sciSendData                           
00010f48  sciSetBaudrate                        
00010f28  sciSetFunctional                      
00011374  scilinGetConfigValue                  
00008020  selftestFailNotification              
0000deb0  setupFlash                            
0000ddec  setupPLL                              
08003218  sim_ok                                
0000db74  sltoa                                 
00017294  sprintf                               
00015008  sqrt                                  
00015008  sqrtl                                 
0000e690  sramGetConfigValue                    
00009ef8  stcGetConfigValue                     
000081b8  stcSelfCheck                          
00008df8  stcSelfCheckFail                      
000176a0  strcat                                
000176c8  strchr                                
000176f0  strcmp                                
0001775c  strcpy                                
00017590  strcspn                               
0001773c  strlen                                
00017544  strspn                                
00011b84  strtod                                
000171c8  strtok                                
00011b84  strtold                               
0000e124  systemGetConfigValue                  
0000e028  systemInit                            
0000e0f4  systemPowerDown                       
0000e4e4  tcmflashGetConfigValue                
080031d0  telemetry_ON                          
0000bdfc  timeVerification                      
080031f4  toggle_sim                            
08003064  tramaAPI                              
0000de3c  trimLPO                               
0800324c  ulCriticalNesting                     
00004c44  ulPortCountLeadingZeros               
08003250  ulTaskHasFPUContext                   
00002390  ulTaskNotifyTake                      
0000d6f8  updateAltitude                        
0000d5ac  updateState                           
00014b4c  uxListRemove                          
00003910  uxQueueMessagesWaiting                
00003994  uxQueueMessagesWaitingFromISR         
00003948  uxQueueSpacesAvailable                
00001348  uxTaskGetNumberOfTasks                
0000223c  uxTaskGetStackHighWaterMark           
00000994  uxTaskPriorityGet                     
000009d8  uxTaskPriorityGetFromISR              
00002354  uxTaskResetEventItemValue             
0000456c  vEventGroupClearBitsCallback          
000044cc  vEventGroupDelete                     
00004550  vEventGroupSetBitsCallback            
000149a0  vListInitialise                       
000149f8  vListInitialiseItem                   
00014a88  vListInsert                           
00014a14  vListInsertEnd                        
00013024  vMissionOperations                    
0000497c  vPortEndScheduler                     
00004fb8  vPortFree                             
000050c8  vPortInitialiseBlocks                 
00004b84  vPortPreemptiveTick                   
00004c4c  vPortSWI                              
000049b4  vPortStartFirstTask                   
000046e4  vPortStoreTaskMPUSettings             
00004ad0  vPortYeildWithinAPI                   
00004a24  vPortYieldProcessor                   
000039c4  vQueueDelete                          
00012fe0  vSensors                              
00002064  vTaskAllocateMPURegions               
0000080c  vTaskDelay                            
000006a0  vTaskDelayUntil                       
00000538  vTaskDelete                           
00001084  vTaskEndScheduler                     
00001f08  vTaskMissedYield                      
00002954  vTaskNotifyGiveFromISR                
00001ad0  vTaskPlaceOnEventList                 
00001b14  vTaskPlaceOnUnorderedEventList        
00000a20  vTaskPrioritySet                      
00000e20  vTaskResume                           
00001f94  vTaskSetThreadLocalStoragePointer     
00001d90  vTaskSetTimeOutState                  
00000fec  vTaskStartScheduler                   
0000166c  vTaskStepTick                         
00000c18  vTaskSuspend                          
000010a0  vTaskSuspendAll                       
000019f0  vTaskSwitchContext                    
00012f30  vTelemetry                            
00012eb4  vWaitToStart                          
0000b77c  validate                              
00010674  vimChannelMap                         
00010870  vimDisableInterrupt                   
00010718  vimEnableInterrupt                    
000108f4  vimGetConfigValue                     
000105a0  vimInit                               
00008e00  vimParityCheck                        
00014738  vimParityErrorHandler                 
00017718  wcslen                                
00004268  xEventGroupClearBits                  
00003dd8  xEventGroupCreate                     
000042ec  xEventGroupGetBitsFromISR             
0000431c  xEventGroupSetBits                    
00003e14  xEventGroupSync                       
00004014  xEventGroupWaitBits                   
000050b0  xPortGetFreeHeapSize                  
000050bc  xPortGetMinimumEverFreeHeapSize       
00004958  xPortStartScheduler                   
00002d24  xQueueGenericCreate                   
000033fc  xQueueGenericReceive                  
00002bfc  xQueueGenericReset                    
00002e40  xQueueGenericSend                     
00003100  xQueueGenericSendFromISR              
00003290  xQueueGiveFromISR                     
00003cfc  xQueueIsQueueEmptyFromISR             
00003d88  xQueueIsQueueFullFromISR              
0000381c  xQueuePeekFromISR                     
000036d4  xQueueReceiveFromISR                  
000016c8  xTaskAbortDelay                       
00001dd0  xTaskCheckForTimeOut                  
000000fc  xTaskCreate                           
00000020  xTaskCreateRestricted                 
00002580  xTaskGenericNotify                    
00002754  xTaskGenericNotifyFromISR             
0000152c  xTaskGetHandle                        
00001634  xTaskGetIdleTaskHandle                
00002304  xTaskGetSchedulerState                
00001308  xTaskGetTickCount                     
00001324  xTaskGetTickCountFromISR              
000017c8  xTaskIncrementTick                    
00015c94  xTaskNotifyStateClear                 
00002468  xTaskNotifyWait                       
00001b98  xTaskRemoveFromEventList              
00001c88  xTaskRemoveFromUnorderedEventList     
00001158  xTaskResumeAll                        
00000f04  xTaskResumeFromISR                    
08003198  xTelemetryHandle                      
0800319c  xWTStartHandle                        


GLOBAL SYMBOLS: SORTED BY Symbol Address 

address   name                                  
-------   ----                                  
00000000  __TI_static_base__                    
00000000  resetEntry                            
00000020  xTaskCreateRestricted                 
000000fc  xTaskCreate                           
00000538  vTaskDelete                           
000006a0  vTaskDelayUntil                       
0000080c  vTaskDelay                            
00000890  eTaskGetState                         
00000994  uxTaskPriorityGet                     
000009d8  uxTaskPriorityGetFromISR              
00000a20  vTaskPrioritySet                      
00000c18  vTaskSuspend                          
00000e20  vTaskResume                           
00000f04  xTaskResumeFromISR                    
00000fec  vTaskStartScheduler                   
00001084  vTaskEndScheduler                     
000010a0  vTaskSuspendAll                       
00001158  xTaskResumeAll                        
00001308  xTaskGetTickCount                     
00001324  xTaskGetTickCountFromISR              
00001348  uxTaskGetNumberOfTasks                
00001354  pcTaskGetName                         
0000152c  xTaskGetHandle                        
00001634  xTaskGetIdleTaskHandle                
0000166c  vTaskStepTick                         
000016c8  xTaskAbortDelay                       
000017c8  xTaskIncrementTick                    
000019f0  vTaskSwitchContext                    
00001ad0  vTaskPlaceOnEventList                 
00001b14  vTaskPlaceOnUnorderedEventList        
00001b98  xTaskRemoveFromEventList              
00001c88  xTaskRemoveFromUnorderedEventList     
00001d90  vTaskSetTimeOutState                  
00001dd0  xTaskCheckForTimeOut                  
00001f08  vTaskMissedYield                      
00001f18  eTaskConfirmSleepModeStatus           
00001f94  vTaskSetThreadLocalStoragePointer     
00001ff8  pvTaskGetThreadLocalStoragePointer    
00002064  vTaskAllocateMPURegions               
0000223c  uxTaskGetStackHighWaterMark           
00002304  xTaskGetSchedulerState                
00002354  uxTaskResetEventItemValue             
00002390  ulTaskNotifyTake                      
00002468  xTaskNotifyWait                       
00002580  xTaskGenericNotify                    
00002754  xTaskGenericNotifyFromISR             
00002954  vTaskNotifyGiveFromISR                
00002bfc  xQueueGenericReset                    
00002d24  xQueueGenericCreate                   
00002e40  xQueueGenericSend                     
00003100  xQueueGenericSendFromISR              
00003290  xQueueGiveFromISR                     
000033fc  xQueueGenericReceive                  
000036d4  xQueueReceiveFromISR                  
0000381c  xQueuePeekFromISR                     
00003910  uxQueueMessagesWaiting                
00003948  uxQueueSpacesAvailable                
00003994  uxQueueMessagesWaitingFromISR         
000039c4  vQueueDelete                          
00003cfc  xQueueIsQueueEmptyFromISR             
00003d88  xQueueIsQueueFullFromISR              
00003dd8  xEventGroupCreate                     
00003e14  xEventGroupSync                       
00004014  xEventGroupWaitBits                   
00004268  xEventGroupClearBits                  
000042ec  xEventGroupGetBitsFromISR             
0000431c  xEventGroupSetBits                    
000044cc  vEventGroupDelete                     
00004550  vEventGroupSetBitsCallback            
0000456c  vEventGroupClearBitsCallback          
000045f4  pxPortInitialiseStack                 
000046e4  vPortStoreTaskMPUSettings             
00004958  xPortStartScheduler                   
0000497c  vPortEndScheduler                     
000049b4  vPortStartFirstTask                   
00004a24  vPortYieldProcessor                   
00004ad0  vPortYeildWithinAPI                   
00004b84  vPortPreemptiveTick                   
00004c44  ulPortCountLeadingZeros               
00004c4c  vPortSWI                              
00004d08  prvMpuSetRegion                       
00004d20  prvMpuEnable                          
00004d38  prvMpuDisable                         
00004d60  pvPortMalloc                          
00004fb8  vPortFree                             
000050b0  xPortGetFreeHeapSize                  
000050bc  xPortGetMinimumEverFreeHeapSize       
000050c8  vPortInitialiseBlocks                 
0000514c  __TI_Handler_Table_Base               
00005158  __TI_Handler_Table_Limit              
00005178  __TI_CINIT_Base                       
00005198  __TI_CINIT_Limit                      
00008020  selftestFailNotification              
00008030  ccmSelfCheck                          
00008174  memoryInit                            
000081b8  stcSelfCheck                          
00008234  cpuSelfTest                           
000082cc  pbistSelfCheck                        
000084ac  pbistRun                              
00008578  pbistStop                             
000085a8  pbistIsTestCompleted                  
000085d4  pbistIsTestPassed                     
00008608  pbistPortTestStatus                   
00008660  efcCheck                              
000086e8  efcStuckZeroTest                      
00008794  efcSelfTest                           
000087bc  checkefcSelfTest                      
0000885c  fmcBus2Check                          
00008898  fmcECCcheck                           
00008938  checkB0RAMECC                         
00008b28  checkB1RAMECC                         
00008d18  checkFlashECC                         
00008df4  custom_dabort                         
00008df8  stcSelfCheckFail                      
00008dfc  cpuSelfTestFail                       
00008e00  vimParityCheck                        
00008eac  het1ParityCheck                       
00008f4c  htu1ParityCheck                       
00009004  adc1ParityCheck                       
000090bc  can1ParityCheck                       
00009198  can2ParityCheck                       
00009260  mibspi1ParityCheck                    
000093bc  checkRAMECC                           
00009604  checkClockMonitor                     
000096d8  checkFlashEEPROMECC                   
00009880  checkPLL1Slip                         
0000999c  checkRAMAddrParity                    
00009aa4  checkRAMUERRTest                      
00009c00  fmcBus1ParityCheck                    
00009d2c  pbistFail                             
00009db0  pbistGetConfigValue                   
00009ef8  stcGetConfigValue                     
00009f98  efcGetConfigValue                     
0000a034  ccmr4GetConfigValue                   
0000a0b0  errata_PBIST_4                        
0000a3d0  enableParity                          
0000a424  disableParity                         
0000a510  __TI_printfi                          
0000b500  getCommand                            
0000b5d0  getSPTelemetry                        
0000b77c  validate                              
0000bbc0  numberOfTokens                        
0000bc44  commVerification                      
0000bd80  Recorrido                             
0000bdfc  timeVerification                      
0000bf14  RecorridoAuxNewData                   
0000bf98  commCX                                
0000bfec  commST                                
0000c084  commSIM                               
0000c188  commSP1X                              
0000c1dc  commSP2X                              
0000c230  commSIMP                              
0000c264  commSPR                               
0000c3b4  pow                                   
0000c3b4  powl                                  
0000d218  createTelemetryPacket                 
0000d4f4  getTime                               
0000d5ac  updateState                           
0000d6f8  updateAltitude                        
0000da14  getAltitude                           
0000da8c  sciSendData                           
0000db74  sltoa                                 
0000dc40  ftoa                                  
0000ddec  setupPLL                              
0000de3c  trimLPO                               
0000deb0  setupFlash                            
0000def0  periphInit                            
0000df44  mapClocks                             
0000e028  systemInit                            
0000e0f4  systemPowerDown                       
0000e124  systemGetConfigValue                  
0000e4e4  tcmflashGetConfigValue                
0000e690  sramGetConfigValue                    
0000e7cc  customTrimLPO                         
0000e88c  adcInit                               
0000e9e8  adcStartConversion                    
0000ea34  adcStopConversion                     
0000ea5c  adcResetFiFo                          
0000ea84  adcGetData                            
0000ec10  adcIsFifoFull                         
0000ec40  adcIsConversionComplete               
0000ec70  adcCalibration                        
0000ee48  adcMidPointCalibration                
0000efe4  adcEnableNotification                 
0000f034  adcDisableNotification                
0000f05c  adcSetEVTPin                          
0000f07c  adcGetEVTPin                          
0000f094  adc1GetConfigValue                    
0000f304  MPU_xTaskCreate                       
0000f368  MPU_xTaskCreateRestricted             
0000f3ac  MPU_vTaskAllocateMPURegions           
0000f3e0  MPU_vTaskDelete                       
0000f40c  MPU_vTaskDelay                        
0000f438  MPU_vTaskDelayUntil                   
0000f46c  MPU_xTaskAbortDelay                   
0000f4a0  MPU_uxTaskPriorityGet                 
0000f4d4  MPU_eTaskGetState                     
0000f508  MPU_vTaskPrioritySet                  
0000f53c  MPU_vTaskSuspend                      
0000f568  MPU_vTaskResume                       
0000f594  MPU_vTaskSuspendAll                   
0000f5b8  MPU_xTaskResumeAll                    
0000f5e4  MPU_xTaskGetTickCount                 
0000f610  MPU_uxTaskGetNumberOfTasks            
0000f63c  MPU_pcTaskGetName                     
0000f670  MPU_xTaskGetHandle                    
0000f6a4  MPU_uxTaskGetStackHighWaterMark       
0000f6d8  MPU_vTaskSetThreadLocalStoragePointer 
0000f71c  MPU_pvTaskGetThreadLocalStoragePointer
0000f760  MPU_xTaskGetIdleTaskHandle            
0000f78c  MPU_xTaskGenericNotify                
0000f7e0  MPU_xTaskNotifyWait                   
0000f834  MPU_ulTaskNotifyTake                  
0000f878  MPU_xTaskNotifyStateClear             
0000f8ac  MPU_vTaskSetTimeOutState              
0000f8d8  MPU_xTaskCheckForTimeOut              
0000f91c  MPU_xTaskGetSchedulerState            
0000f948  MPU_xQueueGenericSend                 
0000f99c  MPU_xQueueGenericReceive              
0000f9f0  MPU_uxQueueMessagesWaiting            
0000fa24  MPU_uxQueueSpacesAvailable            
0000fa58  MPU_vQueueDelete                      
0000fa84  MPU_xQueueGenericCreate               
0000fad0  MPU_xQueueGenericReset                
0000fb14  MPU_xEventGroupCreate                 
0000fb40  MPU_xEventGroupWaitBits               
0000fb9c  MPU_xEventGroupClearBits              
0000fbe0  MPU_xEventGroupSetBits                
0000fc24  MPU_xEventGroupSync                   
0000fc78  MPU_vEventGroupDelete                 
0000fca4  hetInit                               
0000fd64  pwmStart                              
0000fd98  pwmStop                               
0000fdcc  pwmSetDuty                            
0000ff08  pwmSetSignal                          
00010080  pwmGetSignal                          
00010168  pwmEnableNotification                 
000101b0  pwmDisableNotification                
000101e0  edgeResetCounter                      
0001020c  edgeGetCounter                        
00010238  edgeEnableNotification                
00010274  edgeDisableNotification               
000102b4  capGetSignal                          
00010394  hetResetTimestamp                     
000103b0  hetGetTimestamp                       
000103c8  het1GetConfigValue                    
000105a0  vimInit                               
00010674  vimChannelMap                         
00010718  vimEnableInterrupt                    
00010870  vimDisableInterrupt                   
000108f4  vimGetConfigValue                     
00010e3c  sciInit                               
00010f28  sciSetFunctional                      
00010f48  sciSetBaudrate                        
00011000  sciIsTxReady                          
0001101c  sciSendByte                           
0001104c  sciSend                               
00011120  sciIsRxReady                          
0001113c  sciIsIdleDetected                     
00011158  sciRxError                            
00011188  sciReceiveByte                        
000111b4  sciReceive                            
00011254  sciEnableLoopback                     
00011288  sciDisableLoopback                    
000112a4  sciEnableNotification                 
000112e0  sciDisableNotification                
0001131c  sciEnterResetState                    
0001133c  sciExitResetState                     
00011374  scilinGetConfigValue                  
00011520  _errata_SSWF021_45_both_plls          
00011714  _errata_SSWF021_45_pll1               
0001188c  _errata_SSWF021_45_pll2               
00011b84  strtod                                
00011b84  strtold                               
000121e8  esmInit                               
000122f0  esmError                              
0001230c  esmEnableError                        
00012334  esmDisableError                       
0001235c  esmTriggerErrorPinReset               
0001236c  esmActivateNormalOperation            
0001237c  esmEnableInterrupt                    
000123a4  esmDisableInterrupt                   
000123cc  esmSetInterruptLevel                  
00012440  esmClearStatus                        
00012480  esmClearStatusBuffer                  
0001249c  esmSetCounterPreloadValue             
000124bc  esmGetStatus                          
00012540  esmGetStatusBuffer                    
00012578  esmEnterSelfTest                      
00012600  esmSelfTestStatus                     
00012650  esmGetConfigValue                     
000127e4  log                                   
000127e4  logl                                  
00012d30  main                                  
00012eb4  vWaitToStart                          
00012f30  vTelemetry                            
00012fe0  vSensors                              
00013024  vMissionOperations                    
00013178  sciNotification                       
00013224  linLowLevelInterrupt                  
000133cc  linHighLevelInterrupt                 
000135a8  gioInit                               
0001363c  gioSetDirection                       
0001365c  gioSetBit                             
000136ac  gioSetPort                            
000136cc  gioGetBit                             
000136f4  gioGetPort                            
0001370c  gioToggleBit                          
00013764  gioEnableNotification                 
000137a0  gioDisableNotification                
000137dc  gioGetConfigValue                     
00013c78  _coreInitRegisters_                   
00013d30  _coreInitStackPointer_                
00013d7c  _getCPSRValue_                        
00013d84  _gotoCPUIdle_                         
00013d9c  _coreEnableEventBusExport_            
00013dac  _coreDisableEventBusExport_           
00013dbc  _coreEnableRamEcc_                    
00013dcc  _coreDisableRamEcc_                   
00013ddc  _coreEnableFlashEcc_                  
00013df0  _coreDisableFlashEcc_                 
00013e00  _coreEnableIrqVicOffset_              
00013e10  _coreGetDataFault_                    
00013e18  _coreClearDataFault_                  
00013e24  _coreGetInstructionFault_             
00013e2c  _coreClearInstructionFault_           
00013e38  _coreGetDataFaultAddress_             
00013e40  _coreClearDataFaultAddress_           
00013e4c  _coreGetInstructionFaultAddress_      
00013e54  _coreClearInstructionFaultAddress_    
00013e60  _coreGetAuxiliaryDataFault_           
00013e68  _coreClearAuxiliaryDataFault_         
00013e74  _coreGetAuxiliaryInstructionFault_    
00013e7c  _coreClearAuxiliaryInstructionFault_  
00013e88  _disable_interrupt_                   
00013e90  _disable_FIQ_interrupt_               
00013e98  _disable_IRQ_interrupt_               
00013ea0  _enable_interrupt_                    
00013ea8  _esmCcmErrorsClear_                   
00013f30  _errata_CORTEXR4_66_                  
00013f40  __TI_PINIT_Base                       
00013f44  __TI_PINIT_Limit                      
00014208  __aeabi_uldivmod                      
00014738  vimParityErrorHandler                 
000149a0  vListInitialise                       
000149f8  vListInitialiseItem                   
00014a14  vListInsertEnd                        
00014a88  vListInsert                           
00014b4c  uxListRemove                          
00014bd8  _c_int00                              
00014df4  __aeabi_dsub                          
00014e00  __aeabi_dadd                          
00015008  sqrt                                  
00015008  sqrtl                                 
00015704  pwmSetSignal10e3                      
0001589c  __aeabi_ddiv                          
00015a2c  __aeabi_memcpy                        
00015a2c  __aeabi_memcpy4                       
00015a2c  __aeabi_memcpy8                       
00015a2c  memcpy                                
00015c94  xTaskNotifyStateClear                 
00015d10  floor                                 
00015d10  floorl                                
00015e68  muxInit                               
00015ef0  pinmuxGetConfigValue                  
00015fb8  __aeabi_fsub                          
00015fbc  __aeabi_fadd                          
000160ec  __aeabi_dmul                          
00016214  ldexp                                 
00016214  ldexpl                                
00016214  scalbn                                
00016214  scalbnl                               
0001644c  esmHighInterrupt                      
00016538  _dabort                               
00016620  __aeabi_cdcmpeq                       
00016620  __aeabi_cdcmple                       
00016700  __aeabi_cdrcmple                      
000167e0  _pmuInit_                             
0001682c  _pmuEnableCountersGlobal_             
0001683c  _pmuDisableCountersGlobal_            
0001684c  _pmuResetCycleCounter_                
0001685c  _pmuResetEventCounters_               
0001686c  _pmuResetCounters_                    
0001687c  _pmuStartCounters_                    
00016884  _pmuStopCounters_                     
0001688c  _pmuSetCountEvent_                    
00016898  _pmuGetCycleCount_                    
000168a0  _pmuGetEventCount_                    
000168ac  _pmuGetOverflow_                      
000168c0  esmGroup1Notification                 
000168d0  esmGroup2Notification                 
000168e0  memoryPort0TestFailNotification       
000168fc  memoryPort1TestFailNotification       
00016918  adcNotification                       
0001692c  gioNotification                       
00016954  pwmNotification                       
0001696c  edgeNotification                      
00016980  hetNotification                       
00016994  __aeabi_fdiv                          
00016b30  __aeabi_memclr                        
00016b30  __aeabi_memclr4                       
00016b30  __aeabi_memclr8                       
00016b34  __aeabi_memset                        
00016b34  __aeabi_memset4                       
00016b34  __aeabi_memset8                       
00016b40  memset                                
00016be0  __aeabi_fmul                          
00016c88  __aeabi_d2f                           
00016dbc  __TI_decompress_lzss                  
00016e4c  __aeabi_cfcmpeq                       
00016e4c  __aeabi_cfcmple                       
00016ed4  __aeabi_cfrcmple                      
00016fe0  atoi                                  
00017064  ltoa                                  
000170e4  frexp                                 
000170e4  frexpl                                
00017160  __TI_auto_init_nobinit_nopinit        
000171c8  strtok                                
00017294  sprintf                               
000172f8  __aeabi_d2iz                          
00017354  __aeabi_f2d                           
000173b0  __aeabi_d2uiz                         
00017408  __aeabi_idiv                          
00017408  __aeabi_idivmod                       
0001745c  __aeabi_uidiv                         
0001745c  __aeabi_uidivmod                      
000174ac  __aeabi_f2iz                          
000174f8  __aeabi_i2f                           
00017544  strspn                                
00017590  strcspn                               
000175d4  __aeabi_i2d                           
00017610  __aeabi_ui2d                          
00017674  memccpy                               
000176a0  strcat                                
000176c8  strchr                                
000176f0  strcmp                                
00017718  wcslen                                
0001773c  strlen                                
0001775c  strcpy                                
00017788  __TI_decompress_none                  
0001779c  __TI_zero_init                        
000177ac  __aeabi_errno_addr                    
000177b8  copysign                              
000177b8  copysignl                             
000177c4  C$$EXIT                               
000177c4  abort                                 
000177cc  atof                                  
000177d4  phantomInterrupt                      
000177d8  __aeabi_idiv0                         
000177d8  __aeabi_ldiv0                         
000177dc  handlePLLLockFail                     
00017d00  _ctypes_                              
080008d0  pxCurrentTCB                          
08003000  command                               
08003064  tramaAPI                              
08003140  CMD_KEY                               
0800316c  auxNewData                            
08003170  SERVO_PAYLOAD                         
08003180  newDataCopy                           
08003194  newData                               
08003198  xTelemetryHandle                      
0800319c  xWTStartHandle                        
080031a0  buff_size                             
080031a4  buff_sizeAPI                          
080031a8  FSW_STATE_TEMP                        
080031ac  PACKET_COUNT                          
080031b0  MODE                                  
080031b1  SP1_RELEASED                          
080031b2  SP2_RELEASED                          
080031b3  STATE                                 
080031b4  SP1_PC                                
080031b8  SP2_PC                                
080031bc  ALTITUDE_BAR                          
080031c0  ALTITUDE_INIT                         
080031c4  PRESS_BAR                             
080031c8  TEMPERATURE                           
080031cc  VOLT_BATT                             
080031d0  telemetry_ON                          
080031d1  SP_ON                                 
080031d2  SIM_ON                                
080031d4  ENABLE_SIM                            
080031d8  STATE_INDEX                           
080031dc  LAND                                  
080031e0  H                                     
080031e4  M                                     
080031e8  S                                     
080031ec  SP1X_ON                               
080031ed  SP2X_ON                               
080031ee  R1                                    
080031ef  R2                                    
080031f0  sciControl                            
080031f4  toggle_sim                            
080031fc  FSW_STATE                             
08003214  commandsTam                           
08003218  sim_ok                                
0800321c  cmd_cont                              
08003220  VALIDA_ENTRADA                        
08003234  cALTITUDE_BAR                         
0800323c  cPRESS_BAR                            
08003244  cTEMPERATURE                          
0800324c  ulCriticalNesting                     
08003250  ulTaskHasFPUContext                   
08003254  cPACKET_COUNT                         
0800325a  cSP1_PC                               
08003260  cSP2_PC                               
08003266  SP1_ALTITUDE                          
0800326a  SP1_MISSION_TIME                      
0800326e  SP1_PACKET_COUNT                      
08003272  SP1_PACKET_TYPE                       
08003276  SP1_ROTATION_RATE                     
0800327a  SP1_TEMPERATURE                       
0800327e  SP2_ALTITUDE                          
08003282  SP2_MISSION_TIME                      
08003286  SP2_PACKET_COUNT                      
0800328a  SP2_PACKET_TYPE                       
0800328e  SP2_ROTATION_RATE                     
08003292  SP2_TEMPERATURE                       
08003298  errno                                 
080032a0  cH                                    
080032a3  cM                                    
080032a6  cS                                    
ffffffff  __TI_pprof_out_hndl                   
ffffffff  __TI_prof_data_size                   
ffffffff  __TI_prof_data_start                  
ffffffff  __binit__                             
ffffffff  __c_args__                            
ffffffff  binit                                 
UNDEFED   SHT$$INIT_ARRAY$$Base                 
UNDEFED   SHT$$INIT_ARRAY$$Limit                
UNDEFED   _system_post_cinit                    

[530 symbols]
