******************************************************************************
                  TI ARM Linker PC v18.12.4                    
******************************************************************************
>> Linked Fri Apr  2 19:39:31 2021

OUTPUT FILE NAME:   <CC_2021_04x_v1.out>
ENTRY POINT SYMBOL: "_c_int00"  address: 00012060


MEMORY CONFIGURATION

         name            origin    length      used     unused   attr    fill
----------------------  --------  ---------  --------  --------  ----  --------
  VECTORS               00000000   00000020  00000020  00000000     X
  KERNEL                00000020   00008000  00005158  00002ea8  R  X
  FLASH0                00008020   00057fe0  0000cbb0  0004b430  R  X
  STACKS                08000000   00000800  00000000  00000800  RW  
  KRAM                  08000800   00000800  00000104  000006fc  RW  
  RAM                   08001000   00007000  00002910  000046f0  RW  


SEGMENT ALLOCATION MAP

run origin  load origin   length   init length attrs members
----------  ----------- ---------- ----------- ----- -------
00000000    00000000    00005178   00005178    r-x
  00000000    00000000    00000020   00000020    r-x .intvecs
  00000020    00000020    000050c0   000050c0    r-x .kernelTEXT
  000050e0    000050e0    00000098   00000098    r-- .cinit
00008020    00008020    0000cbb0   0000cbb0    r-x
  00008020    00008020    0000c7a8   0000c7a8    r-x .text
  000147c8    000147c8    00000408   00000408    r-- .const
08000800    08000800    00000104   00000000    rw-
  08000800    08000800    00000104   00000000    rw- .kernelBSS
08001000    08001000    00002910   00000000    rw-
  08001000    08001000    00002000   00000000    rw- .kernelHEAP
  08003000    08003000    00000848   00000000    rw- .bss
  08003848    08003848    000000c8   00000000    rw- .data


SECTION ALLOCATION MAP

 output                                  attributes/
section   page    origin      length       input sections
--------  ----  ----------  ----------   ----------------
.intvecs   0    00000000    00000020     
                  00000000    00000020     sys_intvecs.obj (.intvecs)

.kernelTEXT 
*          0    00000020    000050c0     
                  00000020    00002bdc     os_tasks.obj (.kernelTEXT)
                  00002bfc    000011dc     os_queue.obj (.kernelTEXT)
                  00003dd8    0000081c     os_event_groups.obj (.kernelTEXT)
                  000045f4    000003bc     os_port.obj (.kernelTEXT)
                  000049b0    000003b0     os_portasm.obj (.kernelTEXT)
                  00004d60    00000380     os_heap.obj (.kernelTEXT)

.cinit     0    000050e0    00000098     
                  000050e0    0000004f     (.cinit..data.load) [load image, compression = lzss]
                  0000512f    00000001     --HOLE-- [fill = 0]
                  00005130    0000000c     (__TI_handler_table)
                  0000513c    00000009     (.cinit..kernelBSS.load) [load image, compression = lzss]
                  00005145    00000003     --HOLE-- [fill = 0]
                  00005148    00000008     (.cinit..bss.load) [load image, compression = zero_init]
                  00005150    00000008     (.cinit..kernelHEAP.load) [load image, compression = zero_init]
                  00005158    00000020     (__TI_cinit_table)

.text      0    00008020    0000c7a8     
                  00008020    000024f0     sys_selftest.obj (.text)
                  0000a510    00000ff0     rtsv7R4_A_be_eabi.lib : _printfi.c.obj (.text:__TI_printfi)
                  0000b500    00000e8c                           : e_pow.c.obj (.text:pow)
                  0000c38c    00000aa0     system.obj (.text)
                  0000ce2c    000009a0     os_mpu_wrappers.obj (.text)
                  0000d7cc    0000089c     sys_vim.obj (.text)
                  0000e068    000006e4     sci.obj (.text)
                  0000e74c    00000664     errata_SSWF021_45.obj (.text)
                  0000edb0    00000664     rtsv7R4_A_be_eabi.lib : strtod.c.obj (.text:strtod)
                  0000f414    00000648     Commands.obj (.text)
                  0000fa5c    000005bc     esm.obj (.text)
                  00010018    000003a4     Utilities.obj (.text)
                  000103bc    00000384     sci.obj (.text:retain)
                  00010740    0000036c     gio.obj (.text)
                  00010aac    00000364     rtsv7R4_A_be_eabi.lib : _printfi.c.obj (.text:_pconv_a)
                  00010e10    000002f0     sys_main.obj (.text)
                  00011100    000002d0     sys_core.obj (.text)
                  000113d0    000002c0     rtsv7R4_A_be_eabi.lib : _printfi.c.obj (.text:_pconv_g)
                  00011690    000002b8                           : ull_div32.asm.obj (.text)
                  00011948    00000278     os_heap.obj (.text)
                  00011bc0    00000268     sys_vim.obj (.text:retain)
                  00011e28    00000238     os_list.obj (.text)
                  00012060    0000021c     sys_startup.obj (.text:retain)
                  0001227c    00000214     rtsv7R4_A_be_eabi.lib : fd_add32.asm.obj (.text)
                  00012490    000001ec                           : e_sqrt.c.obj (.text:sqrt)
                  0001267c    000001b4     os_port.obj (.text)
                  00012830    000001b0     rtsv7R4_A_be_eabi.lib : _printfi.c.obj (.text:_pconv_e)
                  000129e0    000001ac                           : _printfi.c.obj (.text:fcvt)
                  00012b8c    00000190                           : fd_div32.asm.obj (.text)
                  00012d1c    00000180                           : memcpy32.asm.obj (.text)
                  00012e9c    00000164     os_tasks.obj (.text)
                  00013000    00000158     rtsv7R4_A_be_eabi.lib : s_floor.c.obj (.text:floor)
                  00013158    00000150     pinmux.obj (.text)
                  000132a8    00000134     rtsv7R4_A_be_eabi.lib : fs_add32.asm.obj (.text)
                  000133dc    00000128                           : fd_mul32.asm.obj (.text)
                  00013504    00000120                           : s_scalbn.c.obj (.text:scalbn)
                  00013624    00000115                           : _printfi.c.obj (.text:_ltostr)
                  00013739    00000003     --HOLE-- [fill = 0]
                  0001373c    000000ec     esm.obj (.text:retain)
                  00013828    000000e8     dabort.obj (.text)
                  00013910    000000e0     rtsv7R4_A_be_eabi.lib : fd_cmp32.asm.obj (.text:__aeabi_cdcmple)
                  000139f0    000000e0                           : fd_cmp32.asm.obj (.text:__aeabi_cdrcmple)
                  00013ad0    000000e0     sys_pmu.obj (.text)
                  00013bb0    000000c8     rtsv7R4_A_be_eabi.lib : _printfi.c.obj (.text:_mcpy)
                  00013c78    000000b0                           : memset32.asm.obj (.text)
                  00013d28    0000009c                           : fd_tos32.asm.obj (.text)
                  00013dc4    00000098                           : _printfi.c.obj (.text:_ecpy)
                  00013e5c    00000090                           : copy_decompress_lzss.c.obj (.text:decompress:lzss:__TI_decompress_lzss)
                  00013eec    00000084                           : _printfi.c.obj (.text:_pconv_f)
                  00013f70    00000084                           : atoi.c.obj (.text:atoi)
                  00013ff4    00000080                           : ltoa.c.obj (.text:ltoa)
                  00014074    00000080     notification.obj (.text)
                  000140f4    0000007c     rtsv7R4_A_be_eabi.lib : s_frexp.c.obj (.text:frexp)
                  00014170    00000068                           : autoinit.c.obj (.text:__TI_auto_init_nobinit_nopinit:__TI_auto_init_nobinit_nopinit)
                  000141d8    00000068                           : strtok.c.obj (.text:strtok)
                  00014240    00000064                           : _printfi.c.obj (.text:_fcpy)
                  000142a4    00000064                           : sprintf.c.obj (.text:sprintf)
                  00014308    0000005c                           : fd_toi32.asm.obj (.text)
                  00014364    0000005c                           : fs_tod32.asm.obj (.text)
                  000143c0    00000058                           : fd_tou32.asm.obj (.text)
                  00014418    00000054                           : i_div32.asm.obj (.text)
                  0001446c    00000050                           : u_div32.asm.obj (.text)
                  000144bc    0000004c                           : fs_toi32.asm.obj (.text)
                  00014508    0000004c                           : i_tofs32.asm.obj (.text)
                  00014554    0000004c                           : strspn.c.obj (.text:strspn)
                  000145a0    00000044                           : strcspn.c.obj (.text:strcspn)
                  000145e4    0000003c                           : i_tofd32.asm.obj (.text)
                  00014620    00000034                           : u_tofd32.asm.obj (.text)
                  00014654    00000030                           : sprintf.c.obj (.text:_outs)
                  00014684    0000002c                           : memccpy.c.obj (.text:memccpy)
                  000146b0    00000028                           : strchr.c.obj (.text:strchr)
                  000146d8    00000028                           : strcmp.c.obj (.text:strcmp)
                  00014700    00000024                           : wcslen.c.obj (.text:wcslen)
                  00014724    00000020                           : strlen.c.obj (.text:strlen)
                  00014744    00000018                           : strcpy.c.obj (.text:strcpy)
                  0001475c    00000014                           : sprintf.c.obj (.text:_outc)
                  00014770    00000014                           : copy_decompress_none.c.obj (.text:decompress:none:__TI_decompress_none)
                  00014784    00000010                           : copy_zero_init.c.obj (.text:decompress:ZI:__TI_zero_init)
                  00014794    0000000c                           : errno.c.obj (.text:__aeabi_errno_addr)
                  000147a0    0000000c                           : s_copysign.c.obj (.text:copysign)
                  000147ac    00000008                           : exit.c.obj (.text:abort:abort)
                  000147b4    00000008                           : atof.c.obj (.text:atof)
                  000147bc    00000004     sys_phantom.obj (.text:retain)
                  000147c0    00000004     rtsv7R4_A_be_eabi.lib : div0.asm.obj (.text)
                  000147c4    00000004     sys_startup.obj (.text)

.const     0    000147c8    00000408     
                  000147c8    00000180     sys_vim.obj (.const:s_vim_init)
                  00014948    00000101     rtsv7R4_A_be_eabi.lib : ctype.c.obj (.const:.string:_ctypes_)
                  00014a49    00000007     --HOLE-- [fill = 0]
                  00014a50    00000080                           : strtod.c.obj (.const:digits)
                  00014ad0    0000005c     Utilities.obj (.const:.string)
                  00014b2c    00000004     --HOLE-- [fill = 0]
                  00014b30    00000048     rtsv7R4_A_be_eabi.lib : strtod.c.obj (.const:powerof10)
                  00014b78    00000024     Commands.obj (.const:.string)
                  00014b9c    00000004     --HOLE-- [fill = 0]
                  00014ba0    00000010     rtsv7R4_A_be_eabi.lib : e_pow.c.obj (.const:bp)
                  00014bb0    00000010                           : e_pow.c.obj (.const:dp_h)
                  00014bc0    00000010                           : e_pow.c.obj (.const:dp_l)

.kernelBSS 
*          0    08000800    00000104     UNINITIALIZED
                  08000800    000000d0     os_tasks.obj (.kernelBSS:uninit)
                  080008d0    00000034     os_tasks.obj (.kernelBSS:init)

.kernelHEAP 
*          0    08001000    00002000     UNINITIALIZED
                  08001000    00002000     os_heap.obj (.kernelHEAP)

.bss       0    08003000    00000848     UNINITIALIZED
                  08003000    00000800     (.common:command)
                  08003800    00000014     sci.obj (.bss:g_sciTransfer_t)
                  08003814    00000014     sys_main.obj (.bss:receivedData)
                  08003828    00000010     (.common:CMD_KEY)
                  08003838    00000008     os_heap.obj (.bss:xStart)
                  08003840    00000004     (.common:xTelemetryHandle)
                  08003844    00000004     (.common:xWTStartHandle)

.data      0    08003848    000000c8     UNINITIALIZED
                  08003848    00000030     Utilities.obj (.data)
                  08003878    00000018     Commands.obj (.data:commands)
                  08003890    00000010     os_heap.obj (.data)
                  080038a0    0000000c     Commands.obj (.data)
                  080038ac    00000008     Utilities.obj (.data:cALTITUDE_BAR)
                  080038b4    00000008     Utilities.obj (.data:cTEMPERATURE)
                  080038bc    00000008     os_port.obj (.data)
                  080038c4    00000006     Utilities.obj (.data:cPACKET_COUNT)
                  080038ca    00000006     Utilities.obj (.data:cSP1_PC)
                  080038d0    00000006     Utilities.obj (.data:cSP2_PC)
                  080038d6    00000004     Utilities.obj (.data:SP1_ALTITUDE)
                  080038da    00000004     Utilities.obj (.data:SP1_MISSION_TIME)
                  080038de    00000004     Utilities.obj (.data:SP1_PACKET_COUNT)
                  080038e2    00000004     Utilities.obj (.data:SP1_PACKET_TYPE)
                  080038e6    00000004     Utilities.obj (.data:SP1_ROTATION_RATE)
                  080038ea    00000004     Utilities.obj (.data:SP1_TEMPERATURE)
                  080038ee    00000004     Utilities.obj (.data:SP2_ALTITUDE)
                  080038f2    00000004     Utilities.obj (.data:SP2_MISSION_TIME)
                  080038f6    00000004     Utilities.obj (.data:SP2_PACKET_COUNT)
                  080038fa    00000004     Utilities.obj (.data:SP2_PACKET_TYPE)
                  080038fe    00000004     Utilities.obj (.data:SP2_ROTATION_RATE)
                  08003902    00000004     Utilities.obj (.data:SP2_TEMPERATURE)
                  08003906    00000002     --HOLE--
                  08003908    00000004     rtsv7R4_A_be_eabi.lib : errno.c.obj (.data)
                  0800390c    00000004                           : strtok.c.obj (.data)

MODULE SUMMARY

       Module                       code    ro data   rw data
       ------                       ----    -------   -------
    .\source\
       os_tasks.obj                 11584   0         260    
       os_heap.obj                  1528    0         8216   
       sys_selftest.obj             9456    0         0      
       os_queue.obj                 4572    0         0      
       sys_vim.obj                  2820    384       0      
       system.obj                   2720    0         0      
       sci.obj                      2664    0         20     
       os_mpu_wrappers.obj          2464    0         0      
       os_event_groups.obj          2076    0         0      
       esm.obj                      1704    0         0      
       errata_SSWF021_45.obj        1636    0         0      
       os_port.obj                  1392    0         8      
       os_portasm.obj               944     0         0      
       gio.obj                      876     0         0      
       sys_main.obj                 752     0         20     
       sys_core.obj                 720     0         0      
       os_list.obj                  568     0         0      
       sys_startup.obj              544     0         0      
       pinmux.obj                   336     0         0      
       dabort.obj                   232     0         0      
       sys_pmu.obj                  224     0         0      
       notification.obj             128     0         0      
       sys_intvecs.obj              32      0         0      
       sys_phantom.obj              4       0         0      
    +--+----------------------------+-------+---------+---------+
       Total:                       49976   384       8524   
                                                             
    .\source\KaanSat_Lib\
       Utilities.obj                932     92        2194   
       Commands.obj                 1608    36        44     
    +--+----------------------------+-------+---------+---------+
       Total:                       2540    128       2238   
                                                             
    C:\ti\ccs930\ccs\tools\compiler\ti-cgt-arm_18.12.4.LTS\lib\rtsv7R4_A_be_eabi.lib
       _printfi.c.obj               7373    0         0      
       e_pow.c.obj                  3724    48        0      
       strtod.c.obj                 1636    200       0      
       ull_div32.asm.obj            696     0         0      
       fd_add32.asm.obj             532     0         0      
       e_sqrt.c.obj                 492     0         0      
       fd_cmp32.asm.obj             448     0         0      
       fd_div32.asm.obj             400     0         0      
       memcpy32.asm.obj             384     0         0      
       s_floor.c.obj                344     0         0      
       fs_add32.asm.obj             308     0         0      
       fd_mul32.asm.obj             296     0         0      
       s_scalbn.c.obj               288     0         0      
       ctype.c.obj                  0       257       0      
       memset32.asm.obj             176     0         0      
       sprintf.c.obj                168     0         0      
       fd_tos32.asm.obj             156     0         0      
       copy_decompress_lzss.c.obj   144     0         0      
       atoi.c.obj                   132     0         0      
       ltoa.c.obj                   128     0         0      
       s_frexp.c.obj                124     0         0      
       strtok.c.obj                 104     0         4      
       autoinit.c.obj               104     0         0      
       fd_toi32.asm.obj             92      0         0      
       fs_tod32.asm.obj             92      0         0      
       fd_tou32.asm.obj             88      0         0      
       i_div32.asm.obj              84      0         0      
       u_div32.asm.obj              80      0         0      
       fs_toi32.asm.obj             76      0         0      
       i_tofs32.asm.obj             76      0         0      
       strspn.c.obj                 76      0         0      
       strcspn.c.obj                68      0         0      
       i_tofd32.asm.obj             60      0         0      
       u_tofd32.asm.obj             52      0         0      
       memccpy.c.obj                44      0         0      
       strchr.c.obj                 40      0         0      
       strcmp.c.obj                 40      0         0      
       wcslen.c.obj                 36      0         0      
       strlen.c.obj                 32      0         0      
       strcpy.c.obj                 24      0         0      
       copy_decompress_none.c.obj   20      0         0      
       copy_zero_init.c.obj         16      0         0      
       errno.c.obj                  12      0         4      
       s_copysign.c.obj             12      0         0      
       atof.c.obj                   8       0         0      
       exit.c.obj                   8       0         0      
       div0.asm.obj                 4       0         0      
    +--+----------------------------+-------+---------+---------+
       Total:                       19297   505       8      
                                                             
       Linker Generated:            0       148       0      
    +--+----------------------------+-------+---------+---------+
       Grand Total:                 71813   1165      10770  


LINKER GENERATED COPY TABLES

__TI_cinit_table @ 00005158 records: 4, size/record: 8, table size: 32
	.data: load addr=000050e0, load size=0000004f bytes, run addr=08003848, run size=000000c8 bytes, compression=lzss
	.kernelBSS: load addr=0000513c, load size=00000009 bytes, run addr=08000800, run size=00000104 bytes, compression=lzss
	.bss: load addr=00005148, load size=00000008 bytes, run addr=08003000, run size=00000848 bytes, compression=zero_init
	.kernelHEAP: load addr=00005150, load size=00000008 bytes, run addr=08001000, run size=00002000 bytes, compression=zero_init


LINKER GENERATED HANDLER TABLE

__TI_handler_table @ 00005130 records: 3, size/record: 4, table size: 12
	index: 0, handler: __TI_decompress_lzss
	index: 1, handler: __TI_decompress_none
	index: 2, handler: __TI_zero_init


GLOBAL SYMBOLS: SORTED ALPHABETICALLY BY Name 

address   name                                  
-------   ----                                  
08003860  ALTITUDE_BAR                          
000147ac  C$$EXIT                               
08003828  CMD_KEY                               
0800384c  MISSION_TIME                          
08003854  MODE                                  
0000cffc  MPU_eTaskGetState                     
0000d164  MPU_pcTaskGetName                     
0000d244  MPU_pvTaskGetThreadLocalStoragePointer
0000d35c  MPU_ulTaskNotifyTake                  
0000d518  MPU_uxQueueMessagesWaiting            
0000d54c  MPU_uxQueueSpacesAvailable            
0000d138  MPU_uxTaskGetNumberOfTasks            
0000d1cc  MPU_uxTaskGetStackHighWaterMark       
0000cfc8  MPU_uxTaskPriorityGet                 
0000d7a0  MPU_vEventGroupDelete                 
0000d580  MPU_vQueueDelete                      
0000ced4  MPU_vTaskAllocateMPURegions           
0000cf34  MPU_vTaskDelay                        
0000cf60  MPU_vTaskDelayUntil                   
0000cf08  MPU_vTaskDelete                       
0000d030  MPU_vTaskPrioritySet                  
0000d090  MPU_vTaskResume                       
0000d200  MPU_vTaskSetThreadLocalStoragePointer 
0000d3d4  MPU_vTaskSetTimeOutState              
0000d064  MPU_vTaskSuspend                      
0000d0bc  MPU_vTaskSuspendAll                   
0000d6c4  MPU_xEventGroupClearBits              
0000d63c  MPU_xEventGroupCreate                 
0000d708  MPU_xEventGroupSetBits                
0000d74c  MPU_xEventGroupSync                   
0000d668  MPU_xEventGroupWaitBits               
0000d5ac  MPU_xQueueGenericCreate               
0000d4c4  MPU_xQueueGenericReceive              
0000d5f8  MPU_xQueueGenericReset                
0000d470  MPU_xQueueGenericSend                 
0000cf94  MPU_xTaskAbortDelay                   
0000d400  MPU_xTaskCheckForTimeOut              
0000ce2c  MPU_xTaskCreate                       
0000ce90  MPU_xTaskCreateRestricted             
0000d2b4  MPU_xTaskGenericNotify                
0000d198  MPU_xTaskGetHandle                    
0000d288  MPU_xTaskGetIdleTaskHandle            
0000d444  MPU_xTaskGetSchedulerState            
0000d10c  MPU_xTaskGetTickCount                 
0000d3a0  MPU_xTaskNotifyStateClear             
0000d308  MPU_xTaskNotifyWait                   
0000d0e0  MPU_xTaskResumeAll                    
08003850  PACKET_COUNT                          
08003864  PRESS_BAR                             
UNDEFED   SHT$$INIT_ARRAY$$Base                 
UNDEFED   SHT$$INIT_ARRAY$$Limit                
080038d6  SP1_ALTITUDE                          
080038da  SP1_MISSION_TIME                      
080038de  SP1_PACKET_COUNT                      
080038e2  SP1_PACKET_TYPE                       
08003858  SP1_PC                                
08003855  SP1_RELEASED                          
080038e6  SP1_ROTATION_RATE                     
080038ea  SP1_TEMPERATURE                       
080038ee  SP2_ALTITUDE                          
080038f2  SP2_MISSION_TIME                      
080038f6  SP2_PACKET_COUNT                      
080038fa  SP2_PACKET_TYPE                       
0800385c  SP2_PC                                
08003856  SP2_RELEASED                          
080038fe  SP2_ROTATION_RATE                     
08003902  SP2_TEMPERATURE                       
08003871  SP_ON                                 
08003857  STATE                                 
08003868  TEMPERATURE                           
0800386c  VOLT_BATT                             
00005158  __TI_CINIT_Base                       
00005178  __TI_CINIT_Limit                      
00005130  __TI_Handler_Table_Base               
0000513c  __TI_Handler_Table_Limit              
000113c8  __TI_PINIT_Base                       
000113cc  __TI_PINIT_Limit                      
00014170  __TI_auto_init_nobinit_nopinit        
00013e5c  __TI_decompress_lzss                  
00014770  __TI_decompress_none                  
ffffffff  __TI_pprof_out_hndl                   
0000a510  __TI_printfi                          
ffffffff  __TI_prof_data_size                   
ffffffff  __TI_prof_data_start                  
00000000  __TI_static_base__                    
00014784  __TI_zero_init                        
00013910  __aeabi_cdcmpeq                       
00013910  __aeabi_cdcmple                       
000139f0  __aeabi_cdrcmple                      
00013d28  __aeabi_d2f                           
00014308  __aeabi_d2iz                          
000143c0  __aeabi_d2uiz                         
00012288  __aeabi_dadd                          
00012b8c  __aeabi_ddiv                          
000133dc  __aeabi_dmul                          
0001227c  __aeabi_dsub                          
00014794  __aeabi_errno_addr                    
00014364  __aeabi_f2d                           
000144bc  __aeabi_f2iz                          
000132ac  __aeabi_fadd                          
000132a8  __aeabi_fsub                          
000145e4  __aeabi_i2d                           
00014508  __aeabi_i2f                           
00014418  __aeabi_idiv                          
000147c0  __aeabi_idiv0                         
00014418  __aeabi_idivmod                       
000147c0  __aeabi_ldiv0                         
00013c78  __aeabi_memclr                        
00013c78  __aeabi_memclr4                       
00013c78  __aeabi_memclr8                       
00012d1c  __aeabi_memcpy                        
00012d1c  __aeabi_memcpy4                       
00012d1c  __aeabi_memcpy8                       
00013c7c  __aeabi_memset                        
00013c7c  __aeabi_memset4                       
00013c7c  __aeabi_memset8                       
00014620  __aeabi_ui2d                          
0001446c  __aeabi_uidiv                         
0001446c  __aeabi_uidivmod                      
00011690  __aeabi_uldivmod                      
ffffffff  __binit__                             
ffffffff  __c_args__                            
00012060  _c_int00                              
000112f0  _coreClearAuxiliaryDataFault_         
00011304  _coreClearAuxiliaryInstructionFault_  
000112c8  _coreClearDataFaultAddress_           
000112a0  _coreClearDataFault_                  
000112dc  _coreClearInstructionFaultAddress_    
000112b4  _coreClearInstructionFault_           
00011234  _coreDisableEventBusExport_           
00011278  _coreDisableFlashEcc_                 
00011254  _coreDisableRamEcc_                   
00011224  _coreEnableEventBusExport_            
00011264  _coreEnableFlashEcc_                  
00011288  _coreEnableIrqVicOffset_              
00011244  _coreEnableRamEcc_                    
000112e8  _coreGetAuxiliaryDataFault_           
000112fc  _coreGetAuxiliaryInstructionFault_    
000112c0  _coreGetDataFaultAddress_             
00011298  _coreGetDataFault_                    
000112d4  _coreGetInstructionFaultAddress_      
000112ac  _coreGetInstructionFault_             
00011100  _coreInitRegisters_                   
000111b8  _coreInitStackPointer_                
00014948  _ctypes_                              
00013828  _dabort                               
00011318  _disable_FIQ_interrupt_               
00011320  _disable_IRQ_interrupt_               
00011310  _disable_interrupt_                   
00011328  _enable_interrupt_                    
000113b8  _errata_CORTEXR4_66_                  
0000e74c  _errata_SSWF021_45_both_plls          
0000e940  _errata_SSWF021_45_pll1               
0000eab8  _errata_SSWF021_45_pll2               
00011330  _esmCcmErrorsClear_                   
00011204  _getCPSRValue_                        
0001120c  _gotoCPUIdle_                         
00013b2c  _pmuDisableCountersGlobal_            
00013b1c  _pmuEnableCountersGlobal_             
00013b88  _pmuGetCycleCount_                    
00013b90  _pmuGetEventCount_                    
00013b9c  _pmuGetOverflow_                      
00013ad0  _pmuInit_                             
00013b5c  _pmuResetCounters_                    
00013b3c  _pmuResetCycleCounter_                
00013b4c  _pmuResetEventCounters_               
00013b7c  _pmuSetCountEvent_                    
00013b6c  _pmuStartCounters_                    
00013b74  _pmuStopCounters_                     
UNDEFED   _system_post_cinit                    
000147ac  abort                                 
00009004  adc1ParityCheck                       
000147b4  atof                                  
00013f70  atoi                                  
ffffffff  binit                                 
08003848  buff_size                             
080038ac  cALTITUDE_BAR                         
080038c4  cPACKET_COUNT                         
080038ca  cSP1_PC                               
080038d0  cSP2_PC                               
080038b4  cTEMPERATURE                          
000090bc  can1ParityCheck                       
00009198  can2ParityCheck                       
00008030  ccmSelfCheck                          
0000a034  ccmr4GetConfigValue                   
00008938  checkB0RAMECC                         
00008b28  checkB1RAMECC                         
00009604  checkClockMonitor                     
00008d18  checkFlashECC                         
000096d8  checkFlashEEPROMECC                   
00009880  checkPLL1Slip                         
0000999c  checkRAMAddrParity                    
000093bc  checkRAMECC                           
00009aa4  checkRAMUERRTest                      
000087bc  checkefcSelfTest                      
080038a8  cmd_cont                              
0000f7e0  commCX                                
0000f8c4  commSIM                               
0000f9b0  commSIMP                              
0000f948  commSP1X                              
0000f97c  commSP2X                              
0000f834  commST                                
08003000  command                               
08003878  commands                              
080038a0  commandsTam                           
000147a0  copysign                              
000147a0  copysignl                             
00008234  cpuSelfTest                           
00008dfc  cpuSelfTestFail                       
00010018  createTelemetryPacket                 
0000cd6c  customTrimLPO                         
00008df4  custom_dabort                         
0000a424  disableParity                         
00001f18  eTaskConfirmSleepModeStatus           
00000890  eTaskGetState                         
00008660  efcCheck                              
00009f98  efcGetConfigValue                     
00008794  efcSelfTest                           
000086e8  efcStuckZeroTest                      
0000a3d0  enableParity                          
0000a0b0  errata_PBIST_4                        
08003908  errno                                 
0000fbe0  esmActivateNormalOperation            
0000fcb4  esmClearStatus                        
0000fcf4  esmClearStatusBuffer                  
0000fba8  esmDisableError                       
0000fc18  esmDisableInterrupt                   
0000fb80  esmEnableError                        
0000fbf0  esmEnableInterrupt                    
0000fdec  esmEnterSelfTest                      
0000fb64  esmError                              
0000fec4  esmGetConfigValue                     
0000fd30  esmGetStatus                          
0000fdb4  esmGetStatusBuffer                    
00014074  esmGroup1Notification                 
00014084  esmGroup2Notification                 
0001373c  esmHighInterrupt                      
0000fa5c  esmInit                               
0000fe74  esmSelfTestStatus                     
0000fd10  esmSetCounterPreloadValue             
0000fc40  esmSetInterruptLevel                  
0000fbd0  esmTriggerErrorPinReset               
0000f620  findCommand                           
00013000  floor                                 
00013000  floorl                                
00009c00  fmcBus1ParityCheck                    
0000885c  fmcBus2Check                          
00008898  fmcECCcheck                           
000140f4  frexp                                 
000140f4  frexpl                                
00010288  ftoa                                  
0000f414  getCommand                            
0000f4a4  getSPTelemetry                        
00010938  gioDisableNotification                
000108fc  gioEnableNotification                 
00010864  gioGetBit                             
00010974  gioGetConfigValue                     
0001088c  gioGetPort                            
00010740  gioInit                               
000140cc  gioNotification                       
000107f4  gioSetBit                             
000107d4  gioSetDirection                       
00010844  gioSetPort                            
000108a4  gioToggleBit                          
000147c4  handlePLLLockFail                     
00008eac  het1ParityCheck                       
00008f4c  htu1ParityCheck                       
00013504  ldexp                                 
00013504  ldexpl                                
00010564  linHighLevelInterrupt                 
000103bc  linLowLevelInterrupt                  
00013ff4  ltoa                                  
00010e10  main                                  
0000c4e4  mapClocks                             
00014684  memccpy                               
00012d1c  memcpy                                
00008174  memoryInit                            
00014094  memoryPort0TestFailNotification       
000140b0  memoryPort1TestFailNotification       
00013c88  memset                                
00009260  mibspi1ParityCheck                    
00013158  muxInit                               
00009d2c  pbistFail                             
00009db0  pbistGetConfigValue                   
000085a8  pbistIsTestCompleted                  
000085d4  pbistIsTestPassed                     
00008608  pbistPortTestStatus                   
000084ac  pbistRun                              
000082cc  pbistSelfCheck                        
00008578  pbistStop                             
00001354  pcTaskGetName                         
0000c490  periphInit                            
000147bc  phantomInterrupt                      
000131e0  pinmuxGetConfigValue                  
0000b528  pow                                   
0000b528  powl                                  
00004d38  prvMpuDisable                         
00004d20  prvMpuEnable                          
00004d08  prvMpuSetRegion                       
00004d60  pvPortMalloc                          
00001ff8  pvTaskGetThreadLocalStoragePointer    
080008d0  pxCurrentTCB                          
000045f4  pxPortInitialiseStack                 
00000000  resetEntry                            
00013504  scalbn                                
00013504  scalbnl                               
0000e4b4  sciDisableLoopback                    
0000e50c  sciDisableNotification                
0000e480  sciEnableLoopback                     
0000e4d0  sciEnableNotification                 
0000e548  sciEnterResetState                    
0000e568  sciExitResetState                     
0000e068  sciInit                               
0000e368  sciIsIdleDetected                     
0000e34c  sciIsRxReady                          
0000e22c  sciIsTxReady                          
00011050  sciNotification                       
0000e3e0  sciReceive                            
0000e3b4  sciReceiveByte                        
0000e384  sciRxError                            
0000e278  sciSend                               
0000e248  sciSendByte                           
000100e8  sciSendData                           
0000e174  sciSetBaudrate                        
0000e154  sciSetFunctional                      
0000e5a0  scilinGetConfigValue                  
00008020  selftestFailNotification              
0000c450  setupFlash                            
0000c38c  setupPLL                              
080038a4  sim_ok                                
000101c4  sltoa                                 
000142a4  sprintf                               
00012490  sqrt                                  
00012490  sqrtl                                 
0000cc30  sramGetConfigValue                    
00009ef8  stcGetConfigValue                     
000081b8  stcSelfCheck                          
00008df8  stcSelfCheckFail                      
000146b0  strchr                                
000146d8  strcmp                                
00014744  strcpy                                
000145a0  strcspn                               
00014724  strlen                                
00014554  strspn                                
0000edb0  strtod                                
000141d8  strtok                                
0000edb0  strtold                               
0000c6c4  systemGetConfigValue                  
0000c5c8  systemInit                            
0000c694  systemPowerDown                       
0000ca84  tcmflashGetConfigValue                
08003870  telemetry_ON                          
0000c3dc  trimLPO                               
080038bc  ulCriticalNesting                     
00004c44  ulPortCountLeadingZeros               
080038c0  ulTaskHasFPUContext                   
00002390  ulTaskNotifyTake                      
00011fd4  uxListRemove                          
00003910  uxQueueMessagesWaiting                
00003994  uxQueueMessagesWaitingFromISR         
00003948  uxQueueSpacesAvailable                
00001348  uxTaskGetNumberOfTasks                
0000223c  uxTaskGetStackHighWaterMark           
00000994  uxTaskPriorityGet                     
000009d8  uxTaskPriorityGetFromISR              
00002354  uxTaskResetEventItemValue             
0000456c  vEventGroupClearBitsCallback          
000044cc  vEventGroupDelete                     
00004550  vEventGroupSetBitsCallback            
00011e28  vListInitialise                       
00011e80  vListInitialiseItem                   
00011f10  vListInsert                           
00011e9c  vListInsertEnd                        
0000497c  vPortEndScheduler                     
00004fb8  vPortFree                             
000050c8  vPortInitialiseBlocks                 
00004b84  vPortPreemptiveTick                   
00004c4c  vPortSWI                              
000049b4  vPortStartFirstTask                   
000046e4  vPortStoreTaskMPUSettings             
00004ad0  vPortYeildWithinAPI                   
00004a24  vPortYieldProcessor                   
000039c4  vQueueDelete                          
00010fe8  vSensors                              
00002064  vTaskAllocateMPURegions               
0000080c  vTaskDelay                            
000006a0  vTaskDelayUntil                       
00000538  vTaskDelete                           
00001084  vTaskEndScheduler                     
00001f08  vTaskMissedYield                      
00002954  vTaskNotifyGiveFromISR                
00001ad0  vTaskPlaceOnEventList                 
00001b14  vTaskPlaceOnUnorderedEventList        
00000a20  vTaskPrioritySet                      
00000e20  vTaskResume                           
00001f94  vTaskSetThreadLocalStoragePointer     
00001d90  vTaskSetTimeOutState                  
00000fec  vTaskStartScheduler                   
0000166c  vTaskStepTick                         
00000c18  vTaskSuspend                          
000010a0  vTaskSuspendAll                       
000019f0  vTaskSwitchContext                    
00010f3c  vTelemetry                            
00010ec0  vWaitToStart                          
0000d8a0  vimChannelMap                         
0000da9c  vimDisableInterrupt                   
0000d944  vimEnableInterrupt                    
0000db20  vimGetConfigValue                     
0000d7cc  vimInit                               
00008e00  vimParityCheck                        
00011bc0  vimParityErrorHandler                 
00014700  wcslen                                
00004268  xEventGroupClearBits                  
00003dd8  xEventGroupCreate                     
000042ec  xEventGroupGetBitsFromISR             
0000431c  xEventGroupSetBits                    
00003e14  xEventGroupSync                       
00004014  xEventGroupWaitBits                   
000050b0  xPortGetFreeHeapSize                  
000050bc  xPortGetMinimumEverFreeHeapSize       
00004958  xPortStartScheduler                   
00002d24  xQueueGenericCreate                   
000033fc  xQueueGenericReceive                  
00002bfc  xQueueGenericReset                    
00002e40  xQueueGenericSend                     
00003100  xQueueGenericSendFromISR              
00003290  xQueueGiveFromISR                     
00003cfc  xQueueIsQueueEmptyFromISR             
00003d88  xQueueIsQueueFullFromISR              
0000381c  xQueuePeekFromISR                     
000036d4  xQueueReceiveFromISR                  
000016c8  xTaskAbortDelay                       
00001dd0  xTaskCheckForTimeOut                  
000000fc  xTaskCreate                           
00000020  xTaskCreateRestricted                 
00002580  xTaskGenericNotify                    
00002754  xTaskGenericNotifyFromISR             
0000152c  xTaskGetHandle                        
00001634  xTaskGetIdleTaskHandle                
00002304  xTaskGetSchedulerState                
00001308  xTaskGetTickCount                     
00001324  xTaskGetTickCountFromISR              
000017c8  xTaskIncrementTick                    
00012f84  xTaskNotifyStateClear                 
00002468  xTaskNotifyWait                       
00001b98  xTaskRemoveFromEventList              
00001c88  xTaskRemoveFromUnorderedEventList     
00001158  xTaskResumeAll                        
00000f04  xTaskResumeFromISR                    
08003840  xTelemetryHandle                      
08003844  xWTStartHandle                        


GLOBAL SYMBOLS: SORTED BY Symbol Address 

address   name                                  
-------   ----                                  
00000000  __TI_static_base__                    
00000000  resetEntry                            
00000020  xTaskCreateRestricted                 
000000fc  xTaskCreate                           
00000538  vTaskDelete                           
000006a0  vTaskDelayUntil                       
0000080c  vTaskDelay                            
00000890  eTaskGetState                         
00000994  uxTaskPriorityGet                     
000009d8  uxTaskPriorityGetFromISR              
00000a20  vTaskPrioritySet                      
00000c18  vTaskSuspend                          
00000e20  vTaskResume                           
00000f04  xTaskResumeFromISR                    
00000fec  vTaskStartScheduler                   
00001084  vTaskEndScheduler                     
000010a0  vTaskSuspendAll                       
00001158  xTaskResumeAll                        
00001308  xTaskGetTickCount                     
00001324  xTaskGetTickCountFromISR              
00001348  uxTaskGetNumberOfTasks                
00001354  pcTaskGetName                         
0000152c  xTaskGetHandle                        
00001634  xTaskGetIdleTaskHandle                
0000166c  vTaskStepTick                         
000016c8  xTaskAbortDelay                       
000017c8  xTaskIncrementTick                    
000019f0  vTaskSwitchContext                    
00001ad0  vTaskPlaceOnEventList                 
00001b14  vTaskPlaceOnUnorderedEventList        
00001b98  xTaskRemoveFromEventList              
00001c88  xTaskRemoveFromUnorderedEventList     
00001d90  vTaskSetTimeOutState                  
00001dd0  xTaskCheckForTimeOut                  
00001f08  vTaskMissedYield                      
00001f18  eTaskConfirmSleepModeStatus           
00001f94  vTaskSetThreadLocalStoragePointer     
00001ff8  pvTaskGetThreadLocalStoragePointer    
00002064  vTaskAllocateMPURegions               
0000223c  uxTaskGetStackHighWaterMark           
00002304  xTaskGetSchedulerState                
00002354  uxTaskResetEventItemValue             
00002390  ulTaskNotifyTake                      
00002468  xTaskNotifyWait                       
00002580  xTaskGenericNotify                    
00002754  xTaskGenericNotifyFromISR             
00002954  vTaskNotifyGiveFromISR                
00002bfc  xQueueGenericReset                    
00002d24  xQueueGenericCreate                   
00002e40  xQueueGenericSend                     
00003100  xQueueGenericSendFromISR              
00003290  xQueueGiveFromISR                     
000033fc  xQueueGenericReceive                  
000036d4  xQueueReceiveFromISR                  
0000381c  xQueuePeekFromISR                     
00003910  uxQueueMessagesWaiting                
00003948  uxQueueSpacesAvailable                
00003994  uxQueueMessagesWaitingFromISR         
000039c4  vQueueDelete                          
00003cfc  xQueueIsQueueEmptyFromISR             
00003d88  xQueueIsQueueFullFromISR              
00003dd8  xEventGroupCreate                     
00003e14  xEventGroupSync                       
00004014  xEventGroupWaitBits                   
00004268  xEventGroupClearBits                  
000042ec  xEventGroupGetBitsFromISR             
0000431c  xEventGroupSetBits                    
000044cc  vEventGroupDelete                     
00004550  vEventGroupSetBitsCallback            
0000456c  vEventGroupClearBitsCallback          
000045f4  pxPortInitialiseStack                 
000046e4  vPortStoreTaskMPUSettings             
00004958  xPortStartScheduler                   
0000497c  vPortEndScheduler                     
000049b4  vPortStartFirstTask                   
00004a24  vPortYieldProcessor                   
00004ad0  vPortYeildWithinAPI                   
00004b84  vPortPreemptiveTick                   
00004c44  ulPortCountLeadingZeros               
00004c4c  vPortSWI                              
00004d08  prvMpuSetRegion                       
00004d20  prvMpuEnable                          
00004d38  prvMpuDisable                         
00004d60  pvPortMalloc                          
00004fb8  vPortFree                             
000050b0  xPortGetFreeHeapSize                  
000050bc  xPortGetMinimumEverFreeHeapSize       
000050c8  vPortInitialiseBlocks                 
00005130  __TI_Handler_Table_Base               
0000513c  __TI_Handler_Table_Limit              
00005158  __TI_CINIT_Base                       
00005178  __TI_CINIT_Limit                      
00008020  selftestFailNotification              
00008030  ccmSelfCheck                          
00008174  memoryInit                            
000081b8  stcSelfCheck                          
00008234  cpuSelfTest                           
000082cc  pbistSelfCheck                        
000084ac  pbistRun                              
00008578  pbistStop                             
000085a8  pbistIsTestCompleted                  
000085d4  pbistIsTestPassed                     
00008608  pbistPortTestStatus                   
00008660  efcCheck                              
000086e8  efcStuckZeroTest                      
00008794  efcSelfTest                           
000087bc  checkefcSelfTest                      
0000885c  fmcBus2Check                          
00008898  fmcECCcheck                           
00008938  checkB0RAMECC                         
00008b28  checkB1RAMECC                         
00008d18  checkFlashECC                         
00008df4  custom_dabort                         
00008df8  stcSelfCheckFail                      
00008dfc  cpuSelfTestFail                       
00008e00  vimParityCheck                        
00008eac  het1ParityCheck                       
00008f4c  htu1ParityCheck                       
00009004  adc1ParityCheck                       
000090bc  can1ParityCheck                       
00009198  can2ParityCheck                       
00009260  mibspi1ParityCheck                    
000093bc  checkRAMECC                           
00009604  checkClockMonitor                     
000096d8  checkFlashEEPROMECC                   
00009880  checkPLL1Slip                         
0000999c  checkRAMAddrParity                    
00009aa4  checkRAMUERRTest                      
00009c00  fmcBus1ParityCheck                    
00009d2c  pbistFail                             
00009db0  pbistGetConfigValue                   
00009ef8  stcGetConfigValue                     
00009f98  efcGetConfigValue                     
0000a034  ccmr4GetConfigValue                   
0000a0b0  errata_PBIST_4                        
0000a3d0  enableParity                          
0000a424  disableParity                         
0000a510  __TI_printfi                          
0000b528  pow                                   
0000b528  powl                                  
0000c38c  setupPLL                              
0000c3dc  trimLPO                               
0000c450  setupFlash                            
0000c490  periphInit                            
0000c4e4  mapClocks                             
0000c5c8  systemInit                            
0000c694  systemPowerDown                       
0000c6c4  systemGetConfigValue                  
0000ca84  tcmflashGetConfigValue                
0000cc30  sramGetConfigValue                    
0000cd6c  customTrimLPO                         
0000ce2c  MPU_xTaskCreate                       
0000ce90  MPU_xTaskCreateRestricted             
0000ced4  MPU_vTaskAllocateMPURegions           
0000cf08  MPU_vTaskDelete                       
0000cf34  MPU_vTaskDelay                        
0000cf60  MPU_vTaskDelayUntil                   
0000cf94  MPU_xTaskAbortDelay                   
0000cfc8  MPU_uxTaskPriorityGet                 
0000cffc  MPU_eTaskGetState                     
0000d030  MPU_vTaskPrioritySet                  
0000d064  MPU_vTaskSuspend                      
0000d090  MPU_vTaskResume                       
0000d0bc  MPU_vTaskSuspendAll                   
0000d0e0  MPU_xTaskResumeAll                    
0000d10c  MPU_xTaskGetTickCount                 
0000d138  MPU_uxTaskGetNumberOfTasks            
0000d164  MPU_pcTaskGetName                     
0000d198  MPU_xTaskGetHandle                    
0000d1cc  MPU_uxTaskGetStackHighWaterMark       
0000d200  MPU_vTaskSetThreadLocalStoragePointer 
0000d244  MPU_pvTaskGetThreadLocalStoragePointer
0000d288  MPU_xTaskGetIdleTaskHandle            
0000d2b4  MPU_xTaskGenericNotify                
0000d308  MPU_xTaskNotifyWait                   
0000d35c  MPU_ulTaskNotifyTake                  
0000d3a0  MPU_xTaskNotifyStateClear             
0000d3d4  MPU_vTaskSetTimeOutState              
0000d400  MPU_xTaskCheckForTimeOut              
0000d444  MPU_xTaskGetSchedulerState            
0000d470  MPU_xQueueGenericSend                 
0000d4c4  MPU_xQueueGenericReceive              
0000d518  MPU_uxQueueMessagesWaiting            
0000d54c  MPU_uxQueueSpacesAvailable            
0000d580  MPU_vQueueDelete                      
0000d5ac  MPU_xQueueGenericCreate               
0000d5f8  MPU_xQueueGenericReset                
0000d63c  MPU_xEventGroupCreate                 
0000d668  MPU_xEventGroupWaitBits               
0000d6c4  MPU_xEventGroupClearBits              
0000d708  MPU_xEventGroupSetBits                
0000d74c  MPU_xEventGroupSync                   
0000d7a0  MPU_vEventGroupDelete                 
0000d7cc  vimInit                               
0000d8a0  vimChannelMap                         
0000d944  vimEnableInterrupt                    
0000da9c  vimDisableInterrupt                   
0000db20  vimGetConfigValue                     
0000e068  sciInit                               
0000e154  sciSetFunctional                      
0000e174  sciSetBaudrate                        
0000e22c  sciIsTxReady                          
0000e248  sciSendByte                           
0000e278  sciSend                               
0000e34c  sciIsRxReady                          
0000e368  sciIsIdleDetected                     
0000e384  sciRxError                            
0000e3b4  sciReceiveByte                        
0000e3e0  sciReceive                            
0000e480  sciEnableLoopback                     
0000e4b4  sciDisableLoopback                    
0000e4d0  sciEnableNotification                 
0000e50c  sciDisableNotification                
0000e548  sciEnterResetState                    
0000e568  sciExitResetState                     
0000e5a0  scilinGetConfigValue                  
0000e74c  _errata_SSWF021_45_both_plls          
0000e940  _errata_SSWF021_45_pll1               
0000eab8  _errata_SSWF021_45_pll2               
0000edb0  strtod                                
0000edb0  strtold                               
0000f414  getCommand                            
0000f4a4  getSPTelemetry                        
0000f620  findCommand                           
0000f7e0  commCX                                
0000f834  commST                                
0000f8c4  commSIM                               
0000f948  commSP1X                              
0000f97c  commSP2X                              
0000f9b0  commSIMP                              
0000fa5c  esmInit                               
0000fb64  esmError                              
0000fb80  esmEnableError                        
0000fba8  esmDisableError                       
0000fbd0  esmTriggerErrorPinReset               
0000fbe0  esmActivateNormalOperation            
0000fbf0  esmEnableInterrupt                    
0000fc18  esmDisableInterrupt                   
0000fc40  esmSetInterruptLevel                  
0000fcb4  esmClearStatus                        
0000fcf4  esmClearStatusBuffer                  
0000fd10  esmSetCounterPreloadValue             
0000fd30  esmGetStatus                          
0000fdb4  esmGetStatusBuffer                    
0000fdec  esmEnterSelfTest                      
0000fe74  esmSelfTestStatus                     
0000fec4  esmGetConfigValue                     
00010018  createTelemetryPacket                 
000100e8  sciSendData                           
000101c4  sltoa                                 
00010288  ftoa                                  
000103bc  linLowLevelInterrupt                  
00010564  linHighLevelInterrupt                 
00010740  gioInit                               
000107d4  gioSetDirection                       
000107f4  gioSetBit                             
00010844  gioSetPort                            
00010864  gioGetBit                             
0001088c  gioGetPort                            
000108a4  gioToggleBit                          
000108fc  gioEnableNotification                 
00010938  gioDisableNotification                
00010974  gioGetConfigValue                     
00010e10  main                                  
00010ec0  vWaitToStart                          
00010f3c  vTelemetry                            
00010fe8  vSensors                              
00011050  sciNotification                       
00011100  _coreInitRegisters_                   
000111b8  _coreInitStackPointer_                
00011204  _getCPSRValue_                        
0001120c  _gotoCPUIdle_                         
00011224  _coreEnableEventBusExport_            
00011234  _coreDisableEventBusExport_           
00011244  _coreEnableRamEcc_                    
00011254  _coreDisableRamEcc_                   
00011264  _coreEnableFlashEcc_                  
00011278  _coreDisableFlashEcc_                 
00011288  _coreEnableIrqVicOffset_              
00011298  _coreGetDataFault_                    
000112a0  _coreClearDataFault_                  
000112ac  _coreGetInstructionFault_             
000112b4  _coreClearInstructionFault_           
000112c0  _coreGetDataFaultAddress_             
000112c8  _coreClearDataFaultAddress_           
000112d4  _coreGetInstructionFaultAddress_      
000112dc  _coreClearInstructionFaultAddress_    
000112e8  _coreGetAuxiliaryDataFault_           
000112f0  _coreClearAuxiliaryDataFault_         
000112fc  _coreGetAuxiliaryInstructionFault_    
00011304  _coreClearAuxiliaryInstructionFault_  
00011310  _disable_interrupt_                   
00011318  _disable_FIQ_interrupt_               
00011320  _disable_IRQ_interrupt_               
00011328  _enable_interrupt_                    
00011330  _esmCcmErrorsClear_                   
000113b8  _errata_CORTEXR4_66_                  
000113c8  __TI_PINIT_Base                       
000113cc  __TI_PINIT_Limit                      
00011690  __aeabi_uldivmod                      
00011bc0  vimParityErrorHandler                 
00011e28  vListInitialise                       
00011e80  vListInitialiseItem                   
00011e9c  vListInsertEnd                        
00011f10  vListInsert                           
00011fd4  uxListRemove                          
00012060  _c_int00                              
0001227c  __aeabi_dsub                          
00012288  __aeabi_dadd                          
00012490  sqrt                                  
00012490  sqrtl                                 
00012b8c  __aeabi_ddiv                          
00012d1c  __aeabi_memcpy                        
00012d1c  __aeabi_memcpy4                       
00012d1c  __aeabi_memcpy8                       
00012d1c  memcpy                                
00012f84  xTaskNotifyStateClear                 
00013000  floor                                 
00013000  floorl                                
00013158  muxInit                               
000131e0  pinmuxGetConfigValue                  
000132a8  __aeabi_fsub                          
000132ac  __aeabi_fadd                          
000133dc  __aeabi_dmul                          
00013504  ldexp                                 
00013504  ldexpl                                
00013504  scalbn                                
00013504  scalbnl                               
0001373c  esmHighInterrupt                      
00013828  _dabort                               
00013910  __aeabi_cdcmpeq                       
00013910  __aeabi_cdcmple                       
000139f0  __aeabi_cdrcmple                      
00013ad0  _pmuInit_                             
00013b1c  _pmuEnableCountersGlobal_             
00013b2c  _pmuDisableCountersGlobal_            
00013b3c  _pmuResetCycleCounter_                
00013b4c  _pmuResetEventCounters_               
00013b5c  _pmuResetCounters_                    
00013b6c  _pmuStartCounters_                    
00013b74  _pmuStopCounters_                     
00013b7c  _pmuSetCountEvent_                    
00013b88  _pmuGetCycleCount_                    
00013b90  _pmuGetEventCount_                    
00013b9c  _pmuGetOverflow_                      
00013c78  __aeabi_memclr                        
00013c78  __aeabi_memclr4                       
00013c78  __aeabi_memclr8                       
00013c7c  __aeabi_memset                        
00013c7c  __aeabi_memset4                       
00013c7c  __aeabi_memset8                       
00013c88  memset                                
00013d28  __aeabi_d2f                           
00013e5c  __TI_decompress_lzss                  
00013f70  atoi                                  
00013ff4  ltoa                                  
00014074  esmGroup1Notification                 
00014084  esmGroup2Notification                 
00014094  memoryPort0TestFailNotification       
000140b0  memoryPort1TestFailNotification       
000140cc  gioNotification                       
000140f4  frexp                                 
000140f4  frexpl                                
00014170  __TI_auto_init_nobinit_nopinit        
000141d8  strtok                                
000142a4  sprintf                               
00014308  __aeabi_d2iz                          
00014364  __aeabi_f2d                           
000143c0  __aeabi_d2uiz                         
00014418  __aeabi_idiv                          
00014418  __aeabi_idivmod                       
0001446c  __aeabi_uidiv                         
0001446c  __aeabi_uidivmod                      
000144bc  __aeabi_f2iz                          
00014508  __aeabi_i2f                           
00014554  strspn                                
000145a0  strcspn                               
000145e4  __aeabi_i2d                           
00014620  __aeabi_ui2d                          
00014684  memccpy                               
000146b0  strchr                                
000146d8  strcmp                                
00014700  wcslen                                
00014724  strlen                                
00014744  strcpy                                
00014770  __TI_decompress_none                  
00014784  __TI_zero_init                        
00014794  __aeabi_errno_addr                    
000147a0  copysign                              
000147a0  copysignl                             
000147ac  C$$EXIT                               
000147ac  abort                                 
000147b4  atof                                  
000147bc  phantomInterrupt                      
000147c0  __aeabi_idiv0                         
000147c0  __aeabi_ldiv0                         
000147c4  handlePLLLockFail                     
00014948  _ctypes_                              
080008d0  pxCurrentTCB                          
08003000  command                               
08003828  CMD_KEY                               
08003840  xTelemetryHandle                      
08003844  xWTStartHandle                        
08003848  buff_size                             
0800384c  MISSION_TIME                          
08003850  PACKET_COUNT                          
08003854  MODE                                  
08003855  SP1_RELEASED                          
08003856  SP2_RELEASED                          
08003857  STATE                                 
08003858  SP1_PC                                
0800385c  SP2_PC                                
08003860  ALTITUDE_BAR                          
08003864  PRESS_BAR                             
08003868  TEMPERATURE                           
0800386c  VOLT_BATT                             
08003870  telemetry_ON                          
08003871  SP_ON                                 
08003878  commands                              
080038a0  commandsTam                           
080038a4  sim_ok                                
080038a8  cmd_cont                              
080038ac  cALTITUDE_BAR                         
080038b4  cTEMPERATURE                          
080038bc  ulCriticalNesting                     
080038c0  ulTaskHasFPUContext                   
080038c4  cPACKET_COUNT                         
080038ca  cSP1_PC                               
080038d0  cSP2_PC                               
080038d6  SP1_ALTITUDE                          
080038da  SP1_MISSION_TIME                      
080038de  SP1_PACKET_COUNT                      
080038e2  SP1_PACKET_TYPE                       
080038e6  SP1_ROTATION_RATE                     
080038ea  SP1_TEMPERATURE                       
080038ee  SP2_ALTITUDE                          
080038f2  SP2_MISSION_TIME                      
080038f6  SP2_PACKET_COUNT                      
080038fa  SP2_PACKET_TYPE                       
080038fe  SP2_ROTATION_RATE                     
08003902  SP2_TEMPERATURE                       
08003908  errno                                 
ffffffff  __TI_pprof_out_hndl                   
ffffffff  __TI_prof_data_size                   
ffffffff  __TI_prof_data_start                  
ffffffff  __binit__                             
ffffffff  __c_args__                            
ffffffff  binit                                 
UNDEFED   SHT$$INIT_ARRAY$$Base                 
UNDEFED   SHT$$INIT_ARRAY$$Limit                
UNDEFED   _system_post_cinit                    

[451 symbols]
